[backblue.gif]
[fade.gif]
[index.html]
[www.agentanything.com/index.html]
[www.agentanything.com/index-2.html]
[www.agentanything.com/register-your-interest.html]
[www.agentanything.com/login/index.html]
[www.agentanything.com/signup/index.html]
[www.agentanything.com/errands/post/wizard/index.html]
[twitter.com/statuses/user_timeline/196447396.rss]
[www.agentanything.com/errands/index.html]
[www.agentanything.com/how-it-works/index.html]
[www.agentanything.com/errands/post/wizard/indexfdaf.html]
[www.agentanything.com/privacy-policy/index.html]
[www.agentanything.com/terms-of-use/index.html]
[www.agentanything.com/contact-us/index.html]
[www.agentanything.com/how-it-works/client-faqs/how-to-post-a-mission/index.html]
[www.agentanything.com/errands/examples/index.html]
[www.agentanything.com/members/index0ffc.html]
[www.agentanything.com/how-it-works/agent-faqs/how-to-run-a-mission/index.html]
[www.agentanything.com/how-it-works/client-faqs/index.html]
[www.agentanything.com/how-it-works/agent-faqs/index.html]
[www.agentanything.com/members/index.html]
[www.agentanything.com/signup/agent/index29e0.html]
[www.agentanything.com/signup/poster/index29e0.html]
[www.agentanything.com/errands/post/wizard/step1/index.html]
[www.agentanything.com/errands/wait-in-line-for-ipad2-1.html]
[www.agentanything.com/errands/review-text-in-english-9.html]
[www.agentanything.com/errands/deliver-sub-sandwiches-1.html]
[www.agentanything.com/errands/just-bring-10-people-to-see-a-new-indie-band.html]
[www.agentanything.com/errands/get-paid-to-bring-10-people-to-see-a-new-indie-band.html]
[www.agentanything.com/errands/create-2-illustrations-to-accompany-a-short-narrative-1.html]
[www.agentanything.com/errands/need-clients-for-my-daycare-baby-cubs-daycare-inc-3.html]
[www.agentanything.com/errands/index7404.html]
[www.agentanything.com/colleges.html]
[www.agentanything.com/how-it-works/agent-faqs.html]
[www.agentanything.com/how-it-works/client-faqs.html]
[www.agentanything.com/terms-of-use.html]
[www.agentanything.com/errands/post/wizard.html]
[www.agentanything.com/errands/clean-my-apartment-2.html]
[www.agentanything.com/errands/pickup-packages-on-east-14th-street-3.html]
[www.agentanything.com/errands/move-lps.html]
[www.agentanything.com/errands/burn-logos-and-images-on-a-dvd-player-for-use-on-tv-screens.html]
[www.agentanything.com/errands/pick-up-stuff-from-babies-r-us.html]
[www.agentanything.com/errands/loading-a-small-moving-truck.html]
[www.agentanything.com/errands/the-carlyle.html]
[www.agentanything.com/members/index46d4.html]
[www.agentanything.com/members/indexf80c.html]
[www.agentanything.com/members/indexb521.html]
[www.agentanything.com/members/index234e.html]
[www.agentanything.com/members/index89c7.html]
[www.agentanything.com/members/indexf5c4.html]
[www.agentanything.com/members/indexa7f6.html]
[www.agentanything.com/errands.html]
[www.agentanything.com/contact-us.html]
[www.agentanything.com/how-it-works/client-faqs/my-validation-e-mail-hasn-t-come-through-what-can-i-do/index.html]
[www.agentanything.com/how-it-works/client-faqs/can-i-choose-which-agent-runs-my-mission/index.html]
[www.agentanything.com/how-it-works/client-faqs/why-let-only-students-become-agents/index.html]
[www.agentanything.com/how-it-works/client-faqs/i-need-to-find-hire-more-than-one-agent-for-the-same-mission/index.html]
[www.agentanything.com/colleges/index.html]
[www.agentanything.com/members/index3214.html]
[www.agentanything.com/members/index16fa.html]
[www.agentanything.com/members/indexe0a2.html]
[www.agentanything.com/members/indexcd83.html]
[www.agentanything.com/members/index2532.html]
[www.agentanything.com/members/index003f.html]
[www.agentanything.com/errands/business-plan-for-progressive-startup-online-mens-fashion-company-3.html]
[www.agentanything.com/errands/remove-old-kitchen-sink-fixtures-install-new-1.html]
[www.agentanything.com/errands/seo-andamp-link-building.html]
[www.agentanything.com/errands/paint-my-apartment.html]
[www.agentanything.com/errands/index4cf2.html]
[www.agentanything.com/members/index6a18.html]
[www.agentanything.com/members/index8187.html]
[www.agentanything.com/members/indexe986.html]
[www.agentanything.com/members/index45a4.html]
[www.agentanything.com/members/indexd6ea.html]
[www.agentanything.com/members/indexbe8a.html]
[www.agentanything.com/members/index4a8f.html]
[www.agentanything.com/members/index71bc.html]
[www.agentanything.com/members/index82d7.html]
[www.agentanything.com/members/index419f.html]
[www.agentanything.com/members/index1a74.html]
[www.agentanything.com/members/index35b6.html]
[www.agentanything.com/members/index23d8.html]
[www.agentanything.com/members/index959b.html]
[www.agentanything.com/members/index810d.html]
[www.agentanything.com/members/index3eca.html]
[www.agentanything.com/members/indexc0dc.html]
[www.agentanything.com/members/index42fb.html]
[www.agentanything.com/members/index46da.html]
[www.agentanything.com/members/index4824.html]
[www.agentanything.com/members/index53e1.html]
[www.agentanything.com/members/indexa235.html]
[www.agentanything.com/members/index2b8b.html]
[www.agentanything.com/members/index7526.html]
[www.agentanything.com/members/index0707.html]
[www.agentanything.com/members/indexd20c.html]
[www.agentanything.com/members/indexada8.html]
[www.agentanything.com/members/indexd7ab.html]
[www.agentanything.com/errands/getjsonmission/index.html]
[www.agentanything.com/errands/examples/getjsonmission/index.html]
[www.agentanything.com/members/index4a52.html]
[www.agentanything.com/members/indexd59c.html]
[www.agentanything.com/members/index0563.html]
[www.agentanything.com/members/index958a.html]
[www.agentanything.com/members/index129a.html]
[www.agentanything.com/members/index2d85.html]
[www.agentanything.com/members/index2626.html]
[www.agentanything.com/members/index9633.html]
[www.agentanything.com/members/index1a92.html]
[www.agentanything.com/members/indexf623.html]
[www.agentanything.com/members/indexd906.html]
[www.agentanything.com/members/indexb51c.html]
[www.agentanything.com/members/index93ef.html]
[www.agentanything.com/members/index8cbe.html]
[www.agentanything.com/members/index2975.html]
[www.agentanything.com/members/indexf7f4.html]
[www.agentanything.com/members/index4cf0.html]
[www.agentanything.com/members/index448f.html]
[www.agentanything.com/members/indexe2da.html]
[www.agentanything.com/members/indexbf65.html]
[www.agentanything.com/members/index0e37.html]
[www.agentanything.com/members/index78b5.html]
[www.agentanything.com/members/indexe1bb.html]
[www.agentanything.com/members/index2e52.html]
[www.agentanything.com/members/index1c12.html]
[www.agentanything.com/members/index2c90.html]
[www.agentanything.com/members/index0ac8.html]
[www.agentanything.com/members/indexa069.html]
[www.agentanything.com/members/index0e11.html]
[www.agentanything.com/members/index10f7.html]
[www.agentanything.com/members/index85c2.html]
[www.agentanything.com/members/index6762.html]
[www.agentanything.com/members/index20cb.html]
[www.agentanything.com/members/indexc3b9.html]
[www.agentanything.com/members/indexdce3.html]
[www.agentanything.com/members/index670a.html]
[www.agentanything.com/members/index3c5f.html]
[www.agentanything.com/members/index65b0.html]
[www.agentanything.com/members/index8c28.html]
[www.agentanything.com/members/indexa74b.html]
[www.agentanything.com/members/index2236.html]
[www.agentanything.com/members/index4a6d.html]
[www.agentanything.com/members/indexc530.html]
[www.agentanything.com/members/index6b04.html]
[www.agentanything.com/members/indexe6a4.html]
[www.agentanything.com/members/index8987.html]
[www.agentanything.com/members/index0371.html]
[www.agentanything.com/members/indexc525.html]
[www.agentanything.com/members/index0393.html]
[www.agentanything.com/members/index5ddf.html]
[www.agentanything.com/members/indexf062.html]
[www.agentanything.com/members/index5e26.html]
[www.agentanything.com/members/index53dd.html]
[www.agentanything.com/members/indexd41c.html]
[www.agentanything.com/members/indexab02.html]
[www.agentanything.com/members/indexb8e9.html]
[www.agentanything.com/members/index76c7.html]
[www.agentanything.com/members/indexf6e0.html]
[www.agentanything.com/members/index3fe9.html]
[www.agentanything.com/members/indexb2cb.html]
[www.agentanything.com/members/index0d69.html]
[www.agentanything.com/members/indexaa80.html]
[www.agentanything.com/members/index5d0e.html]
[www.agentanything.com/members/indexa48a.html]
[www.agentanything.com/files/avatars/6268b31.jpg]
[www.agentanything.com/files/avatars/6438b31.jpg]
[www.agentanything.com/members/index9d77.html]
[www.agentanything.com/files/avatars/17470b93.jpg]
[www.agentanything.com/files/avatars/14380b93.jpg]
[www.agentanything.com/members/indexad5b.html]
[www.agentanything.com/files/avatars/1747007d.jpg]
[www.agentanything.com/files/avatars/1438007d.jpg]
[www.agentanything.com/members/index2c43.html]
[www.agentanything.com/files/avatars/174747a0.jpg]
[www.agentanything.com/files/avatars/143847a0.jpg]
[www.agentanything.com/members/indexf264.html]
[www.agentanything.com/files/avatars/174700e9.jpg]
[www.agentanything.com/files/avatars/143800e9.jpg]
[www.agentanything.com/members/index791b.html]
[www.agentanything.com/files/avatars/17471ed2.jpg]
[www.agentanything.com/files/avatars/14381ed2.jpg]
[www.agentanything.com/members/indexc978.html]
[www.agentanything.com/files/avatars/1747553a.jpg]
[www.agentanything.com/files/avatars/1438553a.jpg]
[www.agentanything.com/members/index194a.html]
[www.agentanything.com/files/avatars/17475258.jpg]
[www.agentanything.com/files/avatars/14385258.jpg]
[www.agentanything.com/files/avatars/4445258.jpg]
[www.agentanything.com/files/avatars/4485258.jpg]
[www.agentanything.com/files/avatars/4625258.jpg]
[www.agentanything.com/files/avatars/4655258.jpg]
[www.agentanything.com/members/indexfc1b.html]
[www.agentanything.com/files/avatars/1747aa1a.jpg]
[www.agentanything.com/files/avatars/1438aa1a.jpg]
[www.agentanything.com/members/index41e5.html]
[www.agentanything.com/files/avatars/17478ead.jpg]
[www.agentanything.com/files/avatars/14388ead.jpg]
[www.agentanything.com/files/avatars/4968ead.jpg]
[www.agentanything.com/members/index8eb9.html]
[www.agentanything.com/files/avatars/1747ad9c.jpg]
[www.agentanything.com/files/avatars/1438ad9c.jpg]
[www.agentanything.com/files/avatars/513ad9c.jpg]
[www.agentanything.com/files/avatars/515ad9c.jpg]
[www.agentanything.com/files/avatars/521ad9c.jpg]
[www.agentanything.com/members/index5a1a.html]
[www.agentanything.com/files/avatars/1747307a.jpg]
[www.agentanything.com/files/avatars/1438307a.jpg]
[www.agentanything.com/files/avatars/543307a.jpg]
[www.agentanything.com/members/indexbc89.html]
[www.agentanything.com/files/avatars/17478e7c.jpg]
[www.agentanything.com/files/avatars/14388e7c.jpg]
[www.agentanything.com/members/index6542.html]
[www.agentanything.com/files/avatars/1747deeb.jpg]
[www.agentanything.com/files/avatars/1438deeb.jpg]
[www.agentanything.com/members/indexe7cd.html]
[www.agentanything.com/files/avatars/174776f6.jpg]
[www.agentanything.com/files/avatars/143876f6.jpg]
[www.agentanything.com/members/indexc5b7.html]
[www.agentanything.com/files/avatars/174703a4.jpg]
[www.agentanything.com/files/avatars/143803a4.jpg]
[www.agentanything.com/members/index6518.html]
[www.agentanything.com/files/avatars/17475800.jpg]
[www.agentanything.com/files/avatars/14385800.jpg]
[www.agentanything.com/members/index6d5a.html]
[www.agentanything.com/files/avatars/174772e0.jpg]
[www.agentanything.com/files/avatars/143872e0.jpg]
[www.agentanything.com/members/index1c08.html]
[www.agentanything.com/files/avatars/17475bb1.jpg]
[www.agentanything.com/files/avatars/14385bb1.jpg]
[www.agentanything.com/files/avatars/2755bb1.jpg]
[www.agentanything.com/files/avatars/28270e5.jpg]
[www.agentanything.com/members/index23cf.html]
[www.agentanything.com/files/avatars/1747f530.jpg]
[www.agentanything.com/files/avatars/1438f530.jpg]
[www.agentanything.com/members/indexcf74.html]
[www.agentanything.com/files/avatars/17476a5d.jpg]
[www.agentanything.com/files/avatars/14386a5d.jpg]
[www.agentanything.com/members/index893f.html]
[www.agentanything.com/files/avatars/174777f8.jpg]
[www.agentanything.com/files/avatars/143877f8.jpg]
[www.agentanything.com/files/avatars/31477f8.jpg]
[www.agentanything.com/members/index36f1.html]
[www.agentanything.com/files/avatars/1747a05a.jpg]
[www.agentanything.com/files/avatars/1438a05a.jpg]
[www.agentanything.com/members/index14dc.html]
[www.agentanything.com/files/avatars/17477121.jpg]
[www.agentanything.com/files/avatars/14387121.jpg]
[www.agentanything.com/members/index968f.html]
[www.agentanything.com/files/avatars/174732f9.jpg]
[www.agentanything.com/members/index06cf.html]
[www.agentanything.com/files/avatars/143832f9.jpg]
[www.agentanything.com/files/avatars/1747e1b9.jpg]
[www.agentanything.com/files/avatars/1438e1b9.jpg]
[www.agentanything.com/members/index17f5.html]
[www.agentanything.com/files/avatars/1747e985.jpg]
[www.agentanything.com/files/avatars/1438e985.jpg]
[www.agentanything.com/members/index63f9.html]
[www.agentanything.com/files/avatars/17472683.jpg]
[www.agentanything.com/files/avatars/14382683.jpg]
[www.agentanything.com/files/avatars/7052683.jpg]
[www.agentanything.com/members/index5688.html]
[www.agentanything.com/files/avatars/174715eb.jpg]
[www.agentanything.com/files/avatars/143815eb.jpg]
[www.agentanything.com/files/avatars/70915eb.jpg]
[www.agentanything.com/files/avatars/71215eb.jpg]
[www.agentanything.com/members/indexa870.html]
[www.agentanything.com/files/avatars/17473f78.jpg]
[www.agentanything.com/files/avatars/14383f78.jpg]
[www.agentanything.com/files/avatars/7373f78.jpg]
[www.agentanything.com/members/index388d.html]
[www.agentanything.com/files/avatars/1747c274.jpg]
[www.agentanything.com/files/avatars/1438c274.jpg]
[www.agentanything.com/members/indexe101.html]
[www.agentanything.com/files/avatars/1747f339.jpg]
[www.agentanything.com/files/avatars/1438f339.jpg]
[www.agentanything.com/files/avatars/810f339.jpg]
[www.agentanything.com/members/index74b0.html]
[www.agentanything.com/files/avatars/17478a99.jpg]
[www.agentanything.com/files/avatars/14388a99.jpg]
[www.agentanything.com/members/index15d8.html]
[www.agentanything.com/files/avatars/174730ee.jpg]
[www.agentanything.com/files/avatars/143830ee.jpg]
[www.agentanything.com/members/indexe59f.html]
[www.agentanything.com/files/avatars/1747b54c-2.jpg]
[www.agentanything.com/files/avatars/1438b54c-2.jpg]
[www.agentanything.com/members/index43bb.html]
[www.agentanything.com/files/avatars/17475bea.jpg]
[www.agentanything.com/files/avatars/14385bea.jpg]
[www.agentanything.com/members/index53bb.html]
[www.agentanything.com/files/avatars/1747e2e8.jpg]
[www.agentanything.com/files/avatars/1438e2e8.jpg]
[www.agentanything.com/members/index5870.html]
[www.agentanything.com/files/avatars/1747a00e.jpg]
[www.agentanything.com/files/avatars/1438a00e.jpg]
[www.agentanything.com/files/avatars/561a00e.jpg]
[www.agentanything.com/files/avatars/563040d.jpg]
[www.agentanything.com/members/indexd8ea.html]
[www.agentanything.com/files/avatars/174776d5.jpg]
[www.agentanything.com/files/avatars/143876d5.jpg]
[www.agentanything.com/members/indexe689.html]
[www.agentanything.com/files/avatars/17476db2.jpg]
[www.agentanything.com/files/avatars/14386db2.jpg]
[www.agentanything.com/files/avatars/6096db2.jpg]
[www.agentanything.com/files/avatars/6116db2.jpg]
[www.agentanything.com/files/avatars/6156db2.jpg]
[www.agentanything.com/members/indexf9dc.html]
[www.agentanything.com/files/avatars/1747dd31.jpg]
[www.agentanything.com/files/avatars/1438dd31.jpg]
[www.agentanything.com/files/avatars/616dd31.jpg]
[www.agentanything.com/files/avatars/630dd31.jpg]
[www.agentanything.com/files/avatars/636dd31.jpg]
[www.agentanything.com/members/index9a37.html]
[www.agentanything.com/files/avatars/1747af83.jpg]
[www.agentanything.com/files/avatars/1438af83.jpg]
[www.agentanything.com/members/index29b5.html]
[www.agentanything.com/files/avatars/17478e53.jpg]
[www.agentanything.com/files/avatars/14388e53.jpg]
[www.agentanything.com/members/index6fa5.html]
[www.agentanything.com/files/avatars/1747f724.jpg]
[www.agentanything.com/files/avatars/1438f724.jpg]
[www.agentanything.com/members/index1a09.html]
[www.agentanything.com/files/avatars/1747fb4a.jpg]
[www.agentanything.com/files/avatars/1438fb4a.jpg]
[www.agentanything.com/members/indexf469.html]
[www.agentanything.com/files/avatars/17476a67.jpg]
[www.agentanything.com/files/avatars/14386a67.jpg]
[www.agentanything.com/members/indexefeb.html]
[www.agentanything.com/files/avatars/1747d44c.jpg]
[www.agentanything.com/files/avatars/1438d44c.jpg]
[www.agentanything.com/members/index637e.html]
[www.agentanything.com/files/avatars/1747297e.jpg]
[www.agentanything.com/files/avatars/1438297e.jpg]
[www.agentanything.com/files/avatars/325297e.jpg]
[www.agentanything.com/members/index02fb.html]
[www.agentanything.com/files/avatars/1747d245.jpg]
[www.agentanything.com/files/avatars/1438d245.jpg]
[www.agentanything.com/files/avatars/333d245.jpg]
[www.agentanything.com/files/avatars/340d245.jpg]
[www.agentanything.com/members/index89c0.html]
[www.agentanything.com/files/avatars/1747bab9.jpg]
[www.agentanything.com/files/avatars/1438bab9.jpg]
[www.agentanything.com/members/index1cb2.html]
[www.agentanything.com/files/avatars/174768a9.jpg]
[www.agentanything.com/files/avatars/143868a9.jpg]
[www.agentanything.com/members/indexe98e.html]
[www.agentanything.com/files/avatars/1747fbff.jpg]
[www.agentanything.com/files/avatars/1438fbff.jpg]
[www.agentanything.com/members/indexeaed.html]
[www.agentanything.com/files/avatars/17477c17.jpg]
[www.agentanything.com/files/avatars/14387c17.jpg]
[www.agentanything.com/members/index3eb1.html]
[www.agentanything.com/files/avatars/174743f1.jpg]
[www.agentanything.com/files/avatars/143843f1.jpg]
[www.agentanything.com/members/indexe96d.html]
[www.agentanything.com/files/avatars/17478207.jpg]
[www.agentanything.com/files/avatars/14388207.jpg]
[www.agentanything.com/members/index6e87.html]
[www.agentanything.com/files/avatars/17474124.jpg]
[www.agentanything.com/files/avatars/14384124.jpg]
[www.agentanything.com/members/index4e86.html]
[www.agentanything.com/files/avatars/17473673.jpg]
[www.agentanything.com/files/avatars/14383673.jpg]
[www.agentanything.com/members/index9701.html]
[www.agentanything.com/files/avatars/17470748.jpg]
[www.agentanything.com/files/avatars/14380748.jpg]
[www.agentanything.com/members/index6203.html]
[www.agentanything.com/files/avatars/17475c0e.jpg]
[www.agentanything.com/files/avatars/14385c0e.jpg]
[www.agentanything.com/files/avatars/906cd20.jpg]
[www.agentanything.com/members/index848a.html]
[www.agentanything.com/files/avatars/1747d21f.jpg]
[www.agentanything.com/files/avatars/1438d21f.jpg]
[www.agentanything.com/members/indexbcbe.html]
[www.agentanything.com/files/avatars/1747334b.jpg]
[www.agentanything.com/files/avatars/1438334b.jpg]
[www.agentanything.com/members/index7222.html]
[www.agentanything.com/files/avatars/17475673.jpg]
[www.agentanything.com/files/avatars/14385673.jpg]
[www.agentanything.com/members/indexbf7a.html]
[www.agentanything.com/files/avatars/174710c6.jpg]
[www.agentanything.com/files/avatars/143810c6.jpg]
[www.agentanything.com/members/index3a11.html]
[www.agentanything.com/files/avatars/17476c44.jpg]
[www.agentanything.com/files/avatars/14386c44.jpg]
[www.agentanything.com/members/index2631.html]
[www.agentanything.com/files/avatars/17473b7d.jpg]
[www.agentanything.com/files/avatars/14383b7d.jpg]
[www.agentanything.com/members/index0af1.html]
[www.agentanything.com/files/avatars/1747010b.jpg]
[www.agentanything.com/files/avatars/1438010b.jpg]
[www.agentanything.com/members/indexea2b.html]
[www.agentanything.com/files/avatars/1747c84c.jpg]
[www.agentanything.com/files/avatars/1438c84c.jpg]
[www.agentanything.com/members/index06f1.html]
[www.agentanything.com/files/avatars/174708c6.jpg]
[www.agentanything.com/files/avatars/143808c6.jpg]
[www.agentanything.com/files/avatars/673e017.jpg]
[www.agentanything.com/files/avatars/684e017.jpg]
[www.agentanything.com/members/indexc403.html]
[www.agentanything.com/files/avatars/1747b167.jpg]
[www.agentanything.com/files/avatars/1438b167.jpg]
[www.agentanything.com/members/indexdc82.html]
[www.agentanything.com/files/avatars/1747338e.jpg]
[www.agentanything.com/files/avatars/1438338e.jpg]
[www.agentanything.com/files/avatars/707338e.jpg]
[www.agentanything.com/files/avatars/725338e.jpg]
[www.agentanything.com/files/avatars/732338e.jpg]
[www.agentanything.com/files/avatars/735338e.jpg]
[www.agentanything.com/members/indexe74b.html]
[www.agentanything.com/files/avatars/17470c83.jpg]
[www.agentanything.com/files/avatars/14380c83.jpg]
[www.agentanything.com/members/index0d22.html]
[www.agentanything.com/files/avatars/17478228.jpg]
[www.agentanything.com/files/avatars/14388228.jpg]
[www.agentanything.com/members/index1cc7.html]
[www.agentanything.com/files/avatars/1747f38a.jpg]
[www.agentanything.com/files/avatars/1438f38a.jpg]
[www.agentanything.com/files/avatars/2315f38a.jpg]
[www.agentanything.com/members/index2bda.html]
[www.agentanything.com/files/avatars/17474633.jpg]
[www.agentanything.com/files/avatars/14384633.jpg]
[www.agentanything.com/members/index39c3.html]
[www.agentanything.com/files/avatars/17470b6e.jpg]
[www.agentanything.com/files/avatars/14380b6e.jpg]
[www.agentanything.com/members/index6235.html]
[www.agentanything.com/files/avatars/17473d1d.jpg]
[www.agentanything.com/files/avatars/14383d1d.jpg]
[www.agentanything.com/members/index2021.html]
[www.agentanything.com/files/avatars/17478a7a.jpg]
[www.agentanything.com/files/avatars/14388a7a.jpg]
[www.agentanything.com/members/index779b.html]
[www.agentanything.com/files/avatars/1747e1e2.jpg]
[www.agentanything.com/files/avatars/1438e1e2.jpg]
[www.agentanything.com/files/avatars/391e1e2.jpg]
[www.agentanything.com/members/indexcba2.html]
[www.agentanything.com/files/avatars/17470d99.jpg]
[www.agentanything.com/files/avatars/14380d99.jpg]
[www.agentanything.com/files/avatars/3990d99.jpg]
[www.agentanything.com/files/avatars/4000d99.jpg]
[www.agentanything.com/members/index09ed.html]
[www.agentanything.com/files/avatars/1747995b.jpg]
[www.agentanything.com/files/avatars/1438995b.jpg]
[www.agentanything.com/files/avatars/411995b.jpg]
[www.agentanything.com/files/avatars/421995b.jpg]
[www.agentanything.com/files/avatars/424995b.jpg]
[www.agentanything.com/members/index8563.html]
[www.agentanything.com/files/avatars/174719b7.jpg]
[www.agentanything.com/files/avatars/143819b7.jpg]
[www.agentanything.com/files/avatars/42619b7.jpg]
[www.agentanything.com/files/avatars/42919b7.jpg]
[www.agentanything.com/members/indexec77.html]
[www.agentanything.com/files/avatars/17471bc1.jpg]
[www.agentanything.com/files/avatars/14381bc1.jpg]
[www.agentanything.com/files/avatars/4441bc1.jpg]
[www.agentanything.com/files/avatars/4481bc1.jpg]
[www.agentanything.com/members/index243f.html]
[www.agentanything.com/files/avatars/1747da0c.jpg]
[www.agentanything.com/files/avatars/1438da0c.jpg]
[www.agentanything.com/members/index906c.html]
[www.agentanything.com/files/avatars/17473d08.jpg]
[www.agentanything.com/files/avatars/14383d08.jpg]
[www.agentanything.com/members/index60e2.html]
[www.agentanything.com/files/avatars/1747aec8.jpg]
[www.agentanything.com/files/avatars/1438aec8.jpg]
[www.agentanything.com/files/avatars/2740aec8.jpg]
[www.agentanything.com/members/index7425.html]
[www.agentanything.com/files/avatars/1747615f.jpg]
[www.agentanything.com/files/avatars/1438615f.jpg]
[www.agentanything.com/members/index6d1d.html]
[www.agentanything.com/files/avatars/17472c9f.jpg]
[www.agentanything.com/files/avatars/14382c9f.jpg]
[www.agentanything.com/members/index6e36.html]
[www.agentanything.com/files/avatars/1747ea70.jpg]
[www.agentanything.com/files/avatars/1438ea70.jpg]
[www.agentanything.com/files/avatars/1021ea70.jpg]
[www.agentanything.com/members/index5ffb.html]
[www.agentanything.com/files/avatars/1747e8df.jpg]
[www.agentanything.com/files/avatars/1438e8df.jpg]
[www.agentanything.com/members/indexc79a.html]
[www.agentanything.com/files/avatars/1747fbda.jpg]
[www.agentanything.com/files/avatars/1438fbda.jpg]
[www.agentanything.com/members/index57c1.html]
[www.agentanything.com/files/avatars/17478efe.jpg]
[www.agentanything.com/files/avatars/14388efe.jpg]
[www.agentanything.com/members/indexa577.html]
[www.agentanything.com/files/avatars/1747ffc7.jpg]
[www.agentanything.com/files/avatars/1438ffc7.jpg]
[www.agentanything.com/members/index1cc2.html]
[www.agentanything.com/files/avatars/174797cb.jpg]
[www.agentanything.com/files/avatars/143897cb.jpg]
[www.agentanything.com/members/indexf79d.html]
[www.agentanything.com/files/avatars/1747d4dc.jpg]
[www.agentanything.com/files/avatars/1438d4dc.jpg]
[www.agentanything.com/members/indexa860.html]
[www.agentanything.com/files/avatars/17471f6e.jpg]
[www.agentanything.com/files/avatars/14381f6e.jpg]
[www.agentanything.com/members/indexcd63.html]
[www.agentanything.com/files/avatars/17472e09.jpg]
[www.agentanything.com/files/avatars/14382e09.jpg]
[www.agentanything.com/members/indexaa7c.html]
[www.agentanything.com/files/avatars/1747beab.jpg]
[www.agentanything.com/files/avatars/1438beab.jpg]
[www.agentanything.com/members/index2d54.html]
[www.agentanything.com/files/avatars/174716e6.jpg]
[www.agentanything.com/files/avatars/143816e6.jpg]
[www.agentanything.com/files/avatars/79116e6.jpg]
[www.agentanything.com/files/avatars/80016e6.jpg]
[www.agentanything.com/members/index1a89.html]
[www.agentanything.com/files/avatars/174725b7.jpg]
[www.agentanything.com/files/avatars/143825b7.jpg]
[www.agentanything.com/files/avatars/80925b7.jpg]
[www.agentanything.com/files/avatars/81425b7.jpg]
[www.agentanything.com/members/index838f.html]
[www.agentanything.com/files/avatars/1747a8f9.jpg]
[www.agentanything.com/files/avatars/1438a8f9.jpg]
[www.agentanything.com/files/avatars/834a8f9.jpg]
[www.agentanything.com/files/avatars/837a8f9.jpg]
[www.agentanything.com/files/avatars/840a8f9.jpg]
[www.agentanything.com/members/index070e.html]
[www.agentanything.com/files/avatars/1747b698.jpg]
[www.agentanything.com/files/avatars/1438b698.jpg]
[www.agentanything.com/files/avatars/854b698.jpg]
[www.agentanything.com/members/indexf0bd.html]
[www.agentanything.com/files/avatars/1747f7b7.jpg]
[www.agentanything.com/files/avatars/1438f7b7.jpg]
[www.agentanything.com/members/indexa8cc.html]
[www.agentanything.com/files/avatars/1747f2bb.jpg]
[www.agentanything.com/files/avatars/1438f2bb.jpg]
[www.agentanything.com/members/index87ca.html]
[www.agentanything.com/files/avatars/17477294.jpg]
[www.agentanything.com/files/avatars/14387294.jpg]
[www.agentanything.com/members/index306e.html]
[www.agentanything.com/files/avatars/17478b33.jpg]
[www.agentanything.com/files/avatars/14388b33.jpg]
[www.agentanything.com/members/indexf1da.html]
[www.agentanything.com/files/avatars/17472a8d.jpg]
[www.agentanything.com/files/avatars/14382a8d.jpg]
[www.agentanything.com/members/index6c6f.html]
[www.agentanything.com/files/avatars/17476e42.jpg]
[www.agentanything.com/files/avatars/14386e42.jpg]
[www.agentanything.com/members/indexdaf1.html]
[www.agentanything.com/files/avatars/17470324.jpg]
[www.agentanything.com/files/avatars/14380324.jpg]
[www.agentanything.com/files/avatars/4620324.jpg]
[www.agentanything.com/files/avatars/4650324.jpg]
[www.agentanything.com/members/index7465.html]
[www.agentanything.com/files/avatars/1747d33c.jpg]
[www.agentanything.com/files/avatars/1438d33c.jpg]
[www.agentanything.com/members/indexf9e0.html]
[www.agentanything.com/files/avatars/174745ce.jpg]
[www.agentanything.com/files/avatars/143845ce.jpg]
[www.agentanything.com/files/avatars/49645ce.jpg]
[www.agentanything.com/members/indexefb5.html]
[www.agentanything.com/files/avatars/1747bbea.jpg]
[www.agentanything.com/files/avatars/1438bbea.jpg]
[www.agentanything.com/members/indexec45.html]
[www.agentanything.com/files/avatars/1747934e.jpg]
[www.agentanything.com/files/avatars/1438934e.jpg]
[www.agentanything.com/files/avatars/513934e.jpg]
[www.agentanything.com/files/avatars/515934e.jpg]
[www.agentanything.com/files/avatars/521934e.jpg]
[www.agentanything.com/members/indexdd37.html]
[www.agentanything.com/files/avatars/17477e8e.jpg]
[www.agentanything.com/files/avatars/14387e8e.jpg]
[www.agentanything.com/members/index132b.html]
[www.agentanything.com/files/avatars/17475aa4.jpg]
[www.agentanything.com/files/avatars/14385aa4.jpg]
[www.agentanything.com/members/index97c5.html]
[www.agentanything.com/files/avatars/17479c58.jpg]
[www.agentanything.com/files/avatars/14389c58.jpg]
[www.agentanything.com/members/indexf5ba.html]
[www.agentanything.com/files/avatars/1747e279.jpg]
[www.agentanything.com/files/avatars/1438e279.jpg]
[www.agentanything.com/members/indexf969.html]
[www.agentanything.com/files/avatars/17479cd7.jpg]
[www.agentanything.com/files/avatars/14389cd7.jpg]
[www.agentanything.com/members/indexf07a.html]
[www.agentanything.com/files/avatars/174732b2.jpg]
[www.agentanything.com/files/avatars/143832b2.jpg]
[www.agentanything.com/members/indexffb0.html]
[www.agentanything.com/files/avatars/17475232.jpg]
[www.agentanything.com/files/avatars/14385232.jpg]
[www.agentanything.com/files/avatars/12775232.jpg]
[www.agentanything.com/members/index3200.html]
[www.agentanything.com/files/avatars/174787d3.jpg]
[www.agentanything.com/files/avatars/143887d3.jpg]
[www.agentanything.com/members/indexa92a.html]
[www.agentanything.com/files/avatars/17475ef9.jpg]
[www.agentanything.com/files/avatars/14385ef9.jpg]
[www.agentanything.com/members/indexff79.html]
[www.agentanything.com/files/avatars/1747fc9d.jpg]
[www.agentanything.com/files/avatars/1438fc9d.jpg]
[www.agentanything.com/files/avatars/1419fc9d.jpg]
[www.agentanything.com/members/index469c.html]
[www.agentanything.com/files/avatars/1747fa01.jpg]
[www.agentanything.com/files/avatars/1438fa01.jpg]
[www.agentanything.com/members/index1689.html]
[www.agentanything.com/files/avatars/17477272.jpg]
[www.agentanything.com/files/avatars/14387272.jpg]
[www.agentanything.com/files/avatars/23877272.jpg]
[www.agentanything.com/members/index0821.html]
[www.agentanything.com/files/avatars/1747b1d2.jpg]
[www.agentanything.com/files/avatars/1438b1d2.jpg]
[www.agentanything.com/members/indexd533.html]
[www.agentanything.com/files/avatars/17470326.jpg]
[www.agentanything.com/files/avatars/14380326.jpg]
[www.agentanything.com/members/index23b7.html]
[www.agentanything.com/files/avatars/17475226.jpg]
[www.agentanything.com/files/avatars/14385226.jpg]
[www.agentanything.com/members/index1560.html]
[www.agentanything.com/files/avatars/17478250.jpg]
[www.agentanything.com/files/avatars/14388250.jpg]
[www.agentanything.com/members/indexb97e.html]
[www.agentanything.com/files/avatars/1747b727.jpg]
[www.agentanything.com/files/avatars/1438b727.jpg]
[www.agentanything.com/members/indexfa0e.html]
[www.agentanything.com/files/avatars/174792fa.jpg]
[www.agentanything.com/files/avatars/143892fa.jpg]
[www.agentanything.com/files/avatars/92992fa.jpg]
[www.agentanything.com/files/avatars/94592fa.jpg]
[www.agentanything.com/members/indexa989.html]
[www.agentanything.com/files/avatars/1747a74f.jpg]
[www.agentanything.com/files/avatars/1438a74f.jpg]
[www.agentanything.com/files/avatars/950a74f.jpg]
[www.agentanything.com/files/avatars/959a74f.jpg]
[www.agentanything.com/members/indexb31a.html]
[www.agentanything.com/files/avatars/1747ca7d.jpg]
[www.agentanything.com/files/avatars/1438ca7d.jpg]
[www.agentanything.com/files/avatars/960ca7d.jpg]
[www.agentanything.com/members/index3b8b.html]
[www.agentanything.com/files/avatars/17472c09.jpg]
[www.agentanything.com/files/avatars/14382c09.jpg]
[www.agentanything.com/members/index5d95.html]
[www.agentanything.com/files/avatars/174782d5.jpg]
[www.agentanything.com/files/avatars/143882d5.jpg]
[www.agentanything.com/members/index95fd.html]
[www.agentanything.com/files/avatars/1747a146.jpg]
[www.agentanything.com/files/avatars/1438a146.jpg]
[www.agentanything.com/members/index8667.html]
[www.agentanything.com/files/avatars/1747331b.jpg]
[www.agentanything.com/files/avatars/1438331b.jpg]
[www.agentanything.com/members/index5f25.html]
[www.agentanything.com/files/avatars/1747045d.jpg]
[www.agentanything.com/files/avatars/1438045d.jpg]
[www.agentanything.com/members/index77b1.html]
[www.agentanything.com/files/avatars/1747d702.jpg]
[www.agentanything.com/files/avatars/1438d702.jpg]
[www.agentanything.com/members/index4252.html]
[www.agentanything.com/files/avatars/17471bbd.jpg]
[www.agentanything.com/files/avatars/14381bbd.jpg]
[www.agentanything.com/members/index7159.html]
[www.agentanything.com/files/avatars/1747153a.jpg]
[www.agentanything.com/files/avatars/1438153a.jpg]
[www.agentanything.com/files/avatars/543153a.jpg]
[www.agentanything.com/members/index4ce2.html]
[www.agentanything.com/files/avatars/174794e5.jpg]
[www.agentanything.com/files/avatars/143894e5.jpg]
[www.agentanything.com/files/avatars/56194e5.jpg]
[www.agentanything.com/files/avatars/56394e5.jpg]
[www.agentanything.com/members/indexd2f6.html]
[www.agentanything.com/files/avatars/17478834.jpg]
[www.agentanything.com/files/avatars/1438885f.jpg]
[www.agentanything.com/members/index2d20.html]
[www.agentanything.com/files/avatars/1747b985.jpg]
[www.agentanything.com/files/avatars/1438b985.jpg]
[www.agentanything.com/members/indexdad2.html]
[www.agentanything.com/files/avatars/17470cb8.jpg]
[www.agentanything.com/files/avatars/14380cb8.jpg]
[www.agentanything.com/members/indexf00f.html]
[www.agentanything.com/files/avatars/17475f2f.jpg]
[www.agentanything.com/files/avatars/14385f2f.jpg]
[www.agentanything.com/members/index8191.html]
[www.agentanything.com/files/avatars/1747d113.jpg]
[www.agentanything.com/files/avatars/1438d113.jpg]
[www.agentanything.com/members/index60db.html]
[www.agentanything.com/files/avatars/17473249.jpg]
[www.agentanything.com/files/avatars/14383249.jpg]
[www.agentanything.com/members/index1c9c.html]
[www.agentanything.com/files/avatars/174729f3.jpg]
[www.agentanything.com/files/avatars/143829f3.jpg]
[www.agentanything.com/members/indexe716.html]
[www.agentanything.com/files/avatars/1747a405.jpg]
[www.agentanything.com/files/avatars/1438a405.jpg]
[www.agentanything.com/members/index2349.html]
[www.agentanything.com/files/avatars/1747f30c.jpg]
[www.agentanything.com/files/avatars/1438f30c.jpg]
[www.agentanything.com/files/avatars/1468f30c.jpg]
[www.agentanything.com/members/index149f.html]
[www.agentanything.com/files/avatars/1747588e.jpg]
[www.agentanything.com/files/avatars/1438588e.jpg]
[www.agentanything.com/members/indexf03b.html]
[www.agentanything.com/files/avatars/1747bac8.jpg]
[www.agentanything.com/files/avatars/1438bac8.jpg]
[www.agentanything.com/files/avatars/1542bac8.jpg]
[www.agentanything.com/files/avatars/1556bac8.jpg]
[www.agentanything.com/members/indexb9a3.html]
[www.agentanything.com/files/avatars/17479c03.jpg]
[www.agentanything.com/files/avatars/14389c03.jpg]
[www.agentanything.com/members/indexc7a0.html]
[www.agentanything.com/files/avatars/1747f08b.jpg]
[www.agentanything.com/files/avatars/1438f08b.jpg]
[www.agentanything.com/members/index7e32.html]
[www.agentanything.com/files/avatars/174736c7.jpg]
[www.agentanything.com/files/avatars/143836c7.jpg]
[www.agentanything.com/members/index9e37.html]
[www.agentanything.com/files/avatars/17478245.jpg]
[www.agentanything.com/files/avatars/14388245.jpg]
[www.agentanything.com/members/index77cf.html]
[www.agentanything.com/files/avatars/17471f64.jpg]
[www.agentanything.com/files/avatars/14381f64.jpg]
[www.agentanything.com/members/index27b9.html]
[www.agentanything.com/files/avatars/17479f85.jpg]
[www.agentanything.com/files/avatars/14389f85.jpg]
[www.agentanything.com/members/index1009.html]
[www.agentanything.com/files/avatars/1747d500.jpg]
[www.agentanything.com/files/avatars/1438d500.jpg]
[www.agentanything.com/files/avatars/985d500.jpg]
[www.agentanything.com/members/index7be6.html]
[www.agentanything.com/files/avatars/1747ee31.jpg]
[www.agentanything.com/files/avatars/1438ee31.jpg]
[www.agentanything.com/files/avatars/1002d9e7.jpg]
[www.agentanything.com/members/index0dfd.html]
[www.agentanything.com/files/avatars/1747ab04.jpg]
[www.agentanything.com/files/avatars/1438ab04.jpg]
[www.agentanything.com/files/avatars/10262f8a.jpg]
[www.agentanything.com/files/avatars/10322f8a.jpg]
[www.agentanything.com/members/indexac21.html]
[www.agentanything.com/files/avatars/1747079c.jpg]
[www.agentanything.com/files/avatars/1438079c.jpg]
[www.agentanything.com/members/indexeb83.html]
[www.agentanything.com/files/avatars/1747ce7b.jpg]
[www.agentanything.com/files/avatars/1438ce7b.jpg]
[www.agentanything.com/members/index983f.html]
[www.agentanything.com/files/avatars/17475665.jpg]
[www.agentanything.com/files/avatars/14385665.jpg]
[www.agentanything.com/members/index381a.html]
[www.agentanything.com/files/avatars/17473e1d.jpg]
[www.agentanything.com/files/avatars/14383e1d.jpg]
[www.agentanything.com/members/index3751.html]
[www.agentanything.com/files/avatars/17478262.jpg]
[www.agentanything.com/files/avatars/14388262.jpg]
[www.agentanything.com/members/index4458.html]
[www.agentanything.com/files/avatars/1747013e.jpg]
[www.agentanything.com/files/avatars/1438013e.jpg]
[www.agentanything.com/members/index87a1.html]
[www.agentanything.com/files/avatars/1747b790.jpg]
[www.agentanything.com/files/avatars/1438b790.jpg]
[www.agentanything.com/members/index083a.html]
[www.agentanything.com/files/avatars/1747e15e.jpg]
[www.agentanything.com/files/avatars/1438e15e.jpg]
[www.agentanything.com/members/indexfea9.html]
[www.agentanything.com/files/avatars/1747f629.jpg]
[www.agentanything.com/files/avatars/1438f629.jpg]
[www.agentanything.com/files/avatars/609f629.jpg]
[www.agentanything.com/files/avatars/611f629.jpg]
[www.agentanything.com/files/avatars/615f629.jpg]
[www.agentanything.com/members/index7f6f.html]
[www.agentanything.com/files/avatars/174728b6.jpg]
[www.agentanything.com/files/avatars/143828b6.jpg]
[www.agentanything.com/files/avatars/61628b6.jpg]
[www.agentanything.com/files/avatars/626fb7a.jpg]
[www.agentanything.com/members/index90d4.html]
[www.agentanything.com/files/avatars/1747def3.jpg]
[www.agentanything.com/files/avatars/1438def3.jpg]
[www.agentanything.com/files/avatars/6305bf7.jpg]
[www.agentanything.com/files/avatars/6365bf7.jpg]
[www.agentanything.com/members/indexb263.html]
[www.agentanything.com/files/avatars/17476023.jpg]
[www.agentanything.com/files/avatars/14386023.jpg]
[www.agentanything.com/files/avatars/6436023.jpg]
[www.agentanything.com/members/index71c5.html]
[www.agentanything.com/files/avatars/17471176.jpg]
[www.agentanything.com/files/avatars/14381176.jpg]
[www.agentanything.com/members/indexd944.html]
[www.agentanything.com/files/avatars/1747f6cf.jpg]
[www.agentanything.com/files/avatars/1438f6cf.jpg]
[www.agentanything.com/members/index194a-2.html]
[www.agentanything.com/files/avatars/174707f0.jpg]
[www.agentanything.com/files/avatars/143807f0.jpg]
[www.agentanything.com/members/indexa68a.html]
[www.agentanything.com/files/avatars/17472798.jpg]
[www.agentanything.com/files/avatars/14382798.jpg]
[www.agentanything.com/members/index0538.html]
[www.agentanything.com/files/avatars/17478aff.jpg]
[www.agentanything.com/files/avatars/14388aff.jpg]
[www.agentanything.com/members/indexfb04.html]
[www.agentanything.com/files/avatars/17478d9c.jpg]
[www.agentanything.com/files/avatars/14388d9c.jpg]
[www.agentanything.com/members/index9138.html]
[www.agentanything.com/files/avatars/17470a2d.jpg]
[www.agentanything.com/files/avatars/14380a2d.jpg]
[www.agentanything.com/members/indexd0eb.html]
[www.agentanything.com/files/avatars/17471eae.jpg]
[www.agentanything.com/files/avatars/14381eae.jpg]
[www.agentanything.com/members/index8b49.html]
[www.agentanything.com/files/avatars/17470236.jpg]
[www.agentanything.com/files/avatars/14380236.jpg]
[www.agentanything.com/members/indexa9c5.html]
[www.agentanything.com/files/avatars/17470106.jpg]
[www.agentanything.com/files/avatars/14380106.jpg]
[www.agentanything.com/members/indexf69b.html]
[www.agentanything.com/files/avatars/1747341e.jpg]
[www.agentanything.com/files/avatars/1438341e.jpg]
[www.agentanything.com/members/indexc7e9.html]
[www.agentanything.com/files/avatars/174747c6.jpg]
[www.agentanything.com/files/avatars/143847c6.jpg]
[www.agentanything.com/members/indexca00.html]
[www.agentanything.com/files/avatars/17472fc2.jpg]
[www.agentanything.com/files/avatars/14382fc2.jpg]
[www.agentanything.com/members/indexafd3.html]
[www.agentanything.com/files/avatars/17479ad6.jpg]
[www.agentanything.com/files/avatars/14389ad6.jpg]
[www.agentanything.com/members/index95b2.html]
[www.agentanything.com/files/avatars/17476d0e.jpg]
[www.agentanything.com/files/avatars/14386d0e.jpg]
[www.agentanything.com/members/index3a73.html]
[www.agentanything.com/files/avatars/174700fc.jpg]
[www.agentanything.com/files/avatars/143800fc.jpg]
[www.agentanything.com/files/avatars/107400fc.jpg]
[www.agentanything.com/members/index4dab.html]
[www.agentanything.com/files/avatars/1747a4e1.jpg]
[www.agentanything.com/files/avatars/1438a4e1.jpg]
[www.agentanything.com/files/avatars/1100a4e1.jpg]
[www.agentanything.com/members/index8535.html]
[www.agentanything.com/files/avatars/17475f11.jpg]
[www.agentanything.com/files/avatars/14385f11.jpg]
[www.agentanything.com/members/index56b7.html]
[www.agentanything.com/files/avatars/1747aac8.jpg]
[www.agentanything.com/files/avatars/1438aac8.jpg]
[www.agentanything.com/files/avatars/1124aac8.jpg]
[www.agentanything.com/files/avatars/1126aac8.jpg]
[www.agentanything.com/files/avatars/1132aac8.jpg]
[www.agentanything.com/members/index5f9f.html]
[www.agentanything.com/files/avatars/17474d1d.jpg]
[www.agentanything.com/files/avatars/14384d1d.jpg]
[www.agentanything.com/members/index5ea2.html]
[www.agentanything.com/files/avatars/1747cce0.jpg]
[www.agentanything.com/files/avatars/1438cce0.jpg]
[www.agentanything.com/members/index02b2.html]
[www.agentanything.com/files/avatars/17470065.jpg]
[www.agentanything.com/files/avatars/14380065.jpg]
[www.agentanything.com/members/indexde98.html]
[www.agentanything.com/files/avatars/17476803.jpg]
[www.agentanything.com/files/avatars/14386803.jpg]
[www.agentanything.com/members/index8aa5.html]
[www.agentanything.com/files/avatars/1747ddc2.jpg]
[www.agentanything.com/files/avatars/1438ddc2.jpg]
[www.agentanything.com/files/avatars/1795ddc2.jpg]
[www.agentanything.com/members/index5264.html]
[www.agentanything.com/files/avatars/1747f82b.jpg]
[www.agentanything.com/files/avatars/1438f82b.jpg]
[www.agentanything.com/members/index0ae2.html]
[www.agentanything.com/files/avatars/17474b02.jpg]
[www.agentanything.com/files/avatars/14384b02.jpg]
[www.agentanything.com/members/indexc4fb.html]
[www.agentanything.com/files/avatars/17476147.jpg]
[www.agentanything.com/files/avatars/14386147.jpg]
[www.agentanything.com/files/avatars/6736147.jpg]
[www.agentanything.com/members/indexbfe5.html]
[www.agentanything.com/files/avatars/1747b5ba.jpg]
[www.agentanything.com/files/avatars/1438b5ba.jpg]
[www.agentanything.com/files/avatars/684b5ba.jpg]
[www.agentanything.com/members/index26a8.html]
[www.agentanything.com/files/avatars/1747bb57-2.jpg]
[www.agentanything.com/files/avatars/1438bb57-2.jpg]
[www.agentanything.com/members/indexa900.html]
[www.agentanything.com/files/avatars/1747a626.jpg]
[www.agentanything.com/files/avatars/1438a626.jpg]
[www.agentanything.com/files/avatars/705a626.jpg]
[www.agentanything.com/files/avatars/707a626.jpg]
[www.agentanything.com/files/avatars/709a626.jpg]
[www.agentanything.com/files/avatars/712a626.jpg]
[www.agentanything.com/members/index3c40.html]
[www.agentanything.com/files/avatars/1747707c.jpg]
[www.agentanything.com/files/avatars/1438707c.jpg]
[www.agentanything.com/members/indexece4.html]
[www.agentanything.com/files/avatars/17474130.jpg]
[www.agentanything.com/files/avatars/14384130.jpg]
[www.agentanything.com/members/indexefe5.html]
[www.agentanything.com/files/avatars/1747efe1.jpg]
[www.agentanything.com/files/avatars/1438efe1.jpg]
[www.agentanything.com/members/index707b.html]
[www.agentanything.com/files/avatars/1747f5bc.jpg]
[www.agentanything.com/files/avatars/1438f5bc.jpg]
[www.agentanything.com/members/indexc44c.html]
[www.agentanything.com/files/avatars/1747849b.jpg]
[www.agentanything.com/files/avatars/1438849b.jpg]
[www.agentanything.com/members/index73e8.html]
[www.agentanything.com/files/avatars/17473726.jpg]
[www.agentanything.com/files/avatars/14383726.jpg]
[www.agentanything.com/members/index9757.html]
[www.agentanything.com/files/avatars/174739ee.jpg]
[www.agentanything.com/files/avatars/143839ee.jpg]
[www.agentanything.com/members/index1625.html]
[www.agentanything.com/files/avatars/174748ec.jpg]
[www.agentanything.com/files/avatars/143848ec.jpg]
[www.agentanything.com/members/index4dad.html]
[www.agentanything.com/files/avatars/17479f44.jpg]
[www.agentanything.com/files/avatars/14389f44.jpg]
[www.agentanything.com/members/index3f56.html]
[www.agentanything.com/files/avatars/17473a62.jpg]
[www.agentanything.com/files/avatars/14383a62.jpg]
[www.agentanything.com/members/index3e11.html]
[www.agentanything.com/files/avatars/17478e51.jpg]
[www.agentanything.com/files/avatars/14388e51.jpg]
[www.agentanything.com/members/index05e7.html]
[www.agentanything.com/files/avatars/17477992.jpg]
[www.agentanything.com/files/avatars/14387992.jpg]
[www.agentanything.com/members/index86da.html]
[www.agentanything.com/files/avatars/1747b3f9.jpg]
[www.agentanything.com/files/avatars/1438b3f9.jpg]
[www.agentanything.com/members/index7ded.html]
[www.agentanything.com/files/avatars/1747ef34.jpg]
[www.agentanything.com/files/avatars/1438ef34.jpg]
[www.agentanything.com/members/index22df.html]
[www.agentanything.com/files/avatars/17471150.jpg]
[www.agentanything.com/files/avatars/14381150.jpg]
[www.agentanything.com/members/indexb701.html]
[www.agentanything.com/files/avatars/1747567d.jpg]
[www.agentanything.com/files/avatars/1438567d.jpg]
[www.agentanything.com/members/indexc76d.html]
[www.agentanything.com/files/avatars/1747e1c8.jpg]
[www.agentanything.com/files/avatars/1438e1c8.jpg]
[www.agentanything.com/files/avatars/1191e1c8.jpg]
[www.agentanything.com/members/indexa0fb.html]
[www.agentanything.com/files/avatars/1747daa8.jpg]
[www.agentanything.com/files/avatars/1438daa8.jpg]
[www.agentanything.com/files/avatars/1199daa8.jpg]
[www.agentanything.com/members/index7c98.html]
[www.agentanything.com/files/avatars/1747ae22.jpg]
[www.agentanything.com/files/avatars/1438ae22.jpg]
[www.agentanything.com/files/avatars/1225ae22.jpg]
[www.agentanything.com/members/index6baa.html]
[www.agentanything.com/files/avatars/1747e0fb.jpg]
[www.agentanything.com/files/avatars/1438e0fb.jpg]
[www.agentanything.com/files/avatars/1240e0fb.jpg]
[www.agentanything.com/files/avatars/1242e0fb.jpg]
[www.agentanything.com/members/index243d.html]
[www.agentanything.com/files/avatars/1747e8ba.jpg]
[www.agentanything.com/files/avatars/1438e8ba.jpg]
[www.agentanything.com/members/indexa089.html]
[www.agentanything.com/files/avatars/1747824e.jpg]
[www.agentanything.com/files/avatars/1438824e.jpg]
[www.agentanything.com/members/indexdb95.html]
[www.agentanything.com/files/avatars/1747913a.jpg]
[www.agentanything.com/files/avatars/1438913a.jpg]
[www.agentanything.com/files/avatars/1686913a.jpg]
[www.agentanything.com/members/index52f3.html]
[www.agentanything.com/files/avatars/17473b5f.jpg]
[www.agentanything.com/files/avatars/14383b5f.jpg]
[www.agentanything.com/members/indexcdf3.html]
[www.agentanything.com/files/avatars/1747d80c.jpg]
[www.agentanything.com/files/avatars/1438d80c.jpg]
[www.agentanything.com/members/index445d.html]
[www.agentanything.com/files/avatars/1747ef0d.jpg]
[www.agentanything.com/files/avatars/1438ef0d.jpg]
[www.agentanything.com/files/avatars/725ef0d.jpg]
[www.agentanything.com/members/index47eb.html]
[www.agentanything.com/files/avatars/17475f3b.jpg]
[www.agentanything.com/files/avatars/14385f3b.jpg]
[www.agentanything.com/files/avatars/7325f3b.jpg]
[www.agentanything.com/files/avatars/7355f3b.jpg]
[www.agentanything.com/files/avatars/7375f3b.jpg]
[www.agentanything.com/members/index3d18.html]
[www.agentanything.com/files/avatars/17470f96.jpg]
[www.agentanything.com/files/avatars/14380f96.jpg]
[www.agentanything.com/members/index9dde.html]
[www.agentanything.com/files/avatars/17479811.jpg]
[www.agentanything.com/files/avatars/14389811.jpg]
[www.agentanything.com/members/indexa9f6.html]
[www.agentanything.com/files/avatars/1747d019.jpg]
[www.agentanything.com/files/avatars/1438d019.jpg]
[www.agentanything.com/members/index9aa1.html]
[www.agentanything.com/files/avatars/1747ef95.jpg]
[www.agentanything.com/files/avatars/1438ef95.jpg]
[www.agentanything.com/members/indexef17.html]
[www.agentanything.com/files/avatars/1747f649.jpg]
[www.agentanything.com/files/avatars/1438f649.jpg]
[www.agentanything.com/members/indexff3b.html]
[www.agentanything.com/files/avatars/1747eeb9.jpg]
[www.agentanything.com/files/avatars/1438eeb9.jpg]
[www.agentanything.com/members/index80a0.html]
[www.agentanything.com/files/avatars/17472964.jpg]
[www.agentanything.com/files/avatars/14382964.jpg]
[www.agentanything.com/members/index0287.html]
[www.agentanything.com/files/avatars/1747c8e8.jpg]
[www.agentanything.com/files/avatars/1438c8e8.jpg]
[www.agentanything.com/members/indexa58f.html]
[www.agentanything.com/files/avatars/1747a652.jpg]
[www.agentanything.com/files/avatars/1438a652.jpg]
[www.agentanything.com/members/index1383.html]
[www.agentanything.com/files/avatars/17479f1f.jpg]
[www.agentanything.com/files/avatars/14389f1f.jpg]
[www.agentanything.com/files/avatars/12499f1f.jpg]
[www.agentanything.com/members/indexd643.html]
[www.agentanything.com/files/avatars/1747a7cb.jpg]
[www.agentanything.com/files/avatars/1438a7cb.jpg]
[www.agentanything.com/files/avatars/1271a7cb.jpg]
[www.agentanything.com/files/avatars/1273a7cb.jpg]
[www.agentanything.com/members/index374e.html]
[www.agentanything.com/files/avatars/1747910c.jpg]
[www.agentanything.com/files/avatars/1438910c.jpg]
[www.agentanything.com/files/avatars/1276910c.jpg]
[www.agentanything.com/members/indexd822.html]
[www.agentanything.com/files/avatars/17473e03.jpg]
[www.agentanything.com/files/avatars/14383e03.jpg]
[www.agentanything.com/members/index0558.html]
[www.agentanything.com/files/avatars/17477e34.jpg]
[www.agentanything.com/files/avatars/14387e34.jpg]
[www.agentanything.com/files/avatars/13217e34.jpg]
[www.agentanything.com/members/index60ca.html]
[www.agentanything.com/files/avatars/17479e2a.jpg]
[www.agentanything.com/files/avatars/14389e2a.jpg]
[www.agentanything.com/members/indexe8ed.html]
[www.agentanything.com/files/avatars/1747d99e.jpg]
[www.agentanything.com/files/avatars/1438d99e.jpg]
[www.agentanything.com/members/index3298.html]
[www.agentanything.com/files/avatars/1747aeb4.jpg]
[www.agentanything.com/files/avatars/1438aeb4.jpg]
[www.agentanything.com/members/index8660.html]
[www.agentanything.com/files/avatars/1747b40a.jpg]
[www.agentanything.com/files/avatars/1438b40a.jpg]
[www.agentanything.com/members/index9611.html]
[www.agentanything.com/files/avatars/1747a3be.jpg]
[www.agentanything.com/files/avatars/1438a3be.jpg]
[www.agentanything.com/members/indexc778.html]
[www.agentanything.com/files/avatars/1747d33b.jpg]
[www.agentanything.com/files/avatars/1438d33b.jpg]
[www.agentanything.com/files/avatars/791c3f3.jpg]
[www.agentanything.com/members/indexa573.html]
[www.agentanything.com/files/avatars/1747ec8d.jpg]
[www.agentanything.com/files/avatars/1438ec8d.jpg]
[www.agentanything.com/files/avatars/800ec8d.jpg]
[www.agentanything.com/files/avatars/809ec8d.jpg]
[www.agentanything.com/files/avatars/810ec8d.jpg]
[www.agentanything.com/members/index551c.html]
[www.agentanything.com/files/avatars/174726ca.jpg]
[www.agentanything.com/files/avatars/143826ca.jpg]
[www.agentanything.com/files/avatars/81426ca.jpg]
[www.agentanything.com/members/indexf416.html]
[www.agentanything.com/files/avatars/174704c7.jpg]
[www.agentanything.com/files/avatars/143804c7.jpg]
[www.agentanything.com/files/avatars/83404c7.jpg]
[www.agentanything.com/files/avatars/83704c7.jpg]
[www.agentanything.com/members/index3578.html]
[www.agentanything.com/files/avatars/1747629a.jpg]
[www.agentanything.com/files/avatars/1438629a.jpg]
[www.agentanything.com/files/avatars/840629a.jpg]
[www.agentanything.com/members/indexbe15.html]
[www.agentanything.com/files/avatars/17470262.jpg]
[www.agentanything.com/files/avatars/14380262.jpg]
[www.agentanything.com/members/index97f8.html]
[www.agentanything.com/files/avatars/17472dc5.jpg]
[www.agentanything.com/files/avatars/14382dc5.jpg]
[www.agentanything.com/members/index8523.html]
[www.agentanything.com/files/avatars/174718f5.jpg]
[www.agentanything.com/files/avatars/143818f5.jpg]
[www.agentanything.com/members/index5d70.html]
[www.agentanything.com/files/avatars/1747293a.jpg]
[www.agentanything.com/files/avatars/1438293a.jpg]
[www.agentanything.com/files/avatars/2387293a.jpg]
[www.agentanything.com/members/index661d.html]
[www.agentanything.com/files/avatars/1747befa.jpg]
[www.agentanything.com/files/avatars/1438befa.jpg]
[www.agentanything.com/members/indexdcbe.html]
[www.agentanything.com/files/avatars/1747f254.jpg]
[www.agentanything.com/files/avatars/1438f254.jpg]
[www.agentanything.com/files/avatars/1348f254.jpg]
[www.agentanything.com/members/indexf656.html]
[www.agentanything.com/files/avatars/17477f00.jpg]
[www.agentanything.com/files/avatars/14387f00.jpg]
[www.agentanything.com/members/index6a10.html]
[www.agentanything.com/files/avatars/1747c32f.jpg]
[www.agentanything.com/files/avatars/1438c32f.jpg]
[www.agentanything.com/files/avatars/1377c32f.jpg]
[www.agentanything.com/members/index091c.html]
[www.agentanything.com/files/avatars/17475798.jpg]
[www.agentanything.com/files/avatars/14385798.jpg]
[www.agentanything.com/files/avatars/13975798.jpg]
[www.agentanything.com/members/indexbb6b.html]
[www.agentanything.com/files/avatars/17473e6e.jpg]
[www.agentanything.com/files/avatars/14383e6e.jpg]
[www.agentanything.com/files/avatars/14213e6e.jpg]
[www.agentanything.com/members/indexa182.html]
[www.agentanything.com/files/avatars/1747e518.jpg]
[www.agentanything.com/files/avatars/1438e518.jpg]
[www.agentanything.com/members/index8669.html]
[www.agentanything.com/files/avatars/1747e6e3.jpg]
[www.agentanything.com/files/avatars/1438e6e3.jpg]
[www.agentanything.com/files/avatars/1425e6e3.jpg]
[www.agentanything.com/members/index7280.html]
[www.agentanything.com/files/avatars/1747b41e.jpg]
[www.agentanything.com/files/avatars/1438b41e.jpg]
[www.agentanything.com/files/avatars/1448b41e.jpg]
[www.agentanything.com/members/indexd452.html]
[www.agentanything.com/files/avatars/1747b5f6.jpg]
[www.agentanything.com/files/avatars/1438b5f6.jpg]
[www.agentanything.com/files/avatars/1473b5f6.jpg]
[www.agentanything.com/members/index0866.html]
[www.agentanything.com/files/avatars/174714ea.jpg]
[www.agentanything.com/files/avatars/143814ea.jpg]
[www.agentanything.com/members/index2613.html]
[www.agentanything.com/files/avatars/1747943e.jpg]
[www.agentanything.com/files/avatars/1438943e.jpg]
[www.agentanything.com/files/avatars/854916c.jpg]
[www.agentanything.com/members/indexf13e.html]
[www.agentanything.com/files/avatars/1747bce6.jpg]
[www.agentanything.com/files/avatars/1438bce6.jpg]
[www.agentanything.com/members/indexa076.html]
[www.agentanything.com/files/avatars/17476ead.jpg]
[www.agentanything.com/files/avatars/14386ead.jpg]
[www.agentanything.com/members/index866c.html]
[www.agentanything.com/files/avatars/1747d85f.jpg]
[www.agentanything.com/files/avatars/1438d85f.jpg]
[www.agentanything.com/members/index00cc.html]
[www.agentanything.com/files/avatars/1747e278.jpg]
[www.agentanything.com/files/avatars/1438e278.jpg]
[www.agentanything.com/files/avatars/906e278.jpg]
[www.agentanything.com/members/index8b13.html]
[www.agentanything.com/files/avatars/1747e7d4.jpg]
[www.agentanything.com/files/avatars/1438e7d4.jpg]
[www.agentanything.com/members/indexf8c3.html]
[www.agentanything.com/files/avatars/17473804.jpg]
[www.agentanything.com/files/avatars/14383804.jpg]
[www.agentanything.com/members/indexf45e.html]
[www.agentanything.com/files/avatars/17471bbb.jpg]
[www.agentanything.com/files/avatars/14381bbb.jpg]
[www.agentanything.com/members/indexfcbd.html]
[www.agentanything.com/files/avatars/1747286a.jpg]
[www.agentanything.com/files/avatars/1438286a.jpg]
[www.agentanything.com/members/indexf185.html]
[www.agentanything.com/files/avatars/1747fa8e.jpg]
[www.agentanything.com/files/avatars/1438fa8e.jpg]
[www.agentanything.com/files/avatars/2315fa8e.jpg]
[www.agentanything.com/members/index14db.html]
[www.agentanything.com/files/avatars/1747be50.jpg]
[www.agentanything.com/files/avatars/1438be50.jpg]
[www.agentanything.com/members/indexf4fa.html]
[www.agentanything.com/files/avatars/1747cb90.jpg]
[www.agentanything.com/files/avatars/1438cb90.jpg]
[www.agentanything.com/files/avatars/929cb90.jpg]
[www.agentanything.com/members/index2a9c.html]
[www.agentanything.com/files/avatars/1747767c.jpg]
[www.agentanything.com/files/avatars/1438767c.jpg]
[www.agentanything.com/files/avatars/945767c.jpg]
[www.agentanything.com/members/indexa137.html]
[www.agentanything.com/files/avatars/174780ff.jpg]
[www.agentanything.com/files/avatars/143880ff.jpg]
[www.agentanything.com/files/avatars/95080ff.jpg]
[www.agentanything.com/files/avatars/95980ff.jpg]
[www.agentanything.com/files/avatars/96080ff.jpg]
[www.agentanything.com/members/index01bf.html]
[www.agentanything.com/files/avatars/17471401.jpg]
[www.agentanything.com/files/avatars/14381401.jpg]
[www.agentanything.com/members/indexb9b9.html]
[www.agentanything.com/files/avatars/17475078.jpg]
[www.agentanything.com/files/avatars/14385078.jpg]
[www.agentanything.com/members/indexb5c4.html]
[www.agentanything.com/files/avatars/174728af.jpg]
[www.agentanything.com/files/avatars/143828af.jpg]
[www.agentanything.com/members/indexb5fc.html]
[www.agentanything.com/files/avatars/17471dd9.jpg]
[www.agentanything.com/files/avatars/14381dd9.jpg]
[www.agentanything.com/members/index1951.html]
[www.agentanything.com/files/avatars/17476996.jpg]
[www.agentanything.com/files/avatars/14386996.jpg]
[www.agentanything.com/members/index1bef.html]
[www.agentanything.com/files/avatars/17474aa4.jpg]
[www.agentanything.com/files/avatars/14384aa4.jpg]
[www.agentanything.com/members/index11ae.html]
[www.agentanything.com/files/avatars/1747840d.jpg]
[www.agentanything.com/files/avatars/1438840d.jpg]
[www.agentanything.com/files/avatars/98565d9.jpg]
[www.agentanything.com/members/indexf3ed.html]
[www.agentanything.com/files/avatars/1747c10d.jpg]
[www.agentanything.com/files/avatars/1438c10d.jpg]
[www.agentanything.com/members/index5a4f.html]
[www.agentanything.com/files/avatars/17476a07.jpg]
[www.agentanything.com/files/avatars/14386a07.jpg]
[www.agentanything.com/files/avatars/10026a07.jpg]
[www.agentanything.com/members/index9c23.html]
[www.agentanything.com/files/avatars/174759ce.jpg]
[www.agentanything.com/files/avatars/143859ce.jpg]
[www.agentanything.com/members/index4ac0.html]
[www.agentanything.com/files/avatars/17472f3f.jpg]
[www.agentanything.com/files/avatars/14382f3f.jpg]
[www.agentanything.com/files/avatars/10212f3f.jpg]
[www.agentanything.com/files/avatars/10262f3f.jpg]
[www.agentanything.com/files/avatars/10322f3f.jpg]
[www.agentanything.com/members/index731b.html]
[www.agentanything.com/files/avatars/17474309.jpg]
[www.agentanything.com/files/avatars/14384309.jpg]
[www.agentanything.com/members/indexa765.html]
[www.agentanything.com/files/avatars/1747f00c.jpg]
[www.agentanything.com/files/avatars/1438f00c.jpg]
[www.agentanything.com/members/indexe552.html]
[www.agentanything.com/files/avatars/17470b6a.jpg]
[www.agentanything.com/files/avatars/14380b6a.jpg]
[www.agentanything.com/members/index0efa.html]
[www.agentanything.com/files/avatars/17475a6c.jpg]
[www.agentanything.com/files/avatars/14385a6c.jpg]
[www.agentanything.com/members/indexdc36.html]
[www.agentanything.com/files/avatars/17471b0e.jpg]
[www.agentanything.com/files/avatars/14381b0e.jpg]
[www.agentanything.com/members/index3ddc.html]
[www.agentanything.com/files/avatars/1747bfd0.jpg]
[www.agentanything.com/files/avatars/1438bfd0.jpg]
[www.agentanything.com/members/index55c6.html]
[www.agentanything.com/files/avatars/174721cd.jpg]
[www.agentanything.com/files/avatars/143821cd.jpg]
[www.agentanything.com/members/index173e.html]
[www.agentanything.com/files/avatars/1747b1e4.jpg]
[www.agentanything.com/files/avatars/1438b1e4.jpg]
[www.agentanything.com/members/index8b97.html]
[www.agentanything.com/files/avatars/17470d7c.jpg]
[www.agentanything.com/files/avatars/14380d7c.jpg]
[www.agentanything.com/files/avatars/107473fb.jpg]
[www.agentanything.com/members/indexf449.html]
[www.agentanything.com/files/avatars/174742f5.jpg]
[www.agentanything.com/files/avatars/143842f5.jpg]
[www.agentanything.com/members/index7d1d.html]
[www.agentanything.com/files/avatars/174767a2.jpg]
[www.agentanything.com/files/avatars/143867a2.jpg]
[www.agentanything.com/members/index241b.html]
[www.agentanything.com/files/avatars/1747d141.jpg]
[www.agentanything.com/files/avatars/1438d141.jpg]
[www.agentanything.com/members/indexc8b8.html]
[www.agentanything.com/files/avatars/1747b0e9.jpg]
[www.agentanything.com/files/avatars/1438b0e9.jpg]
[www.agentanything.com/members/index1a23.html]
[www.agentanything.com/files/avatars/1747a24b.jpg]
[www.agentanything.com/files/avatars/1438a24b.jpg]
[www.agentanything.com/members/index7327.html]
[www.agentanything.com/files/avatars/1747d9d3.jpg]
[www.agentanything.com/files/avatars/1438d9d3.jpg]
[www.agentanything.com/members/index31f0.html]
[www.agentanything.com/files/avatars/1747efae.jpg]
[www.agentanything.com/files/avatars/1438efae.jpg]
[www.agentanything.com/files/avatars/1100efae.jpg]
[www.agentanything.com/members/index9378.html]
[www.agentanything.com/files/avatars/1747779e.jpg]
[www.agentanything.com/files/avatars/1438779e.jpg]
[www.agentanything.com/members/index3e65.html]
[www.agentanything.com/files/avatars/1747182e.jpg]
[www.agentanything.com/files/avatars/1438182e.jpg]
[www.agentanything.com/files/avatars/1124182e.jpg]
[www.agentanything.com/files/avatars/1126182e.jpg]
[www.agentanything.com/files/avatars/1132182e.jpg]
[www.agentanything.com/members/index8bef.html]
[www.agentanything.com/files/avatars/17470d7b.jpg]
[www.agentanything.com/files/avatars/14380d7b.jpg]
[www.agentanything.com/members/index8d97.html]
[www.agentanything.com/files/avatars/17473fe6.jpg]
[www.agentanything.com/files/avatars/14383fe6.jpg]
[www.agentanything.com/members/index4439.html]
[www.agentanything.com/files/avatars/17473454.jpg]
[www.agentanything.com/files/avatars/14383454.jpg]
[www.agentanything.com/members/index1fca.html]
[www.agentanything.com/files/avatars/174735b0.jpg]
[www.agentanything.com/files/avatars/143835b0.jpg]
[www.agentanything.com/members/indexe5fd.html]
[www.agentanything.com/files/avatars/1747689b.jpg]
[www.agentanything.com/files/avatars/1438689b.jpg]
[www.agentanything.com/members/index9a21.html]
[www.agentanything.com/files/avatars/174763c9.jpg]
[www.agentanything.com/files/avatars/143863c9.jpg]
[www.agentanything.com/members/index9618.html]
[www.agentanything.com/files/avatars/174788b2.jpg]
[www.agentanything.com/files/avatars/143888b2.jpg]
[www.agentanything.com/members/index4942.html]
[www.agentanything.com/files/avatars/17477f51.jpg]
[www.agentanything.com/files/avatars/14387f51.jpg]
[www.agentanything.com/members/index5f34.html]
[www.agentanything.com/files/avatars/17476683.jpg]
[www.agentanything.com/files/avatars/14386683.jpg]
[www.agentanything.com/members/index90d3.html]
[www.agentanything.com/files/avatars/1747b4c5.jpg]
[www.agentanything.com/files/avatars/1438b4c5.jpg]
[www.agentanything.com/files/avatars/1191ec42.jpg]
[www.agentanything.com/members/indexdeaf.html]
[www.agentanything.com/files/avatars/1747fe1a.jpg]
[www.agentanything.com/files/avatars/1438a007.jpg]
[www.agentanything.com/files/avatars/1199a007.jpg]
[www.agentanything.com/members/index0c83.html]
[www.agentanything.com/files/avatars/1747b48f.jpg]
[www.agentanything.com/files/avatars/1438b48f.jpg]
[www.agentanything.com/members/indexe136.html]
[www.agentanything.com/files/avatars/1747c8eb.jpg]
[www.agentanything.com/files/avatars/1438c8eb.jpg]
[www.agentanything.com/members/index5a34.html]
[www.agentanything.com/files/avatars/174764b4.jpg]
[www.agentanything.com/files/avatars/143864b4.jpg]
[www.agentanything.com/members/index831c.html]
[www.agentanything.com/files/avatars/1747bc3b.jpg]
[www.agentanything.com/files/avatars/1438bc3b.jpg]
[www.agentanything.com/members/index657a.html]
[www.agentanything.com/files/avatars/1747c6de.jpg]
[www.agentanything.com/files/avatars/1438c6de.jpg]
[www.agentanything.com/members/index3091.html]
[www.agentanything.com/files/avatars/1747699b.jpg]
[www.agentanything.com/files/avatars/1438699b.jpg]
[www.agentanything.com/members/indexa09b.html]
[www.agentanything.com/files/avatars/174779eb.jpg]
[www.agentanything.com/files/avatars/143879eb.jpg]
[www.agentanything.com/files/avatars/122579eb.jpg]
[www.agentanything.com/members/index47a2.html]
[www.agentanything.com/files/avatars/174774b0.jpg]
[www.agentanything.com/files/avatars/143874b0.jpg]
[www.agentanything.com/files/avatars/124074b0.jpg]
[www.agentanything.com/files/avatars/124274b0.jpg]
[www.agentanything.com/members/indexf167.html]
[www.agentanything.com/files/avatars/1747acc3.jpg]
[www.agentanything.com/files/avatars/1438acc3.jpg]
[www.agentanything.com/files/avatars/1249acc3.jpg]
[www.agentanything.com/members/index502e.html]
[www.agentanything.com/files/avatars/1747ca97.jpg]
[www.agentanything.com/files/avatars/1438ca97.jpg]
[www.agentanything.com/members/indexe9bf.html]
[www.agentanything.com/files/avatars/174755cd.jpg]
[www.agentanything.com/files/avatars/143855cd.jpg]
[www.agentanything.com/files/avatars/127155cd.jpg]
[www.agentanything.com/files/avatars/127355cd.jpg]
[www.agentanything.com/files/avatars/127655cd.jpg]
[www.agentanything.com/files/avatars/127755cd.jpg]
[www.agentanything.com/members/index862a.html]
[www.agentanything.com/files/avatars/17473b38.jpg]
[www.agentanything.com/files/avatars/14383b38.jpg]
[www.agentanything.com/members/index8bad.html]
[www.agentanything.com/files/avatars/17472521.jpg]
[www.agentanything.com/files/avatars/14382521.jpg]
[www.agentanything.com/members/index97ec.html]
[www.agentanything.com/files/avatars/1747d7dc.jpg]
[www.agentanything.com/files/avatars/1438d7dc.jpg]
[www.agentanything.com/members/index3372.html]
[www.agentanything.com/files/avatars/17474383.jpg]
[www.agentanything.com/files/avatars/14384383.jpg]
[www.agentanything.com/members/index70ef.html]
[www.agentanything.com/files/avatars/174712dc.jpg]
[www.agentanything.com/files/avatars/143812dc.jpg]
[www.agentanything.com/members/indexccfe.html]
[www.agentanything.com/files/avatars/174769cd.jpg]
[www.agentanything.com/files/avatars/143869cd.jpg]
[www.agentanything.com/members/index1a79.html]
[www.agentanything.com/files/avatars/1747c5c8.jpg]
[www.agentanything.com/files/avatars/1438c5c8.jpg]
[www.agentanything.com/members/index7dd4.html]
[www.agentanything.com/files/avatars/17474a03.jpg]
[www.agentanything.com/files/avatars/14384a03.jpg]
[www.agentanything.com/members/index58a2.html]
[www.agentanything.com/files/avatars/1747c78b.jpg]
[www.agentanything.com/files/avatars/1438c78b.jpg]
[www.agentanything.com/files/avatars/1321c78b.jpg]
[www.agentanything.com/members/index5a40.html]
[www.agentanything.com/files/avatars/174713c9.jpg]
[www.agentanything.com/files/avatars/143813c9.jpg]
[www.agentanything.com/members/index2392.html]
[www.agentanything.com/files/avatars/17470acc.jpg]
[www.agentanything.com/files/avatars/14380acc.jpg]
[www.agentanything.com/members/index8065.html]
[www.agentanything.com/files/avatars/1747524e.jpg]
[www.agentanything.com/files/avatars/1438524e.jpg]
[www.agentanything.com/members/index1c18.html]
[www.agentanything.com/files/avatars/1747f8c8.jpg]
[www.agentanything.com/files/avatars/1438f8c8.jpg]
[www.agentanything.com/members/index553c.html]
[www.agentanything.com/files/avatars/1747f013.jpg]
[www.agentanything.com/files/avatars/1438f013.jpg]
[www.agentanything.com/members/indexaeff.html]
[www.agentanything.com/files/avatars/17470ae5.jpg]
[www.agentanything.com/files/avatars/14380ae5.jpg]
[www.agentanything.com/members/index2675.html]
[www.agentanything.com/files/avatars/174722d3.jpg]
[www.agentanything.com/files/avatars/143822d3.jpg]
[www.agentanything.com/files/avatars/134822d3.jpg]
[www.agentanything.com/members/indexab5b.html]
[www.agentanything.com/files/avatars/17470080.jpg]
[www.agentanything.com/files/avatars/14380080.jpg]
[www.agentanything.com/members/indexbc04.html]
[www.agentanything.com/files/avatars/1747f568.jpg]
[www.agentanything.com/files/avatars/1438f568.jpg]
[www.agentanything.com/files/avatars/13770bc2.jpg]
[www.agentanything.com/members/index855f.html]
[www.agentanything.com/files/avatars/17478b9e.jpg]
[www.agentanything.com/files/avatars/14388b9e.jpg]
[www.agentanything.com/members/index9fe3.html]
[www.agentanything.com/files/avatars/1747e513.jpg]
[www.agentanything.com/files/avatars/1438e513.jpg]
[www.agentanything.com/files/avatars/1397e513.jpg]
[www.agentanything.com/members/index76e1.html]
[www.agentanything.com/files/avatars/17477067.jpg]
[www.agentanything.com/files/avatars/14387067.jpg]
[www.agentanything.com/members/index1879.html]
[www.agentanything.com/files/avatars/17472e44.jpg]
[www.agentanything.com/files/avatars/14382e44.jpg]
[www.agentanything.com/members/index7e84.html]
[www.agentanything.com/files/avatars/17474648.jpg]
[www.agentanything.com/files/avatars/14384648.jpg]
[www.agentanything.com/members/indexa0aa.html]
[www.agentanything.com/files/avatars/1747f8b1.jpg]
[www.agentanything.com/files/avatars/1438f8b1.jpg]
[www.agentanything.com/files/avatars/1795f8b1.jpg]
[www.agentanything.com/members/indexe2e9.html]
[www.agentanything.com/files/avatars/1747ad5a.jpg]
[www.agentanything.com/files/avatars/1438ad5a.jpg]
[www.agentanything.com/members/indexd1e5.html]
[www.agentanything.com/files/avatars/1747ad94.jpg]
[www.agentanything.com/files/avatars/1438ad94.jpg]
[www.agentanything.com/files/avatars/1419ad94.jpg]
[www.agentanything.com/files/avatars/1421ad94.jpg]
[www.agentanything.com/members/indexdbe0.html]
[www.agentanything.com/files/avatars/17477376.jpg]
[www.agentanything.com/files/avatars/14387376.jpg]
[www.agentanything.com/files/avatars/14257376.jpg]
[www.agentanything.com/members/indexcf44.html]
[www.agentanything.com/files/avatars/17473529.jpg]
[www.agentanything.com/files/avatars/14383529.jpg]
[www.agentanything.com/members/index82a0.html]
[www.agentanything.com/files/avatars/17470776.jpg]
[www.agentanything.com/files/avatars/14380776.jpg]
[www.agentanything.com/files/avatars/14480776.jpg]
[www.agentanything.com/members/index0bd1.html]
[www.agentanything.com/files/avatars/17476fb6.jpg]
[www.agentanything.com/files/avatars/14386fb6.jpg]
[www.agentanything.com/files/avatars/14686fb6.jpg]
[www.agentanything.com/files/avatars/14736fb6.jpg]
[www.agentanything.com/members/index0b1c.html]
[www.agentanything.com/files/avatars/1747b1b6.jpg]
[www.agentanything.com/files/avatars/1438b1b6.jpg]
[www.agentanything.com/members/index2dce.html]
[www.agentanything.com/files/avatars/17479c41.jpg]
[www.agentanything.com/files/avatars/14389c41.jpg]
[www.agentanything.com/members/indexdde1.html]
[www.agentanything.com/files/avatars/1747ed5d.jpg]
[www.agentanything.com/files/avatars/1438ed5d.jpg]
[www.agentanything.com/members/index8030.html]
[www.agentanything.com/files/avatars/17474c14.jpg]
[www.agentanything.com/files/avatars/14384c14.jpg]
[www.agentanything.com/members/indexb675.html]
[www.agentanything.com/files/avatars/1747b3a4.jpg]
[www.agentanything.com/files/avatars/1438b3a4.jpg]
[www.agentanything.com/members/indexc333.html]
[www.agentanything.com/files/avatars/17470cae.jpg]
[www.agentanything.com/files/avatars/14380cae.jpg]
[www.agentanything.com/members/index7e6b.html]
[www.agentanything.com/files/avatars/1747977d.jpg]
[www.agentanything.com/files/avatars/1438977d.jpg]
[www.agentanything.com/members/indexfe80.html]
[www.agentanything.com/files/avatars/17479ff7.jpg]
[www.agentanything.com/files/avatars/14389ff7.jpg]
[www.agentanything.com/members/indexb583.html]
[www.agentanything.com/files/avatars/17479586.jpg]
[www.agentanything.com/files/avatars/14389586.jpg]
[www.agentanything.com/members/indexf3c8.html]
[www.agentanything.com/files/avatars/17472952.jpg]
[www.agentanything.com/files/avatars/14382952.jpg]
[www.agentanything.com/files/avatars/15422952.jpg]
[www.agentanything.com/members/indexfb35.html]
[www.agentanything.com/files/avatars/1747635f.jpg]
[www.agentanything.com/files/avatars/1438635f.jpg]
[www.agentanything.com/members/indexa7e0.html]
[www.agentanything.com/files/avatars/17474b22.jpg]
[www.agentanything.com/files/avatars/14384b22.jpg]
[www.agentanything.com/members/index8beb.html]
[www.agentanything.com/files/avatars/17472d54.jpg]
[www.agentanything.com/files/avatars/14382d54.jpg]
[www.agentanything.com/members/index7dc9.html]
[www.agentanything.com/files/avatars/174774be.jpg]
[www.agentanything.com/files/avatars/143874be.jpg]
[www.agentanything.com/members/indexe12d.html]
[www.agentanything.com/files/avatars/1747f69b.jpg]
[www.agentanything.com/files/avatars/1438f69b.jpg]
[www.agentanything.com/files/avatars/1686f69b.jpg]
[www.agentanything.com/members/index1a6a.html]
[www.agentanything.com/files/avatars/1747f063.jpg]
[www.agentanything.com/files/avatars/1438f063.jpg]
[www.agentanything.com/files/avatars/1556f063.jpg]
[www.agentanything.com/members/indexa98a.html]
[www.agentanything.com/files/avatars/17473e8b.jpg]
[www.agentanything.com/files/avatars/14383e8b.jpg]
[www.agentanything.com/members/indexdfe1.html]
[www.agentanything.com/files/avatars/17473eae.jpg]
[www.agentanything.com/files/avatars/14383eae.jpg]
[www.agentanything.com/members/index6602.html]
[www.agentanything.com/files/avatars/1747b21d.jpg]
[www.agentanything.com/files/avatars/1438b21d.jpg]
[www.agentanything.com/members/index3707.html]
[www.agentanything.com/files/avatars/1747e753.jpg]
[www.agentanything.com/files/avatars/1438e753.jpg]
[www.agentanything.com/members/index72aa.html]
[www.agentanything.com/files/avatars/17478323.jpg]
[www.agentanything.com/files/avatars/14388323.jpg]
[www.agentanything.com/members/indexe6e1.html]
[www.agentanything.com/files/avatars/1747a787.jpg]
[www.agentanything.com/files/avatars/1438a787.jpg]
[www.agentanything.com/members/index3586.html]
[www.agentanything.com/files/6712/8312/2160/aanew.ico]
[www.agentanything.com/images/home/alogo.gif]
[www.agentanything.com/images/home/post-mission-button.gif]
[www.agentanything.com/images/home/run-mission-button.gif]
[www.agentanything.com/images/home/ben-and-jerrys-promo.png]
[www.agentanything.com/images/social-icons/facebook-button.gif]
[www.agentanything.com/images/social-icons/twitter-button.gif]
[in.getclicky.com/247553ns.gif]
[www.agentanything.com/images/agentanything-logo.jpg]
[www.agentanything.com/images/login/login-title.gif]
[www.agentanything.com/images/login/forgotten-your-password-title.gif]
[www.agentanything.com/images/signup/become-a-member-title.gif]
[www.agentanything.com/images/signup/mission-agent-box.png]
[www.agentanything.com/images/signup/mission-poster-box.png]
[www.agentanything.com/images/errands/post/post-a-mission-title.gif]
[www.agentanything.com/images/help-icon.gif]
[code.google.com/apis/gears/gears_init.js]
[s7.addthis.com/js/250/addthis_widget.js]
[www.agentanything.com/images/errands/markers/marker_grey.png]
[www.agentanything.com/images/errands/run-a-mission-title.gif]
[www.agentanything.com/images/errands/arrow_down.gif]
[www.agentanything.com/images/errands/legend.png]
[www.agentanything.com/images/errands/close_button.png]
[www.agentanything.com/images/errands/folder-paper-top.png]
[www.agentanything.com/images/errands/folder-paper-bottom.png]
[www.agentanything.com/images/errands/classified-information-small-title.png]
[www.agentanything.com/images/errands/reward-title.png]
[www.agentanything.com/images/errands/accept-mission-button.png]
[www.agentanything.com/images/errands/offer-mission-button.png]
[www.agentanything.com/images/errands/post/check_load.gif]
[www.agentanything.com/images/flag-red-icon.png]
[www.agentanything.com/images/social-icons/facebook32.png]
[www.agentanything.com/images/social-icons/twitter32.png]
[www.agentanything.com/images/social-icons/stumbleupon32.png]
[www.agentanything.com/images/social-icons/addthis32.png]
[www.agentanything.com/files/8512/8335/8148/how-it-works-title.gif]
[www.agentanything.com/files/8412/8335/7595/privacy-policy-title.gif]
[www.agentanything.com/files/6412/8335/7672/terms-of-use-title.gif]
[www.agentanything.com/files/6812/8335/9911/contact-us-title.gif]
[www.agentanything.com/files/4812/8336/0185/enquiry-form-title.gif]
[www.agentanything.com/files/5812/9008/0614/how-to-post-a-mission-title.gif]
[www.agentanything.com/images/errands/examples/mission-examples-title.gif]
[www.agentanything.com/files/avatars/1747ee7e.jpg]
[www.agentanything.com/images/profile/no_avatar.jpg]
[www.agentanything.com/files/avatars/1438ee7e.jpg]
[www.agentanything.com/images/errands/examples/top-agents-paper.png]
[www.agentanything.com/images/users/members-title.gif]
[www.agentanything.com/files/avatars/17477c44.jpg]
[www.agentanything.com/files/avatars/14387c44.jpg]
[www.agentanything.com/images/users/normal-face.png]
[www.agentanything.com/images/users/smiley-face.png]
[www.agentanything.com/images/users/sad-face.png]
[www.agentanything.com/files/6612/9008/0614/how-to-run-a-mission.gif]
[www.agentanything.com/files/5612/9007/6644/client-faqs-title.gif]
[www.agentanything.com/files/3512/9007/6644/agent-faqs-title.gif]
[www.agentanything.com/files/avatars/1747766a.jpg]
[www.agentanything.com/files/avatars/1438766a.jpg]
[www.agentanything.com/files/avatars/6766a.jpg]
[www.agentanything.com/images/signup/agent-sign-up-title.gif]
[www.agentanything.com/images/signup/clients-sign-up-title.gif]
[www.agentanything.com/files/7612/8335/8572/universities-title.gif]
[www.agentanything.com/files/2212/8335/8585/add-your-university-title.gif]
[www.agentanything.com/files/avatars/1747cd6c.jpg]
[www.agentanything.com/files/avatars/1438cd6c.jpg]
[www.agentanything.com/files/avatars/6cd6c.jpg]
[www.agentanything.com/files/avatars/1747ada3.jpg]
[www.agentanything.com/files/avatars/1438ada3.jpg]
[www.agentanything.com/files/avatars/174749b3.jpg]
[www.agentanything.com/files/avatars/143849b3.jpg]
[www.agentanything.com/files/avatars/1747bb57.jpg]
[www.agentanything.com/files/avatars/1438bb57.jpg]
[www.agentanything.com/files/avatars/60bb57.jpg]
[www.agentanything.com/files/avatars/67bb57.jpg]
[www.agentanything.com/files/avatars/1747bf34.jpg]
[www.agentanything.com/files/avatars/1438bf34.jpg]
[www.agentanything.com/files/avatars/72bf34.jpg]
[www.agentanything.com/files/avatars/17474641.jpg]
[www.agentanything.com/files/avatars/14384641.jpg]
[www.agentanything.com/files/avatars/924641.jpg]
[www.agentanything.com/files/avatars/944641.jpg]
[www.agentanything.com/files/avatars/964641.jpg]
[www.agentanything.com/files/avatars/174772a6.jpg]
[www.agentanything.com/files/avatars/143872a6.jpg]
[www.agentanything.com/files/5012/9008/3180/faq-validation-title.gif]
[www.agentanything.com/files/4312/9008/3180/faq-choose-agent-title.gif]
[www.agentanything.com/files/3012/9008/3179/faq-only-students-title.gif]
[www.agentanything.com/files/4412/9008/3179/faq-multiple-agents-title.gif]
[www.agentanything.com/files/avatars/17477643.jpg]
[www.agentanything.com/files/avatars/14387643.jpg]
[www.agentanything.com/files/avatars/17473464.jpg]
[www.agentanything.com/files/avatars/14383464.jpg]
[www.agentanything.com/files/avatars/1747b54c.jpg]
[www.agentanything.com/files/avatars/1438b54c.jpg]
[www.agentanything.com/files/avatars/17474027.jpg]
[www.agentanything.com/files/avatars/14384027.jpg]
[www.agentanything.com/files/avatars/17472333.jpg]
[www.agentanything.com/files/avatars/14382333.jpg]
[www.agentanything.com/files/avatars/602333.jpg]
[www.agentanything.com/files/avatars/672333.jpg]
[www.agentanything.com/files/avatars/1747bcea.jpg]
[www.agentanything.com/files/avatars/1438bcea.jpg]
[www.agentanything.com/files/avatars/1747cf76.jpg]
[www.agentanything.com/files/avatars/1438cf76.jpg]
[www.agentanything.com/files/avatars/17471e6b.jpg]
[www.agentanything.com/files/avatars/14381e6b.jpg]
[www.agentanything.com/files/avatars/110f695.jpg]
[www.agentanything.com/files/avatars/1747a1bf.jpg]
[www.agentanything.com/files/avatars/1438a1bf.jpg]
[www.agentanything.com/files/avatars/146424f.jpg]
[www.agentanything.com/files/avatars/17475d3d.jpg]
[www.agentanything.com/files/avatars/14385d3d.jpg]
[www.agentanything.com/files/avatars/17478d18.jpg]
[www.agentanything.com/files/avatars/14388d18.jpg]
[www.agentanything.com/files/avatars/1808d18.jpg]
[www.agentanything.com/files/avatars/17472c0a.jpg]
[www.agentanything.com/files/avatars/14382c0a.jpg]
[www.agentanything.com/files/avatars/1747139d.jpg]
[www.agentanything.com/files/avatars/1438139d.jpg]
[www.agentanything.com/files/avatars/1747bc67.jpg]
[www.agentanything.com/files/avatars/1438bc67.jpg]
[www.agentanything.com/files/avatars/116bc67.jpg]
[www.agentanything.com/files/avatars/1747ee36.jpg]
[www.agentanything.com/files/avatars/1438ee36.jpg]
[www.agentanything.com/files/avatars/135ee36.jpg]
[www.agentanything.com/files/avatars/144ee36.jpg]
[www.agentanything.com/files/avatars/1747cd39.jpg]
[www.agentanything.com/files/avatars/1438cd39.jpg]
[www.agentanything.com/files/avatars/153cd39.jpg]
[www.agentanything.com/files/avatars/163cd39.jpg]
[www.agentanything.com/files/avatars/17477f96.jpg]
[www.agentanything.com/files/avatars/14387f96.jpg]
[www.agentanything.com/files/avatars/1727f96.jpg]
[www.agentanything.com/files/avatars/1787f96.jpg]
[www.agentanything.com/files/avatars/174785a4.jpg]
[www.agentanything.com/files/avatars/143885a4.jpg]
[www.agentanything.com/files/avatars/18885a4.jpg]
[www.agentanything.com/files/avatars/174761a8.jpg]
[www.agentanything.com/files/avatars/143861a8.jpg]
[www.agentanything.com/files/avatars/308861a8.jpg]
[www.agentanything.com/files/avatars/17473203.jpg]
[www.agentanything.com/files/avatars/14383203.jpg]
[www.agentanything.com/files/avatars/1747aee7.jpg]
[www.agentanything.com/files/avatars/1438aee7.jpg]
[www.agentanything.com/files/avatars/2981aee7.jpg]
[www.agentanything.com/files/avatars/174771ef.jpg]
[www.agentanything.com/files/avatars/143871ef.jpg]
[www.agentanything.com/files/avatars/299371ef.jpg]
[www.agentanything.com/files/avatars/300171ef.jpg]
[www.agentanything.com/files/avatars/300371ef.jpg]
[www.agentanything.com/files/avatars/17472afe.jpg]
[www.agentanything.com/files/avatars/14382afe.jpg]
[www.agentanything.com/files/avatars/1747418f.jpg]
[www.agentanything.com/files/avatars/1438418f.jpg]
[www.agentanything.com/files/avatars/6418f.jpg]
[www.agentanything.com/files/avatars/17476e1f.jpg]
[www.agentanything.com/files/avatars/14386e1f.jpg]
[www.agentanything.com/files/avatars/726e1f.jpg]
[www.agentanything.com/files/avatars/17474fb9.jpg]
[www.agentanything.com/files/avatars/14384fb9.jpg]
[www.agentanything.com/files/avatars/921f2e.jpg]
[www.agentanything.com/files/avatars/941f2e.jpg]
[www.agentanything.com/files/avatars/1747bcb1.jpg]
[www.agentanything.com/files/avatars/1438bcb1.jpg]
[www.agentanything.com/files/avatars/96bcb1.jpg]
[www.agentanything.com/files/avatars/1747aa95.jpg]
[www.agentanything.com/files/avatars/1438aa95.jpg]
[www.agentanything.com/files/avatars/110aa95.jpg]
[www.agentanything.com/files/avatars/116aa95.jpg]
[www.agentanything.com/files/avatars/1747e937.jpg]
[www.agentanything.com/files/avatars/1438e937.jpg]
[www.agentanything.com/files/avatars/135e937.jpg]
[www.agentanything.com/files/avatars/1747d961.jpg]
[www.agentanything.com/files/avatars/1438d961.jpg]
[www.agentanything.com/files/avatars/1747dda2.jpg]
[www.agentanything.com/files/avatars/1438dda2.jpg]
[www.agentanything.com/files/avatars/1747e8f7.jpg]
[www.agentanything.com/files/avatars/1438e8f7.jpg]
[www.agentanything.com/files/avatars/3060e8f7.jpg]
[www.agentanything.com/files/avatars/1747f1e0.jpg]
[www.agentanything.com/files/avatars/1438f1e0.jpg]
[www.agentanything.com/files/avatars/3077f1e0.jpg]
[www.agentanything.com/files/avatars/3082f1e0.jpg]
[www.agentanything.com/files/avatars/1747aa01.jpg]
[www.agentanything.com/files/avatars/1438aa01.jpg]
[www.agentanything.com/files/avatars/3088aa01.jpg]
[www.agentanything.com/files/avatars/17474364.jpg]
[www.agentanything.com/files/avatars/14384364.jpg]
[www.agentanything.com/files/avatars/64f3f.jpg]
[www.agentanything.com/files/avatars/17477afe.jpg]
[www.agentanything.com/files/avatars/14387afe.jpg]
[www.agentanything.com/files/avatars/1747142d.jpg]
[www.agentanything.com/files/avatars/1438142d.jpg]
[www.agentanything.com/files/avatars/1747cdef.jpg]
[www.agentanything.com/files/avatars/1438cdef.jpg]
[www.agentanything.com/files/avatars/174720f4.jpg]
[www.agentanything.com/files/avatars/143820f4.jpg]
[www.agentanything.com/files/avatars/3252090.jpg]
[www.agentanything.com/files/avatars/1747ea35.jpg]
[www.agentanything.com/files/avatars/1438ea35.jpg]
[www.agentanything.com/files/avatars/174767b3.jpg]
[www.agentanything.com/files/avatars/143867b3.jpg]
[www.agentanything.com/files/avatars/1747d4d7.jpg]
[www.agentanything.com/files/avatars/1438d4d7.jpg]
[www.agentanything.com/files/avatars/3023d4d7.jpg]
[www.agentanything.com/files/avatars/1747b6c9.jpg]
[www.agentanything.com/files/avatars/1438b6c9.jpg]
[www.agentanything.com/files/avatars/17474a4a.jpg]
[www.agentanything.com/files/avatars/14384a4a.jpg]
[www.agentanything.com/files/avatars/30604a4a.jpg]
[www.agentanything.com/files/avatars/30774a4a.jpg]
[www.agentanything.com/files/avatars/1747ab3f.jpg]
[www.agentanything.com/files/avatars/1438ab3f.jpg]
[www.agentanything.com/files/avatars/3082ab3f.jpg]
[www.agentanything.com/files/avatars/17475113.jpg]
[www.agentanything.com/files/avatars/14385113.jpg]
[www.agentanything.com/files/avatars/2115113.jpg]
[www.agentanything.com/files/avatars/2155113.jpg]
[www.agentanything.com/files/avatars/2205113.jpg]
[www.agentanything.com/files/avatars/2245113.jpg]
[www.agentanything.com/files/avatars/1747c1d8.jpg]
[www.agentanything.com/files/avatars/1438c1d8.jpg]
[www.agentanything.com/files/avatars/1747c69d.jpg]
[www.agentanything.com/files/avatars/1438c69d.jpg]
[www.agentanything.com/files/avatars/1747f320.jpg]
[www.agentanything.com/files/avatars/1438f320.jpg]
[www.agentanything.com/files/avatars/275f320.jpg]
[www.agentanything.com/files/avatars/282f320.jpg]
[www.agentanything.com/files/avatars/17472687.jpg]
[www.agentanything.com/files/avatars/14382687.jpg]
[www.agentanything.com/files/avatars/174784b7.jpg]
[www.agentanything.com/files/avatars/143884b7.jpg]
[www.agentanything.com/files/avatars/1747ddd2.jpg]
[www.agentanything.com/files/avatars/1438ddd2.jpg]
[www.agentanything.com/files/avatars/17476282.jpg]
[www.agentanything.com/files/avatars/14386282.jpg]
[www.agentanything.com/files/avatars/27406282.jpg]
[www.agentanything.com/files/avatars/1747a7f9.jpg]
[www.agentanything.com/files/avatars/1438a7f9.jpg]
[www.agentanything.com/files/avatars/17476c15.jpg]
[www.agentanything.com/files/avatars/14386c15.jpg]
[www.agentanything.com/files/avatars/174746e0.jpg]
[www.agentanything.com/files/avatars/143846e0.jpg]
[www.agentanything.com/files/avatars/14446e0.jpg]
[www.agentanything.com/files/avatars/14646e0.jpg]
[www.agentanything.com/files/avatars/1747b798.jpg]
[www.agentanything.com/files/avatars/1438b798.jpg]
[www.agentanything.com/files/avatars/153b798.jpg]
[www.agentanything.com/files/avatars/17472d73.jpg]
[www.agentanything.com/files/avatars/14382d73.jpg]
[www.agentanything.com/files/avatars/1632d73.jpg]
[www.agentanything.com/files/avatars/1747518e.jpg]
[www.agentanything.com/files/avatars/1438518e.jpg]
[www.agentanything.com/files/avatars/172518e.jpg]
[www.agentanything.com/files/avatars/178518e.jpg]
[www.agentanything.com/files/avatars/1747dc8c.jpg]
[www.agentanything.com/files/avatars/1438dc8c.jpg]
[www.agentanything.com/files/avatars/180dc8c.jpg]
[www.agentanything.com/files/avatars/188dc8c.jpg]
[www.agentanything.com/files/avatars/1747f78e.jpg]
[www.agentanything.com/files/avatars/1438f78e.jpg]
[www.agentanything.com/files/avatars/1747d542.jpg]
[www.agentanything.com/files/avatars/1438d542.jpg]
[www.agentanything.com/files/avatars/299321bf.jpg]
[www.agentanything.com/files/avatars/1747bc6c.jpg]
[www.agentanything.com/files/avatars/1438bc6c.jpg]
[www.agentanything.com/files/avatars/3001bc6c.jpg]
[www.agentanything.com/files/avatars/3003bc6c.jpg]
[www.agentanything.com/files/avatars/1747e4d8.jpg]
[www.agentanything.com/files/avatars/1438e4d8.jpg]
[www.agentanything.com/files/avatars/3014e4d8.jpg]
[www.agentanything.com/files/avatars/3015e4d8.jpg]
[www.agentanything.com/files/avatars/174784f4.jpg]
[www.agentanything.com/files/avatars/143884f4.jpg]
[www.agentanything.com/files/avatars/302384f4.jpg]
[www.agentanything.com/files/avatars/17472cb5.jpg]
[www.agentanything.com/files/avatars/14382cb5.jpg]
[www.agentanything.com/files/avatars/17471822.jpg]
[www.agentanything.com/files/avatars/14381822.jpg]
[www.agentanything.com/files/avatars/3911822.jpg]
[www.agentanything.com/files/avatars/17477f54.jpg]
[www.agentanything.com/files/avatars/14387f54.jpg]
[www.agentanything.com/files/avatars/4297f54.jpg]
[www.agentanything.com/files/avatars/1747a99f.jpg]
[www.agentanything.com/files/avatars/1438a99f.jpg]
[www.agentanything.com/files/avatars/17474c95.jpg]
[www.agentanything.com/files/avatars/14384c95.jpg]
[www.agentanything.com/files/avatars/17478e8d.jpg]
[www.agentanything.com/files/avatars/14388e8d.jpg]
[www.agentanything.com/files/avatars/30148e8d.jpg]
[www.agentanything.com/files/avatars/30158e8d.jpg]
[www.agentanything.com/files/avatars/174773d5.jpg]
[www.agentanything.com/files/avatars/143873d5.jpg]
[www.agentanything.com/files/avatars/1747671e.jpg]
[www.agentanything.com/files/avatars/1438671e.jpg]
[www.agentanything.com/files/avatars/2957671e.jpg]
[www.agentanything.com/files/avatars/174785e3.jpg]
[www.agentanything.com/files/avatars/143885e3.jpg]
[www.agentanything.com/files/avatars/1747e395.jpg]
[www.agentanything.com/files/avatars/1438e395.jpg]
[www.agentanything.com/files/avatars/17473626.jpg]
[www.agentanything.com/files/avatars/14383626.jpg]
[www.agentanything.com/files/avatars/3147f41.jpg]
[www.agentanything.com/files/avatars/1747a351.jpg]
[www.agentanything.com/files/avatars/1438a351.jpg]
[www.agentanything.com/files/avatars/333a351.jpg]
[www.agentanything.com/files/avatars/340a351.jpg]
[www.agentanything.com/files/avatars/17473271.jpg]
[www.agentanything.com/files/avatars/14383271.jpg]
[www.agentanything.com/files/avatars/1747810a.jpg]
[www.agentanything.com/files/avatars/1438810a.jpg]
[www.agentanything.com/files/avatars/399810a.jpg]
[www.agentanything.com/files/avatars/400810a.jpg]
[www.agentanything.com/files/avatars/411810a.jpg]
[www.agentanything.com/files/avatars/1747baed.jpg]
[www.agentanything.com/files/avatars/1438baed.jpg]
[www.agentanything.com/files/avatars/421baed.jpg]
[www.agentanything.com/files/avatars/424baed.jpg]
[www.agentanything.com/files/avatars/426baed.jpg]
[www.agentanything.com/files/avatars/17470e59.jpg]
[www.agentanything.com/files/avatars/14380e59.jpg]
[www.agentanything.com/files/avatars/17474011.jpg]
[www.agentanything.com/files/avatars/14384011.jpg]
[www.agentanything.com/files/avatars/1747c8c2.jpg]
[www.agentanything.com/files/avatars/1438c8c2.jpg]
[www.agentanything.com/files/avatars/1747ba08.jpg]
[www.agentanything.com/files/avatars/1438ba08.jpg]
[www.agentanything.com/files/avatars/17477580.jpg]
[www.agentanything.com/files/avatars/14387580.jpg]
[www.agentanything.com/files/avatars/1747c229.jpg]
[www.agentanything.com/files/avatars/1438c229.jpg]
[www.agentanything.com/files/avatars/1747a988.jpg]
[www.agentanything.com/files/avatars/1438a988.jpg]
[www.agentanything.com/files/avatars/2119694.jpg]
[www.agentanything.com/files/avatars/17472d01.jpg]
[www.agentanything.com/files/avatars/14382d01.jpg]
[www.agentanything.com/files/avatars/2152d01.jpg]
[www.agentanything.com/files/avatars/2202d01.jpg]
[www.agentanything.com/files/avatars/2242d01.jpg]
[www.agentanything.com/files/avatars/1747a3f3.jpg]
[www.agentanything.com/files/avatars/1438a3f3.jpg]
[www.agentanything.com/files/avatars/17472f6e.jpg]
[www.agentanything.com/files/avatars/14382f6e.jpg]
[www.agentanything.com/files/avatars/1747d534.jpg]
[www.agentanything.com/files/avatars/1438d534.jpg]
[www.agentanything.com/files/avatars/2981d534.jpg]
[www.agentanything.com/files/avatars/1747e8f4.jpg]
[www.agentanything.com/files/avatars/1438e8f4.jpg]
[www.agentanything.com/files/avatars/1747125a.jpg]
[www.agentanything.com/files/avatars/1438125a.jpg]
[www.agentanything.com/files/avatars/1747ed22.jpg]
[www.agentanything.com/files/avatars/1438ed22.jpg]
[www.agentanything.com/files/avatars/17473bea.jpg]
[www.agentanything.com/files/avatars/14383bea.jpg]
[www.agentanything.com/files/avatars/29573bea.jpg]
[www.agentanything.com/files/avatars/17472f1f.jpg]
[www.agentanything.com/files/avatars/14382f1f.jpg]
[www.agentanything.com/files/avatars/17470c00.jpg]
[www.agentanything.com/files/avatars/14380c00.jpg]
[www.agentanything.com/files/avatars/1747ad1b.jpg]
[www.agentanything.com/files/avatars/1438ad1b.jpg]
[www.agentanything.com/files/avatars/1747322a.jpg]
[www.agentanything.com/files/avatars/1438322a.jpg]
[www.agentanything.com/files/avatars/174753ad.jpg]
[www.agentanything.com/files/avatars/143853ad.jpg]
[www.agentanything.com/members/indexe101.html]
[www.agentanything.com/files/avatars/1747ec36.jpg]
[www.agentanything.com/files/avatars/1438ec36.jpg]
[www.agentanything.com/files/avatars/810ec36.jpg]
[www.agentanything.com/members/index74b0.html]
[www.agentanything.com/files/avatars/1747be6a.jpg]
[www.agentanything.com/files/avatars/1438be6a.jpg]
[www.agentanything.com/members/index15d8.html]
[www.agentanything.com/files/avatars/1747f645.jpg]
[www.agentanything.com/files/avatars/1438f645.jpg]
[www.agentanything.com/members/indexe59f.html]
[www.agentanything.com/files/avatars/1747fc46.jpg]
[www.agentanything.com/files/avatars/1438fc46.jpg]
[www.agentanything.com/files/avatars/561fc46.jpg]
[www.agentanything.com/files/avatars/563fc46.jpg]
[www.agentanything.com/members/indexd8ea.html]
[www.agentanything.com/files/avatars/17479052.jpg]
[www.agentanything.com/files/avatars/14389052.jpg]
[www.agentanything.com/members/indexe689.html]
[www.agentanything.com/files/avatars/1747be2d.jpg]
[www.agentanything.com/files/avatars/1438be2d.jpg]
[www.agentanything.com/files/avatars/609be2d.jpg]
[www.agentanything.com/files/avatars/611be2d.jpg]
[www.agentanything.com/files/avatars/615be2d.jpg]
[www.agentanything.com/members/indexf9dc.html]
[www.agentanything.com/files/avatars/174718bd.jpg]
[www.agentanything.com/files/avatars/143818bd.jpg]
[www.agentanything.com/files/avatars/61618bd.jpg]
[www.agentanything.com/files/avatars/63071da.jpg]
[www.agentanything.com/files/avatars/63671da.jpg]
[www.agentanything.com/members/index9a37.html]
[www.agentanything.com/files/avatars/174730f0.jpg]
[www.agentanything.com/files/avatars/143830f0.jpg]
[www.agentanything.com/members/index29b5.html]
[www.agentanything.com/files/avatars/1747b089.jpg]
[www.agentanything.com/files/avatars/1438b089.jpg]
[www.agentanything.com/members/index6fa5.html]
[www.agentanything.com/files/avatars/1747eb6f.jpg]
[www.agentanything.com/files/avatars/1438eb6f.jpg]
[www.agentanything.com/members/index1a09.html]
[www.agentanything.com/files/avatars/1747d921.jpg]
[www.agentanything.com/files/avatars/1438d921.jpg]
[www.agentanything.com/files/avatars/325d921.jpg]
[www.agentanything.com/members/index02fb.html]
[www.agentanything.com/files/avatars/17473122.jpg]
[www.agentanything.com/files/avatars/14383122.jpg]
[www.agentanything.com/files/avatars/3333122.jpg]
[www.agentanything.com/files/avatars/3403122.jpg]
[www.agentanything.com/members/index89c0.html]
[www.agentanything.com/files/avatars/174745cb.jpg]
[www.agentanything.com/files/avatars/143845cb.jpg]
[www.agentanything.com/members/index1cb2.html]
[www.agentanything.com/files/avatars/174724be.jpg]
[www.agentanything.com/files/avatars/143824be.jpg]
[www.agentanything.com/members/indexe98e.html]
[www.agentanything.com/files/avatars/17472bee.jpg]
[www.agentanything.com/files/avatars/14382bee.jpg]
[www.agentanything.com/members/indexeaed.html]
[www.agentanything.com/files/avatars/174733d4.jpg]
[www.agentanything.com/files/avatars/143833d4.jpg]
[www.agentanything.com/members/index3eb1.html]
[www.agentanything.com/files/avatars/17476ee8.jpg]
[www.agentanything.com/files/avatars/14386ee8.jpg]
[www.agentanything.com/members/indexe96d.html]
[www.agentanything.com/files/avatars/1747bcb4.jpg]
[www.agentanything.com/files/avatars/1438bcb4.jpg]
[www.agentanything.com/members/index6203.html]
[www.agentanything.com/files/avatars/17470a4e.jpg]
[www.agentanything.com/files/avatars/14380a4e.jpg]
[www.agentanything.com/files/avatars/9060a4e.jpg]
[www.agentanything.com/members/index848a.html]
[www.agentanything.com/files/avatars/17479ca3.jpg]
[www.agentanything.com/files/avatars/14389ca3.jpg]
[www.agentanything.com/members/indexbcbe.html]
[www.agentanything.com/files/avatars/174780ae.jpg]
[www.agentanything.com/files/avatars/143880ae.jpg]
[www.agentanything.com/members/index7222.html]
[www.agentanything.com/files/avatars/17479fbf.jpg]
[www.agentanything.com/files/avatars/14389fbf.jpg]
[www.agentanything.com/members/indexbf7a.html]
[www.agentanything.com/files/avatars/174757e1.jpg]
[www.agentanything.com/files/avatars/143857e1.jpg]
[www.agentanything.com/members/index3a11.html]
[www.agentanything.com/files/avatars/17475b7b.jpg]
[www.agentanything.com/files/avatars/14385b7b.jpg]
[www.agentanything.com/members/index2631.html]
[www.agentanything.com/files/avatars/1747e43f.jpg]
[www.agentanything.com/files/avatars/1438e43f.jpg]
[www.agentanything.com/files/avatars/673e43f.jpg]
[www.agentanything.com/files/avatars/684e43f.jpg]
[www.agentanything.com/members/indexc403.html]
[www.agentanything.com/files/avatars/1747d1d9.jpg]
[www.agentanything.com/files/avatars/1438d1d9.jpg]
[www.agentanything.com/members/indexdc82.html]
[www.agentanything.com/files/avatars/17474d9f.jpg]
[www.agentanything.com/files/avatars/14384d9f.jpg]
[www.agentanything.com/files/avatars/7074d9f.jpg]
[www.agentanything.com/files/avatars/7254d9f.jpg]
[www.agentanything.com/files/avatars/7324d9f.jpg]
[www.agentanything.com/files/avatars/7354d9f.jpg]
[www.agentanything.com/members/indexe74b.html]
[www.agentanything.com/files/avatars/1747ebf4.jpg]
[www.agentanything.com/files/avatars/1438ebf4.jpg]
[www.agentanything.com/members/index0d22.html]
[www.agentanything.com/files/avatars/174773b1.jpg]
[www.agentanything.com/files/avatars/143873b1.jpg]
[www.agentanything.com/members/index1cc7.html]
[www.agentanything.com/files/avatars/1747bb00.jpg]
[www.agentanything.com/files/avatars/1438bb00.jpg]
[www.agentanything.com/files/avatars/2315bb00.jpg]
[www.agentanything.com/members/index2bda.html]
[www.agentanything.com/files/avatars/1747065e.jpg]
[www.agentanything.com/files/avatars/1438065e.jpg]
[www.agentanything.com/members/index39c3.html]
[www.agentanything.com/members/indexcba2.html]
