[backblue.gif]
[fade.gif]
[index.html]
[www.agentanything.com/files/6712/8312/2160/aanew.ico]
[www.agentanything.com/images/home/alogo.gif]
[www.agentanything.com/images/home/post-mission-button.gif]
[www.agentanything.com/images/home/run-mission-button.gif]
[www.agentanything.com/images/home/ben-and-jerrys-promo.png]
[www.agentanything.com/images/social-icons/facebook-button.gif]
[www.agentanything.com/images/social-icons/twitter-button.gif]
[in.getclicky.com/247553ns.gif]
[www.agentanything.com/index.html]
[www.agentanything.com/index-2.html]
[www.agentanything.com/images/agentanything-logo.jpg]
[www.agentanything.com/register-your-interest.html]
[www.agentanything.com/images/login/login-title.gif]
[www.agentanything.com/images/login/forgotten-your-password-title.gif]
[www.agentanything.com/login/index.html]
[www.agentanything.com/images/signup/become-a-member-title.gif]
[www.agentanything.com/images/signup/mission-agent-box.png]
[www.agentanything.com/images/signup/mission-poster-box.png]
[www.agentanything.com/signup/index.html]
[www.agentanything.com/images/errands/post/post-a-mission-title.gif]
[www.agentanything.com/images/help-icon.gif]
[www.agentanything.com/errands/post/wizard/index.html]
[code.google.com/apis/gears/gears_init.js]
[s7.addthis.com/js/250/addthis_widget.js]
[www.agentanything.com/images/errands/markers/marker_grey.png]
[www.agentanything.com/images/errands/run-a-mission-title.gif]
[www.agentanything.com/images/errands/arrow_down.gif]
[www.agentanything.com/images/errands/legend.png]
[www.agentanything.com/images/errands/close_button.png]
[www.agentanything.com/images/errands/folder-paper-top.png]
[www.agentanything.com/images/errands/folder-paper-bottom.png]
[www.agentanything.com/images/errands/classified-information-small-title.png]
[www.agentanything.com/images/errands/reward-title.png]
[www.agentanything.com/images/errands/accept-mission-button.png]
[www.agentanything.com/images/errands/offer-mission-button.png]
[www.agentanything.com/images/errands/post/check_load.gif]
[www.agentanything.com/images/flag-red-icon.png]
[www.agentanything.com/images/social-icons/facebook32.png]
[www.agentanything.com/images/social-icons/twitter32.png]
[www.agentanything.com/images/social-icons/stumbleupon32.png]
[www.agentanything.com/images/social-icons/addthis32.png]
[www.agentanything.com/errands/index.html]
[www.agentanything.com/files/8512/8335/8148/how-it-works-title.gif]
[www.agentanything.com/how-it-works/index.html]
[www.agentanything.com/errands/post/wizard/indexfdaf.html]
[www.agentanything.com/files/8412/8335/7595/privacy-policy-title.gif]
[www.agentanything.com/privacy-policy/index.html]
[www.agentanything.com/files/6412/8335/7672/terms-of-use-title.gif]
[www.agentanything.com/terms-of-use/index.html]
[www.agentanything.com/files/6812/8335/9911/contact-us-title.gif]
[www.agentanything.com/files/4812/8336/0185/enquiry-form-title.gif]
[www.agentanything.com/contact-us/index.html]
[www.agentanything.com/files/5812/9008/0614/how-to-post-a-mission-title.gif]
[www.agentanything.com/how-it-works/client-faqs/how-to-post-a-mission/index.html]
[www.agentanything.com/images/errands/examples/mission-examples-title.gif]
[www.agentanything.com/files/avatars/1747ee7e.jpg]
[www.agentanything.com/images/profile/no_avatar.jpg]
[www.agentanything.com/files/avatars/1438ee7e.jpg]
[www.agentanything.com/errands/examples/index.html]
[www.agentanything.com/images/errands/examples/top-agents-paper.png]
[www.agentanything.com/images/users/members-title.gif]
[www.agentanything.com/files/avatars/17477c44.jpg]
[www.agentanything.com/files/avatars/14387c44.jpg]
[www.agentanything.com/images/users/normal-face.png]
[www.agentanything.com/images/users/smiley-face.png]
[www.agentanything.com/images/users/sad-face.png]
[www.agentanything.com/members/index0ffc.html]
[www.agentanything.com/files/6612/9008/0614/how-to-run-a-mission.gif]
[www.agentanything.com/how-it-works/agent-faqs/how-to-run-a-mission/index.html]
[www.agentanything.com/files/5612/9007/6644/client-faqs-title.gif]
[www.agentanything.com/how-it-works/client-faqs/index.html]
[www.agentanything.com/files/3512/9007/6644/agent-faqs-title.gif]
[www.agentanything.com/how-it-works/agent-faqs/index.html]
[www.agentanything.com/files/avatars/1747766a.jpg]
[www.agentanything.com/files/avatars/1438766a.jpg]
[www.agentanything.com/files/avatars/6766a.jpg]
[www.agentanything.com/members/index.html]
[www.agentanything.com/images/signup/agent-sign-up-title.gif]
[www.agentanything.com/signup/agent/index29e0.html]
[www.agentanything.com/images/signup/clients-sign-up-title.gif]
[www.agentanything.com/signup/poster/index29e0.html]
[www.agentanything.com/errands/post/wizard/step1/index.html]
[s7.addthis.com/js/250/addthis_widget.js]
[api.tweetmeme.com/buttonc461.html]
[www.agentanything.com/errands/wait-in-line-for-ipad2-1.html]
[www.agentanything.com/errands/review-text-in-english-9.html]
[www.agentanything.com/errands/deliver-sub-sandwiches-1.html]
[www.agentanything.com/errands/just-bring-10-people-to-see-a-new-indie-band.html]
[www.agentanything.com/errands/get-paid-to-bring-10-people-to-see-a-new-indie-band.html]
[www.agentanything.com/errands/create-2-illustrations-to-accompany-a-short-narrative-1.html]
[www.agentanything.com/errands/need-clients-for-my-daycare-baby-cubs-daycare-inc-3.html]
[www.agentanything.com/errands/index7404.html]
[www.agentanything.com/files/7612/8335/8572/universities-title.gif]
[www.agentanything.com/files/2212/8335/8585/add-your-university-title.gif]
[www.agentanything.com/colleges.html]
[www.agentanything.com/how-it-works/agent-faqs.html]
[www.agentanything.com/how-it-works/client-faqs.html]
[www.agentanything.com/terms-of-use.html]
[www.agentanything.com/errands/post/wizard.html]
[www.agentanything.com/errands/clean-my-apartment-2.html]
[www.agentanything.com/errands/pickup-packages-on-east-14th-street-3.html]
[www.agentanything.com/errands/move-lps.html]
[www.agentanything.com/errands/burn-logos-and-images-on-a-dvd-player-for-use-on-tv-screens.html]
[www.agentanything.com/errands/pick-up-stuff-from-babies-r-us.html]
[www.agentanything.com/errands/loading-a-small-moving-truck.html]
[www.agentanything.com/errands/the-carlyle.html]
[www.agentanything.com/files/avatars/1747cd6c.jpg]
[www.agentanything.com/files/avatars/1438cd6c.jpg]
[www.agentanything.com/files/avatars/6cd6c.jpg]
[www.agentanything.com/members/index46d4.html]
[www.agentanything.com/files/avatars/1747ada3.jpg]
[www.agentanything.com/files/avatars/1438ada3.jpg]
[www.agentanything.com/members/indexf80c.html]
[www.agentanything.com/files/avatars/174749b3.jpg]
[www.agentanything.com/files/avatars/143849b3.jpg]
[www.agentanything.com/members/indexb521.html]
[www.agentanything.com/files/avatars/1747bb57.jpg]
[www.agentanything.com/files/avatars/1438bb57.jpg]
[www.agentanything.com/files/avatars/60bb57.jpg]
[www.agentanything.com/files/avatars/67bb57.jpg]
[www.agentanything.com/members/index234e.html]
[www.agentanything.com/files/avatars/1747bf34.jpg]
[www.agentanything.com/files/avatars/1438bf34.jpg]
[www.agentanything.com/files/avatars/72bf34.jpg]
[www.agentanything.com/members/index89c7.html]
[www.agentanything.com/files/avatars/17474641.jpg]
[www.agentanything.com/files/avatars/14384641.jpg]
[www.agentanything.com/files/avatars/924641.jpg]
[www.agentanything.com/files/avatars/944641.jpg]
[www.agentanything.com/files/avatars/964641.jpg]
[www.agentanything.com/members/indexf5c4.html]
[www.agentanything.com/files/avatars/174772a6.jpg]
[www.agentanything.com/files/avatars/143872a6.jpg]
[www.agentanything.com/members/indexa7f6.html]
[www.agentanything.com/errands.html]
[www.agentanything.com/contact-us.html]
[www.agentanything.com/files/5012/9008/3180/faq-validation-title.gif]
[www.agentanything.com/how-it-works/client-faqs/my-validation-e-mail-hasn-t-come-through-what-can-i-do/index.html]
[www.agentanything.com/files/4312/9008/3180/faq-choose-agent-title.gif]
[www.agentanything.com/how-it-works/client-faqs/can-i-choose-which-agent-runs-my-mission/index.html]
[www.agentanything.com/files/3012/9008/3179/faq-only-students-title.gif]
[www.agentanything.com/how-it-works/client-faqs/why-let-only-students-become-agents/index.html]
[www.agentanything.com/files/4412/9008/3179/faq-multiple-agents-title.gif]
[www.agentanything.com/how-it-works/client-faqs/i-need-to-find-hire-more-than-one-agent-for-the-same-mission/index.html]
[www.agentanything.com/colleges/index.html]
[www.agentanything.com/files/avatars/17477643.jpg]
[www.agentanything.com/files/avatars/14387643.jpg]
[www.agentanything.com/members/index3214.html]
[www.agentanything.com/files/avatars/17473464.jpg]
[www.agentanything.com/files/avatars/14383464.jpg]
[www.agentanything.com/members/index16fa.html]
[www.agentanything.com/files/avatars/1747b54c.jpg]
[www.agentanything.com/files/avatars/1438b54c.jpg]
[www.agentanything.com/members/indexe0a2.html]
[www.agentanything.com/files/avatars/17474027.jpg]
[www.agentanything.com/files/avatars/14384027.jpg]
[www.agentanything.com/members/indexcd83.html]
[www.agentanything.com/files/avatars/17472333.jpg]
[www.agentanything.com/files/avatars/14382333.jpg]
[www.agentanything.com/files/avatars/602333.jpg]
[www.agentanything.com/files/avatars/672333.jpg]
[www.agentanything.com/members/index2532.html]
[www.agentanything.com/files/avatars/1747bcea.jpg]
[www.agentanything.com/files/avatars/1438bcea.jpg]
[www.agentanything.com/members/index003f.html]
[www.agentanything.com/errands/www.addthis.com/index.html]
[www.agentanything.com/images/404-title.gif]
[www.agentanything.com/errands/static/r07/sh33.html]
[www.agentanything.com/errands/static/r05/feed00.html]
[www.agentanything.com/errands/static/r07/menu70.html]
[www.agentanything.com/errands/addthis_widget.html]
[zulu.tweetmeme.com/b.gif]
[zulu.tweetmeme.com/button_loader.gif]
[api.tweetmeme.com/buttonc461.html]
[www.agentanything.com/errands/business-plan-for-progressive-startup-online-mens-fashion-company-3.html]
[www.agentanything.com/errands/remove-old-kitchen-sink-fixtures-install-new-1.html]
[www.agentanything.com/errands/seo-andamp-link-building.html]
[www.agentanything.com/errands/paint-my-apartment.html]
[www.agentanything.com/errands/index4cf2.html]
[www.agentanything.com/files/avatars/1747cf76.jpg]
[www.agentanything.com/files/avatars/1438cf76.jpg]
[www.agentanything.com/members/index6a18.html]
[www.agentanything.com/files/avatars/17471e6b.jpg]
[www.agentanything.com/files/avatars/14381e6b.jpg]
[www.agentanything.com/files/avatars/110f695.jpg]
[www.agentanything.com/members/index8187.html]
[www.agentanything.com/files/avatars/1747a1bf.jpg]
[www.agentanything.com/files/avatars/1438a1bf.jpg]
[www.agentanything.com/files/avatars/146424f.jpg]
[www.agentanything.com/members/indexe986.html]
[www.agentanything.com/files/avatars/17475d3d.jpg]
[www.agentanything.com/files/avatars/14385d3d.jpg]
[www.agentanything.com/members/index45a4.html]
[www.agentanything.com/files/avatars/17478d18.jpg]
[www.agentanything.com/files/avatars/14388d18.jpg]
[www.agentanything.com/files/avatars/1808d18.jpg]
[www.agentanything.com/members/indexd6ea.html]
[www.agentanything.com/files/avatars/17472c0a.jpg]
[www.agentanything.com/files/avatars/14382c0a.jpg]
[www.agentanything.com/members/indexbe8a.html]
[www.agentanything.com/files/avatars/1747139d.jpg]
[www.agentanything.com/files/avatars/1438139d.jpg]
[www.agentanything.com/members/index4a8f.html]
[www.agentanything.com/files/avatars/1747bc67.jpg]
[www.agentanything.com/files/avatars/1438bc67.jpg]
[www.agentanything.com/files/avatars/116bc67.jpg]
[www.agentanything.com/members/index71bc.html]
[www.agentanything.com/files/avatars/1747ee36.jpg]
[www.agentanything.com/files/avatars/1438ee36.jpg]
[www.agentanything.com/files/avatars/135ee36.jpg]
[www.agentanything.com/files/avatars/144ee36.jpg]
[www.agentanything.com/members/index82d7.html]
[www.agentanything.com/files/avatars/1747cd39.jpg]
[www.agentanything.com/files/avatars/1438cd39.jpg]
[www.agentanything.com/files/avatars/153cd39.jpg]
[www.agentanything.com/files/avatars/163cd39.jpg]
[www.agentanything.com/members/index419f.html]
[www.agentanything.com/files/avatars/17477f96.jpg]
[www.agentanything.com/files/avatars/14387f96.jpg]
[www.agentanything.com/files/avatars/1727f96.jpg]
[www.agentanything.com/files/avatars/1787f96.jpg]
[www.agentanything.com/members/index1a74.html]
[www.agentanything.com/files/avatars/174785a4.jpg]
[www.agentanything.com/files/avatars/143885a4.jpg]
[www.agentanything.com/files/avatars/18885a4.jpg]
[www.agentanything.com/members/index35b6.html]
[www.agentanything.com/files/avatars/174761a8.jpg]
[www.agentanything.com/files/avatars/143861a8.jpg]
[www.agentanything.com/files/avatars/308861a8.jpg]
[www.agentanything.com/members/index23d8.html]
[www.agentanything.com/files/avatars/17473203.jpg]
[www.agentanything.com/files/avatars/14383203.jpg]
[www.agentanything.com/members/index959b.html]
[www.agentanything.com/files/avatars/1747aee7.jpg]
[www.agentanything.com/files/avatars/1438aee7.jpg]
[www.agentanything.com/files/avatars/2981aee7.jpg]
[www.agentanything.com/members/index810d.html]
[www.agentanything.com/files/avatars/174771ef.jpg]
[www.agentanything.com/files/avatars/143871ef.jpg]
[www.agentanything.com/files/avatars/299371ef.jpg]
[www.agentanything.com/files/avatars/300171ef.jpg]
[www.agentanything.com/files/avatars/300371ef.jpg]
[www.agentanything.com/members/index3eca.html]
[www.agentanything.com/files/avatars/17472afe.jpg]
[www.agentanything.com/files/avatars/14382afe.jpg]
[www.agentanything.com/members/indexc0dc.html]
[www.agentanything.com/files/avatars/1747418f.jpg]
[www.agentanything.com/files/avatars/1438418f.jpg]
[www.agentanything.com/files/avatars/6418f.jpg]
[www.agentanything.com/members/index42fb.html]
[www.agentanything.com/files/avatars/17476e1f.jpg]
[www.agentanything.com/files/avatars/14386e1f.jpg]
[www.agentanything.com/files/avatars/726e1f.jpg]
[www.agentanything.com/members/index46da.html]
[www.agentanything.com/files/avatars/17474fb9.jpg]
[www.agentanything.com/files/avatars/14384fb9.jpg]
[www.agentanything.com/files/avatars/921f2e.jpg]
[www.agentanything.com/files/avatars/941f2e.jpg]
[www.agentanything.com/members/index4824.html]
[www.agentanything.com/files/avatars/1747bcb1.jpg]
[www.agentanything.com/files/avatars/1438bcb1.jpg]
[www.agentanything.com/files/avatars/96bcb1.jpg]
[www.agentanything.com/members/index53e1.html]
[www.agentanything.com/files/avatars/1747aa95.jpg]
[www.agentanything.com/files/avatars/1438aa95.jpg]
[www.agentanything.com/files/avatars/110aa95.jpg]
[www.agentanything.com/files/avatars/116aa95.jpg]
[www.agentanything.com/members/indexa235.html]
[www.agentanything.com/files/avatars/1747e937.jpg]
[www.agentanything.com/files/avatars/1438e937.jpg]
[www.agentanything.com/files/avatars/135e937.jpg]
[www.agentanything.com/members/index2b8b.html]
[www.agentanything.com/files/avatars/1747d961.jpg]
[www.agentanything.com/files/avatars/1438d961.jpg]
[www.agentanything.com/members/index7526.html]
[www.agentanything.com/files/avatars/1747dda2.jpg]
[www.agentanything.com/files/avatars/1438dda2.jpg]
[www.agentanything.com/members/index0707.html]
[www.agentanything.com/files/avatars/1747e8f7.jpg]
[www.agentanything.com/files/avatars/1438e8f7.jpg]
[www.agentanything.com/files/avatars/3060e8f7.jpg]
[www.agentanything.com/members/indexd20c.html]
[www.agentanything.com/files/avatars/1747f1e0.jpg]
[www.agentanything.com/files/avatars/1438f1e0.jpg]
[www.agentanything.com/files/avatars/3077f1e0.jpg]
[www.agentanything.com/files/avatars/3082f1e0.jpg]
[www.agentanything.com/members/indexada8.html]
[www.agentanything.com/files/avatars/1747aa01.jpg]
[www.agentanything.com/files/avatars/1438aa01.jpg]
[www.agentanything.com/files/avatars/3088aa01.jpg]
[www.agentanything.com/members/indexd7ab.html]
[zulu.tweetmeme.com/button_ajax3.js]
[www.agentanything.com/errands/getjsonmission/index.html]
[www.agentanything.com/errands/examples/getjsonmission/index.html]
[www.agentanything.com/files/avatars/17474364.jpg]
[www.agentanything.com/files/avatars/14384364.jpg]
[www.agentanything.com/files/avatars/64f3f.jpg]
[www.agentanything.com/members/index4a52.html]
[www.agentanything.com/files/avatars/17477afe.jpg]
[www.agentanything.com/files/avatars/14387afe.jpg]
[www.agentanything.com/members/indexd59c.html]
[www.agentanything.com/files/avatars/1747142d.jpg]
[www.agentanything.com/files/avatars/1438142d.jpg]
[www.agentanything.com/members/index0563.html]
[www.agentanything.com/files/avatars/1747cdef.jpg]
[www.agentanything.com/files/avatars/1438cdef.jpg]
[www.agentanything.com/members/index958a.html]
[www.agentanything.com/files/avatars/174720f4.jpg]
[www.agentanything.com/files/avatars/143820f4.jpg]
[www.agentanything.com/files/avatars/3252090.jpg]
[www.agentanything.com/members/index129a.html]
[www.agentanything.com/files/avatars/1747ea35.jpg]
[www.agentanything.com/files/avatars/1438ea35.jpg]
[www.agentanything.com/members/index2d85.html]
[www.agentanything.com/files/avatars/174767b3.jpg]
[www.agentanything.com/files/avatars/143867b3.jpg]
[www.agentanything.com/members/index2626.html]
[www.agentanything.com/files/avatars/1747d4d7.jpg]
[www.agentanything.com/files/avatars/1438d4d7.jpg]
[www.agentanything.com/files/avatars/3023d4d7.jpg]
[www.agentanything.com/members/index9633.html]
[www.agentanything.com/files/avatars/1747b6c9.jpg]
[www.agentanything.com/files/avatars/1438b6c9.jpg]
[www.agentanything.com/members/index1a92.html]
[www.agentanything.com/files/avatars/17474a4a.jpg]
[www.agentanything.com/files/avatars/14384a4a.jpg]
[www.agentanything.com/files/avatars/30604a4a.jpg]
[www.agentanything.com/files/avatars/30774a4a.jpg]
[www.agentanything.com/members/indexf623.html]
[www.agentanything.com/files/avatars/1747ab3f.jpg]
[www.agentanything.com/files/avatars/1438ab3f.jpg]
[www.agentanything.com/files/avatars/3082ab3f.jpg]
[www.agentanything.com/members/indexd906.html]
[www.agentanything.com/files/avatars/17475113.jpg]
[www.agentanything.com/files/avatars/14385113.jpg]
[www.agentanything.com/files/avatars/2115113.jpg]
[www.agentanything.com/files/avatars/2155113.jpg]
[www.agentanything.com/files/avatars/2205113.jpg]
[www.agentanything.com/files/avatars/2245113.jpg]
[www.agentanything.com/members/indexb51c.html]
[www.agentanything.com/files/avatars/1747c1d8.jpg]
[www.agentanything.com/files/avatars/1438c1d8.jpg]
[www.agentanything.com/members/index93ef.html]
[www.agentanything.com/files/avatars/1747c69d.jpg]
[www.agentanything.com/files/avatars/1438c69d.jpg]
[www.agentanything.com/members/index8cbe.html]
[www.agentanything.com/files/avatars/1747f320.jpg]
[www.agentanything.com/files/avatars/1438f320.jpg]
[www.agentanything.com/files/avatars/275f320.jpg]
[www.agentanything.com/files/avatars/282f320.jpg]
[www.agentanything.com/members/index2975.html]
[www.agentanything.com/files/avatars/17472687.jpg]
[www.agentanything.com/files/avatars/14382687.jpg]
[www.agentanything.com/members/indexf7f4.html]
[www.agentanything.com/files/avatars/174784b7.jpg]
[www.agentanything.com/files/avatars/143884b7.jpg]
[www.agentanything.com/members/index4cf0.html]
[www.agentanything.com/files/avatars/1747ddd2.jpg]
[www.agentanything.com/files/avatars/1438ddd2.jpg]
[www.agentanything.com/members/index448f.html]
[www.agentanything.com/files/avatars/17476282.jpg]
[www.agentanything.com/files/avatars/14386282.jpg]
[www.agentanything.com/files/avatars/27406282.jpg]
[www.agentanything.com/members/indexe2da.html]
[www.agentanything.com/files/avatars/1747a7f9.jpg]
[www.agentanything.com/files/avatars/1438a7f9.jpg]
[www.agentanything.com/members/indexbf65.html]
[www.agentanything.com/files/avatars/17476c15.jpg]
[www.agentanything.com/files/avatars/14386c15.jpg]
[www.agentanything.com/members/index0e37.html]
[www.agentanything.com/files/avatars/174746e0.jpg]
[www.agentanything.com/files/avatars/143846e0.jpg]
[www.agentanything.com/files/avatars/14446e0.jpg]
[www.agentanything.com/files/avatars/14646e0.jpg]
[www.agentanything.com/members/index78b5.html]
[www.agentanything.com/files/avatars/1747b798.jpg]
[www.agentanything.com/files/avatars/1438b798.jpg]
[www.agentanything.com/files/avatars/153b798.jpg]
[www.agentanything.com/members/indexe1bb.html]
[www.agentanything.com/files/avatars/17472d73.jpg]
[www.agentanything.com/files/avatars/14382d73.jpg]
[www.agentanything.com/files/avatars/1632d73.jpg]
[www.agentanything.com/members/index2e52.html]
[www.agentanything.com/files/avatars/1747518e.jpg]
[www.agentanything.com/files/avatars/1438518e.jpg]
[www.agentanything.com/files/avatars/172518e.jpg]
[www.agentanything.com/files/avatars/178518e.jpg]
[www.agentanything.com/members/index1c12.html]
[www.agentanything.com/files/avatars/1747dc8c.jpg]
[www.agentanything.com/files/avatars/1438dc8c.jpg]
[www.agentanything.com/files/avatars/180dc8c.jpg]
[www.agentanything.com/files/avatars/188dc8c.jpg]
[www.agentanything.com/members/index2c90.html]
[www.agentanything.com/files/avatars/1747f78e.jpg]
[www.agentanything.com/files/avatars/1438f78e.jpg]
[www.agentanything.com/members/index0ac8.html]
[www.agentanything.com/files/avatars/1747d542.jpg]
[www.agentanything.com/files/avatars/1438d542.jpg]
[www.agentanything.com/files/avatars/299321bf.jpg]
[www.agentanything.com/members/indexa069.html]
[www.agentanything.com/files/avatars/1747bc6c.jpg]
[www.agentanything.com/files/avatars/1438bc6c.jpg]
[www.agentanything.com/files/avatars/3001bc6c.jpg]
[www.agentanything.com/files/avatars/3003bc6c.jpg]
[www.agentanything.com/members/index0e11.html]
[www.agentanything.com/files/avatars/1747e4d8.jpg]
[www.agentanything.com/files/avatars/1438e4d8.jpg]
[www.agentanything.com/files/avatars/3014e4d8.jpg]
[www.agentanything.com/files/avatars/3015e4d8.jpg]
[www.agentanything.com/members/index10f7.html]
[www.agentanything.com/files/avatars/174784f4.jpg]
[www.agentanything.com/files/avatars/143884f4.jpg]
[www.agentanything.com/files/avatars/302384f4.jpg]
[www.agentanything.com/members/index85c2.html]
[www.agentanything.com/files/avatars/17472cb5.jpg]
[www.agentanything.com/files/avatars/14382cb5.jpg]
[www.agentanything.com/members/index6762.html]
[www.agentanything.com/files/avatars/17471822.jpg]
[www.agentanything.com/files/avatars/14381822.jpg]
[www.agentanything.com/files/avatars/3911822.jpg]
[www.agentanything.com/members/index20cb.html]
[www.agentanything.com/files/avatars/17477f54.jpg]
[www.agentanything.com/files/avatars/14387f54.jpg]
[www.agentanything.com/files/avatars/4297f54.jpg]
[www.agentanything.com/members/indexc3b9.html]
[www.agentanything.com/files/avatars/1747a99f.jpg]
[www.agentanything.com/files/avatars/1438a99f.jpg]
[www.agentanything.com/members/indexdce3.html]
[www.agentanything.com/files/avatars/17474c95.jpg]
[www.agentanything.com/files/avatars/14384c95.jpg]
[www.agentanything.com/members/index670a.html]
[www.agentanything.com/files/avatars/17478e8d.jpg]
[www.agentanything.com/files/avatars/14388e8d.jpg]
[www.agentanything.com/files/avatars/30148e8d.jpg]
[www.agentanything.com/files/avatars/30158e8d.jpg]
[www.agentanything.com/members/index3c5f.html]
[www.agentanything.com/files/avatars/174773d5.jpg]
[www.agentanything.com/files/avatars/143873d5.jpg]
[www.agentanything.com/members/index65b0.html]
[www.agentanything.com/files/avatars/1747671e.jpg]
[www.agentanything.com/files/avatars/1438671e.jpg]
[www.agentanything.com/files/avatars/2957671e.jpg]
[www.agentanything.com/members/index8c28.html]
[www.agentanything.com/files/avatars/174785e3.jpg]
[www.agentanything.com/files/avatars/143885e3.jpg]
[www.agentanything.com/members/indexa74b.html]
[www.agentanything.com/files/avatars/1747e395.jpg]
[www.agentanything.com/files/avatars/1438e395.jpg]
[www.agentanything.com/members/index2236.html]
[www.agentanything.com/files/avatars/17473626.jpg]
[www.agentanything.com/files/avatars/14383626.jpg]
[www.agentanything.com/files/avatars/3147f41.jpg]
[www.agentanything.com/members/index4a6d.html]
[www.agentanything.com/files/avatars/1747a351.jpg]
[www.agentanything.com/files/avatars/1438a351.jpg]
[www.agentanything.com/files/avatars/333a351.jpg]
[www.agentanything.com/files/avatars/340a351.jpg]
[www.agentanything.com/members/indexc530.html]
[www.agentanything.com/files/avatars/17473271.jpg]
[www.agentanything.com/files/avatars/14383271.jpg]
[www.agentanything.com/members/index6b04.html]
[www.agentanything.com/files/avatars/1747810a.jpg]
[www.agentanything.com/files/avatars/1438810a.jpg]
[www.agentanything.com/files/avatars/399810a.jpg]
[www.agentanything.com/files/avatars/400810a.jpg]
[www.agentanything.com/files/avatars/411810a.jpg]
[www.agentanything.com/members/indexe6a4.html]
[www.agentanything.com/files/avatars/1747baed.jpg]
[www.agentanything.com/files/avatars/1438baed.jpg]
[www.agentanything.com/files/avatars/421baed.jpg]
[www.agentanything.com/files/avatars/424baed.jpg]
[www.agentanything.com/files/avatars/426baed.jpg]
[www.agentanything.com/members/index8987.html]
[www.agentanything.com/files/avatars/17470e59.jpg]
[www.agentanything.com/files/avatars/14380e59.jpg]
[www.agentanything.com/members/index0371.html]
[www.agentanything.com/files/avatars/17474011.jpg]
[www.agentanything.com/files/avatars/14384011.jpg]
[www.agentanything.com/members/indexc525.html]
[www.agentanything.com/files/avatars/1747c8c2.jpg]
[www.agentanything.com/files/avatars/1438c8c2.jpg]
[www.agentanything.com/members/index0393.html]
[www.agentanything.com/files/avatars/1747ba08.jpg]
[www.agentanything.com/files/avatars/1438ba08.jpg]
[www.agentanything.com/members/index5ddf.html]
[www.agentanything.com/files/avatars/17477580.jpg]
[www.agentanything.com/files/avatars/14387580.jpg]
[www.agentanything.com/members/indexf062.html]
[www.agentanything.com/files/avatars/1747c229.jpg]
[www.agentanything.com/files/avatars/1438c229.jpg]
[www.agentanything.com/members/index5e26.html]
[www.agentanything.com/files/avatars/1747a988.jpg]
[www.agentanything.com/files/avatars/1438a988.jpg]
[www.agentanything.com/files/avatars/2119694.jpg]
[www.agentanything.com/members/index53dd.html]
[www.agentanything.com/files/avatars/17472d01.jpg]
[www.agentanything.com/files/avatars/14382d01.jpg]
[www.agentanything.com/files/avatars/2152d01.jpg]
[www.agentanything.com/files/avatars/2202d01.jpg]
[www.agentanything.com/files/avatars/2242d01.jpg]
[www.agentanything.com/members/indexd41c.html]
[www.agentanything.com/files/avatars/1747a3f3.jpg]
[www.agentanything.com/files/avatars/1438a3f3.jpg]
[www.agentanything.com/members/indexab02.html]
[www.agentanything.com/files/avatars/17472f6e.jpg]
[www.agentanything.com/files/avatars/14382f6e.jpg]
[www.agentanything.com/members/indexb8e9.html]
[www.agentanything.com/files/avatars/1747d534.jpg]
[www.agentanything.com/files/avatars/1438d534.jpg]
[www.agentanything.com/files/avatars/2981d534.jpg]
[www.agentanything.com/members/index76c7.html]
[www.agentanything.com/files/avatars/1747e8f4.jpg]
[www.agentanything.com/files/avatars/1438e8f4.jpg]
[www.agentanything.com/members/indexf6e0.html]
[www.agentanything.com/files/avatars/1747125a.jpg]
[www.agentanything.com/files/avatars/1438125a.jpg]
[www.agentanything.com/members/index3fe9.html]
[www.agentanything.com/files/avatars/1747ed22.jpg]
[www.agentanything.com/files/avatars/1438ed22.jpg]
[www.agentanything.com/members/indexb2cb.html]
[www.agentanything.com/files/avatars/17473bea.jpg]
[www.agentanything.com/files/avatars/14383bea.jpg]
[www.agentanything.com/files/avatars/29573bea.jpg]
[www.agentanything.com/members/index0d69.html]
[www.agentanything.com/files/avatars/17472f1f.jpg]
[www.agentanything.com/files/avatars/14382f1f.jpg]
[www.agentanything.com/members/indexaa80.html]
[www.agentanything.com/files/avatars/17470c00.jpg]
[www.agentanything.com/files/avatars/14380c00.jpg]
[www.agentanything.com/members/index5d0e.html]
[www.agentanything.com/files/avatars/1747ad1b.jpg]
[www.agentanything.com/files/avatars/1438ad1b.jpg]
[www.agentanything.com/members/indexa48a.html]
[www.agentanything.com/files/avatars/1747322a.jpg]
[www.agentanything.com/files/avatars/1438322a.jpg]
[www.agentanything.com/members/index9d77.html]
