[backblue.gif]
[fade.gif]
[index.html]
[www.mywebcareer.com/images/logo-mywebcareer.png]
[www.mywebcareer.com/favicon.ico]
[www.mywebcareer.com/images/homepage/logo-mywebcareer.gif]
[www.mywebcareer.com/images/homepage/users-icons.png]
[www.mywebcareer.com/images/homepage/btn_login-facebook.gif]
[www.mywebcareer.com/images/txt/login-or.png]
[www.mywebcareer.com/images/homepage/btn_login-linkedin.gif]
[www.mywebcareer.com/images/homepage/icn_footer_facebook.gif]
[www.mywebcareer.com/images/homepage/icn_footer_linkedin.gif]
[www.mywebcareer.com/images/homepage/icn_footer_twitter.gif]
[www.mywebcareer.com/index.html]
[www.mywebcareer.com/Images/Icons/icn_social-media_facebook.png]
[www.mywebcareer.com/images/icons/icn_social-media_linkedin.png]
[www.mywebcareer.com/images/icons/icn_social-media_twitter.png]
[www.mywebcareer.com/images/icons/icn_social-media_blog.png]
[www.mywebcareer.com/images/Buttons/btn_login-facebookSmall.gif]
[www.mywebcareer.com/images/Buttons/btn_login-linkedinSmall.gif]
[www.mywebcareer.com/images/static/BizsparkOne_Logox155.png]
[www.mywebcareer.com/images/static/Blog_img.jpg]
[www.mywebcareer.com/about.html]
[www.mywebcareer.com/faq.html]
[platform.linkedin.com/in.js]
[www.mywebcareer.com/Images/ajax-loader.gif]
[www.mywebcareer.com/LinkedInLogin.html]
[www.mywebcareer.com/TermsOfUse.html]
[www.mywebcareer.com/Privacy.html]
[www.mywebcareer.com/Default.html]
[www.mywebcareer.com/default-2.html]
[www.mywebcareer.com/About-2.html]
[www.mywebcareer.com/images/static/AboutScorex200.png]
[www.mywebcareer.com/images/static/AboutGaugex200.png]
[www.mywebcareer.com/AboutCareerScore.html]
[www.mywebcareer.com/images/static/AboutStandOutx200.jpg]
[www.mywebcareer.com/AboutGuidance.html]
[www.mywebcareer.com/images/static/AboutAnalysisx200.png]
[www.mywebcareer.com/images/static/AboutIndustriesx200.png]
[www.mywebcareer.com/AboutData.html]
[www.mywebcareer.com/images/static/AboutNetworkx200.png]
[www.mywebcareer.com/images/static/Aboutfilterx200.png]
[www.mywebcareer.com/AboutNetwork.html]
[www.mywebcareer.com/images/static/AboutHistoryx200.png]
[www.mywebcareer.com/images/static/Aboutemailx150.png]
[www.mywebcareer.com/AboutMonitor.html]
[www.mywebcareer.com/images/static/AboutDCx200.png]
[www.mywebcareer.com/images/static/AboutMadeinDCx200.png]
[www.mywebcareer.com/AboutCompany.html]
[www.mywebcareer.com/AboutTeam.html]
[www.mywebcareer.com/MWC_Product_Screenshots.zip]
[www.mywebcareer.com/MyWebCareerGraphics.zip]
[www.mywebcareer.com/AboutPress.html]
[www.mywebcareer.com/AboutContactUs.html]
[www.mywebcareer.com/FAQ-2.html]
[www.mywebcareer.com/images/template/bgs/bg_tpl-anchor_x.png]
[www.mywebcareer.com/images/template/bgs/bg_tpl-header_x.gif]
[www.mywebcareer.com/images/template/bgs/sprite_form-buttons.gif]
[www.mywebcareer.com/images/awesome/alert-overlay.png]
[www.mywebcareer.com/images/template/bgs/userbox.png]
[www.mywebcareer.com/css/all_homepage8e5e.css]
[www.mywebcareer.com/images/template/bgs/bg_tpl-anchor_x.gif]
[www.mywebcareer.com/images/txt/what-does-your-online-presence.png]
[www.mywebcareer.com/images/txt/discover-evaluate-monitor-web-brand.png]
[www.mywebcareer.com/images/template/bgs/bg_li_info.png]
[www.mywebcareer.com/images/txt/sign-up-for-free-today.png]
[www.mywebcareer.com/css/pages8e5e.css]
[www.mywebcareer.com/css/print8e5e.css]
[www.mywebcareer.com/scripts/jquery-1.3.2.min.js]
[www.mywebcareer.com/scripts/jquery-corner-2.11.min.js]
[www.mywebcareer.com/scripts/jquery-dimensions-1.2.min.js]
[www.mywebcareer.com/scripts/jquery-pngFix-1.2.min.js]
[www.mywebcareer.com/scripts/jquery-twig.js]
[www.mywebcareer.com/scripts/twig.js]
[www.mywebcareer.com/scripts/pages/home.js]
[www.mywebcareer.com/about.html]
[www.mywebcareer.com/LinkedInLogin.html]
[www.mywebcareer.com/TermsOfUse.html]
[www.mywebcareer.com/css/img/header.png]
[www.mywebcareer.com/css/img/logo.png]
[www.mywebcareer.com/css/img/userbox.png]
[www.mywebcareer.com/css/img/logout.png]
[www.mywebcareer.com/css/img/h-ico/dashboard.png]
[www.mywebcareer.com/css/img/h-ico/comments.png]
[www.mywebcareer.com/css/img/h-ico/color.png]
[www.mywebcareer.com/css/img/h-ico/edit.png]
[www.mywebcareer.com/css/img/h-ico/media.png]
[www.mywebcareer.com/css/img/h-ico/syndication.png]
[www.mywebcareer.com/css/img/h-ico/cash.png]
[www.mywebcareer.com/css/img/h-ico/users.png]
[www.mywebcareer.com/css/img/h-ico/advanced.png]
[www.mywebcareer.com/css/img/h-ico/send.png]
[www.mywebcareer.com/css/img/h-wrap-h2.png]
[www.mywebcareer.com/css/img/h-arrow.gif]
[www.mywebcareer.com/css/img/search-input.png]
[www.mywebcareer.com/css/img/container.gif]
[www.mywebcareer.com/css/img/button.gif]
[www.mywebcareer.com/css/img/altbutton.gif]
[www.mywebcareer.com/css/img/msg-ok.png]
[www.mywebcareer.com/css/img/msg-error.png]
[www.mywebcareer.com/css/img/msg-warn.png]
[www.mywebcareer.com/css/img/msg-info.png]
[www.mywebcareer.com/css/img/led-ico/accept.png]
[www.mywebcareer.com/css/img/led-ico/cross_octagon.png]
[www.mywebcareer.com/css/img/led-ico/exclamation_octagon_fram.png]
[www.mywebcareer.com/css/img/led-ico/exclamation.png]
[www.mywebcareer.com/css/img/txt.gif]
[www.mywebcareer.com/css/img/txt-error.gif]
[www.mywebcareer.com/css/img/upload.gif]
[www.mywebcareer.com/css/img/headerbox.png]
[www.mywebcareer.com/css/img/altheaderbox.png]
[www.mywebcareer.com/css/img/headertab.png]
[www.mywebcareer.com/css/img/altheadertab.png]
[www.mywebcareer.com/css/img/thead.gif]
[www.mywebcareer.com/css/img/ico-tablecomms.gif]
[www.mywebcareer.com/css/img/tfoot.gif]
[www.mywebcareer.com/css/img/pagination.gif]
[www.mywebcareer.com/css/img/pagination-item.gif]
[www.mywebcareer.com/css/img/pagination-arrow.gif]
[www.mywebcareer.com/css/blue_58e5e.css]
[www.mywebcareer.com/images/bg_header_x.gif]
[www.mywebcareer.com/images/bg_container_x.gif]
[www.mywebcareer.com/images/bg_nav_x.gif]
[www.mywebcareer.com/images/tanheaderbox.png]
[www.mywebcareer.com/images/greenheaderbox.png]
[www.mywebcareer.com/images/greenbutton.gif]
[www.mywebcareer.com/images/icons/icn_plus-up.png]
[www.mywebcareer.com/images/icons/icn_minus-down.png]
[www.mywebcareer.com/images/icons/tbl_xpd_minus.gif]
[www.mywebcareer.com/images/icons/tbl_xpd_plus.gif]
[www.mywebcareer.com/images/icons/icn_linkedin.gif]
[www.mywebcareer.com/images/icons/Personal_Footprint.png]
[www.mywebcareer.com/images/icons/Career_Footprint.png]
[www.mywebcareer.com/images/icons/Social_Footprint.png]
[www.mywebcareer.com/images/icons/icn_facebook.gif]
[www.mywebcareer.com/images/icons/icn_google.gif]
[www.mywebcareer.com/images/icons/icn_info-up.png]
[www.mywebcareer.com/images/icons/icn_info-down.png]
[www.mywebcareer.com/images/icons/li_green-plus.png]
[www.mywebcareer.com/images/txt/mwc-premium.png]
[www.mywebcareer.com/images/icons/icn_privacy-padlock.png]
[www.mywebcareer.com/images/ajax-loader-2.gif]
[www.mywebcareer.com/images/bg_upgrade.gif]
[www.mywebcareer.com/images/icons/li_green-plus-small.png]
[www.mywebcareer.com/css/img/green/button.gif]
[www.mywebcareer.com/images/icons/ScoreRefresh36.png]
[www.mywebcareer.com/images/icons/AltScoreRefresh36.png]
[www.mywebcareer.com/css/img/icnAboutScore.png]
[www.mywebcareer.com/css/img/icnAboutOverview.png]
[www.mywebcareer.com/css/img/icnAboutGuidance.png]
[www.mywebcareer.com/css/img/icnAboutData.png]
[www.mywebcareer.com/css/img/icnAboutNetwork.png]
[www.mywebcareer.com/css/img/icnAboutMonitor.png]
[www.mywebcareer.com/css/img/icnAboutcompany.png]
[www.mywebcareer.com/css/img/icnAboutTeam.png]
[www.mywebcareer.com/css/img/icnAboutPress.png]
[www.mywebcareer.com/css/img/icnAboutContact.png]
[www.mywebcareer.com/css/img/NextGuidance.png]
[www.mywebcareer.com/css/img/NextMyData.png]
[www.mywebcareer.com/css/img/NextVisualize.png]
[www.mywebcareer.com/css/img/NextFacebook.png]
[www.mywebcareer.com/css/img/NextLinkedIn.png]
[www.mywebcareer.com/css/img/NextEmail.png]
[www.mywebcareer.com/css/img/mwcPremium.png]
[www.mywebcareer.com/css/img/NextPublic.png]
[www.mywebcareer.com/css/img/SilverStar_24.png]
[www.mywebcareer.com/css/img/GoldStar_24.png]
[www.mywebcareer.com/css/all_5bcfe.css]
[www.mywebcareer.com/scripts/jquery-twig_2.js]
[www.mywebcareer.com/scripts/page_2.js]
[www.mywebcareer.com/default-2.html]
[www.mywebcareer.com/About-2.html]
[www.mywebcareer.com/FAQ-2.html]
[www.linkedin.com/js/public-profile/widget-os.js]
[www.mywebcareer.com/graphics/template/bgs/logout.html]
[www.mywebcareer.com/images/bg_premium-childbox-dl_x.html]
[www.mywebcareer.com/images/bg_sign-up-content_x.html]
