[www.barganhando.com/index.html]
[backblue.gif]
[fade.gif]
[index.html]
[www.barganhando.com/global/images/favicon.ico]
[www.barganhando.com/global/js/jquery-1.4.2.js]
[www.barganhando.com/global/js/cufon/cufon-yui.js]
[www.barganhando.com/global/js/cufon/funcao.js]
[www.barganhando.com/global/js/cufon/The_Mix_Bold-_700.font.js]
[www.barganhando.com/global/js/jAlert/alerts.js]
[www.barganhando.com/global/js/jAlert/ValidaRecebe.js]
[www.barganhando.com/global/js/jAlert/ValidaConvidar.js]
[www.barganhando.com/global/js/clear.js]
[www.barganhando.com/global/js/fav.js]
[www.barganhando.com/global/js/pagInicial.js]
[www.barganhando.com/global/js/descEmpresa.js]
[www.barganhando.com/global/js/logar.js]
[www.barganhando.com/global/js/jqtransform/jquery.jqtransform.js]
[www.barganhando.com/global/js/scripts.js]
[www.barganhando.com/global/js/tooltip/vtip.js]
[www.barganhando.com/global/js/jquery.countdown.js]
[www.barganhando.com/global/js/jquery.countdown-pt-BR.js]
[www.barganhando.com/global/js/lightbox/lightbox.js]
[www.barganhando.com/global/js/lightbox/funcao.js]
[www.barganhando.com/global/incs/timer.html]
[www.barganhando.com/global/js/mapa.js]
[www.barganhando.com/global/js/tela_inicio.js]
[www.barganhando.com/index-2.html]
[www.barganhando.com/files/imgs/grande_950f1e18518275856aec2f176a78e4fe.jpg]
[www.barganhando.com/files/imgs/empresa_345a50fa49bd2419c317f5ef751c60fa.jpg]
[www.barganhando.com/seja-nosso-parceiro.23.delayed]
[www.barganhando.com/index.html]
[www.barganhando.com/ofertas-recentes/index.html]
[www.barganhando.com/ofertas-recentes/index-2.html]
[www.barganhando.com/files/imgs/media_d3ff00804e4343a6d112aeb5420c2448.jpg]
[www.barganhando.com/files/imgs/media_f97f8a4499c3f5d883dcd5f3e505f9b5.jpg]
[www.barganhando.com/files/imgs/media_6e33c451f1bd79c029f1c6b6f60ba960.jpg]
[www.barganhando.com/files/imgs/media_69e333fc4510a21526166dbd84a28087.jpg]
[www.barganhando.com/files/imgs/media_4d8e6430d3767253347ca73e29664e60.jpg]
[www.barganhando.com/files/imgs/media_8306e8ac767976a01a54965fa85c7df4.jpg]
[www.barganhando.com/files/imgs/media_3fad523e83dc569d1d2be0cdeb5bc399.jpg]
[www.barganhando.com/files/imgs/media_9d3229e1912336bf0fdb9d7695864d94.jpg]
[www.barganhando.com/files/imgs/media_b5e1ab44649a6a2897d21d631f325210.jpg]
[www.barganhando.com/files/imgs/media_fe1f0c0d8245956c24d86ac3050aa5e9.jpg]
[www.barganhando.com/files/imgs/media_a8f516a1c025155e9ae8473529ef9e9a.jpg]
[www.barganhando.com/files/imgs/media_a9932afa8f3d37b52d4384f3d125da96.jpg]
[www.barganhando.com/files/imgs/media_eb1b31efc03dbb85e8a1af5d55d2aa02.jpg]
[www.barganhando.com/files/imgs/media_984c110a53fc09931e1060023e0445ae.jpg]
[www.barganhando.com/files/imgs/media_2e90668156f07f9c0b45015a077c5a22.jpg]
[www.barganhando.com/ofertas-recentes/index.html]
[www.barganhando.com/seguranca/index.html]
[www.barganhando.com/seguranca/index-2.html]
[www.barganhando.com/global/images/ico_segura.png]
[www.barganhando.com/global/images/seloSeg.png]
[www.barganhando.com/global/images/seloPagSeguro.png]
[www.barganhando.com/seguranca/index.html]
[www.barganhando.com/como-funciona/index.html]
[www.barganhando.com/como-funciona/index-2.html]
[www.barganhando.com/global/images/icoComoFunciona01.png]
[www.barganhando.com/global/images/icoComoFunciona02.png]
[www.barganhando.com/global/images/icoComoFunciona03.png]
[www.barganhando.com/como-funciona/index.html]
[www.barganhando.com/faq/index.html]
[www.barganhando.com/global/js/jaccordion/chili-1.7.pack.js]
[www.barganhando.com/global/js/jaccordion/jquery.easing.js]
[www.barganhando.com/global/js/jaccordion/jquery.dimensions.js]
[www.barganhando.com/global/js/jaccordion/jquery.accordion.js]
[www.barganhando.com/global/js/jaccordion/funcao.js]
[www.barganhando.com/faq/index-2.html]
[www.barganhando.com/faq/index.html]
[www.barganhando.com/indexcd06.html]
[www.barganhando.com/indexcd06.html]
[www.barganhando.com/cadastrar/index.html]
[www.barganhando.com/global/js/jMask/jquery.maskedinput-1.2.2.min.js]
[www.barganhando.com/global/js/jMask/Cadastrar.js]
[www.barganhando.com/global/js/jAlert/ValidaCadastro.js]
[www.barganhando.com/cadastrar/index-2.html]
[www.barganhando.com/global/images/bannerCredito.jpg]
[www.barganhando.com/cadastrar/index.html]
[www.barganhando.com/login/index.html]
[www.barganhando.com/global/js/jMask/Login.js]
[www.barganhando.com/global/js/jAlert/ValidaLogin.js]
[www.barganhando.com/login/index-2.html]
[www.barganhando.com/global/images/bgLoga.png]
[www.barganhando.com/login/index.html]
[www.barganhando.com/index-2.html]
[www.barganhando.com/comprar/index5d2f.html]
[www.barganhando.com/comprar/index5d2f.html]
[www.barganhando.com/seja-nosso-parceiro/index.html]
[www.barganhando.com/global/js/jAlert/ValidaParceiro.js]
[www.barganhando.com/global/js/jMask/parceiros.js]
[www.barganhando.com/global/js/jquery.limit.js]
[www.barganhando.com/global/js/contador.js]
[www.barganhando.com/seja-nosso-parceiro/index-2.html]
[www.barganhando.com/seja-nosso-parceiro/index.html]
[www.barganhando.com/conheca/index.html]
[www.barganhando.com/conheca/index-2.html]
[www.barganhando.com/conheca/index.html]
[www.barganhando.com/termos-de-uso/index.html]
[www.barganhando.com/termos-de-uso/index-2.html]
[www.barganhando.com/termos-de-uso/index.html]
[www.barganhando.com/contato/index.html]
[www.barganhando.com/global/js/jAlert/ValidaContato.js]
[www.barganhando.com/contato/index-2.html]
[www.barganhando.com/contato/index.html]
[www.barganhando.com/sugira/index.html]
[www.barganhando.com/global/js/jAlert/ValidaSugira.js]
[www.barganhando.com/sugira/index-2.html]
[www.barganhando.com/sugira/index.html]
[www.barganhando.com/sugira-oferta/index.html]
[www.barganhando.com/global/js/JAlert/ValidaSugiraOferta.5f.delayed]
[www.barganhando.com/sugira-oferta/index-2.html]
[www.barganhando.com/sugira-oferta/index.html]
[www.barganhando.com/ofertas-recentes/index-2.html]
[www.barganhando.com/index10c8.html]
[www.barganhando.com/files/imgs/grande_d3ff00804e4343a6d112aeb5420c2448.jpg]
[www.barganhando.com/files/imgs/empresa_6a97d2c62b3c25e0f2cae0b237c6e94e.jpg]
[www.barganhando.com/index10c8.html]
[www.barganhando.com/indexebc1.html]
[www.barganhando.com/files/imgs/grande_f97f8a4499c3f5d883dcd5f3e505f9b5.jpg]
[www.barganhando.com/files/imgs/empresa_f7106c3e5fdba2e71a114fb48f3173bc.jpg]
[www.barganhando.com/files/imgs/grande_galeria_eecf766e8355fa67e54b6a5b8cadcc8b.jpg]
[www.barganhando.com/files/imgs/galeria_eecf766e8355fa67e54b6a5b8cadcc8b.jpg]
[www.barganhando.com/files/imgs/grande_galeria_dfd929da33df4d3f812027ed2be1e578.jpg]
[www.barganhando.com/files/imgs/galeria_dfd929da33df4d3f812027ed2be1e578.jpg]
[www.barganhando.com/files/imgs/grande_galeria_402e5ebc81baeed88070fc8c1852fa9d.jpg]
[www.barganhando.com/files/imgs/galeria_402e5ebc81baeed88070fc8c1852fa9d.jpg]
[www.barganhando.com/files/imgs/grande_galeria_cdeafee0d5ea023d5972b33e46ab2641.jpg]
[www.barganhando.com/files/imgs/galeria_cdeafee0d5ea023d5972b33e46ab2641.jpg]
[www.barganhando.com/files/imgs/grande_galeria_066fc69cb5749ae4954b5e8e1f037e68.jpg]
[www.barganhando.com/files/imgs/galeria_066fc69cb5749ae4954b5e8e1f037e68.jpg]
[www.barganhando.com/files/imgs/grande_galeria_13d0e6cdffe6dec6817c23034b696652.jpg]
[www.barganhando.com/files/imgs/galeria_13d0e6cdffe6dec6817c23034b696652.jpg]
[www.barganhando.com/files/imgs/grande_galeria_77ef1b02bafc97164429ef9f4826cfb2.jpg]
[www.barganhando.com/files/imgs/galeria_77ef1b02bafc97164429ef9f4826cfb2.jpg]
[www.barganhando.com/files/imgs/grande_galeria_9a2e97616f02765d10184ad3687f5cd7.jpg]
[www.barganhando.com/files/imgs/galeria_9a2e97616f02765d10184ad3687f5cd7.jpg]
[www.barganhando.com/files/imgs/grande_galeria_ff469f1a88e932c4e09bf5768c57e09a.jpg]
[www.barganhando.com/files/imgs/galeria_ff469f1a88e932c4e09bf5768c57e09a.jpg]
[www.barganhando.com/files/imgs/grande_galeria_0c011bf067f23bc43f3b01c4dad90dd0.jpg]
[www.barganhando.com/files/imgs/galeria_0c011bf067f23bc43f3b01c4dad90dd0.jpg]
[www.barganhando.com/files/imgs/grande_galeria_565e0e2ca1b1d4fbfe8e816b1d8ed746.jpg]
[www.barganhando.com/files/imgs/galeria_565e0e2ca1b1d4fbfe8e816b1d8ed746.jpg]
[www.barganhando.com/files/imgs/grande_galeria_607813d7599d3f9c0598cf664001b855.jpg]
[www.barganhando.com/files/imgs/galeria_607813d7599d3f9c0598cf664001b855.jpg]
[www.barganhando.com/files/imgs/grande_galeria_bcc08d317e9e6dac0da9d12ced0ccbbc.jpg]
[www.barganhando.com/files/imgs/galeria_bcc08d317e9e6dac0da9d12ced0ccbbc.jpg]
[www.barganhando.com/files/imgs/grande_galeria_262e3826a38ecc4cb51d716a25945ce0.jpg]
[www.barganhando.com/files/imgs/galeria_262e3826a38ecc4cb51d716a25945ce0.jpg]
[www.barganhando.com/files/imgs/grande_galeria_fb528b3ff0e222b54937d40bbcd26576.jpg]
[www.barganhando.com/files/imgs/galeria_fb528b3ff0e222b54937d40bbcd26576.jpg]
[www.barganhando.com/files/imgs/grande_galeria_aec92daa49ac7148852bbbc740c8bc61.jpg]
[www.barganhando.com/files/imgs/galeria_aec92daa49ac7148852bbbc740c8bc61.jpg]
[www.barganhando.com/files/imgs/grande_galeria_615f06b0b6ab9595b9f4711bbe725e22.jpg]
[www.barganhando.com/files/imgs/galeria_615f06b0b6ab9595b9f4711bbe725e22.jpg]
[www.barganhando.com/files/imgs/grande_galeria_2d8609fb42f649ea3b11e97341bf05ec.jpg]
[www.barganhando.com/files/imgs/galeria_2d8609fb42f649ea3b11e97341bf05ec.jpg]
[www.barganhando.com/indexebc1.html]
[www.barganhando.com/indexcbc5.html]
[www.barganhando.com/files/imgs/grande_6e33c451f1bd79c029f1c6b6f60ba960.jpg]
[www.barganhando.com/files/imgs/empresa_0d5136e3d99bbb3d08d68e2fd708eb62.jpg]
[www.barganhando.com/files/imgs/grande_galeria_0d497a799ba08d1f6eb175bde9213514.jpg]
[www.barganhando.com/files/imgs/galeria_0d497a799ba08d1f6eb175bde9213514.jpg]
[www.barganhando.com/files/imgs/grande_galeria_1e7a451cad2b22a78a9b713158d06b4e.jpg]
[www.barganhando.com/files/imgs/galeria_1e7a451cad2b22a78a9b713158d06b4e.jpg]
[www.barganhando.com/files/imgs/grande_galeria_6d537add726a5aed2efa6f0a9eda1e6a.jpg]
[www.barganhando.com/files/imgs/galeria_6d537add726a5aed2efa6f0a9eda1e6a.jpg]
[www.barganhando.com/files/imgs/grande_galeria_b7d097f04f9fc2745cc46912fbae347b.jpg]
[www.barganhando.com/files/imgs/galeria_b7d097f04f9fc2745cc46912fbae347b.jpg]
[www.barganhando.com/files/imgs/grande_galeria_b75db9749f03c23ac7af8ad6e00aebc2.jpg]
[www.barganhando.com/files/imgs/galeria_b75db9749f03c23ac7af8ad6e00aebc2.jpg]
[www.barganhando.com/files/imgs/grande_galeria_79c5f5658545ba0ce28c19296ca89c48.jpg]
[www.barganhando.com/files/imgs/galeria_79c5f5658545ba0ce28c19296ca89c48.jpg]
[www.barganhando.com/indexcbc5.html]
[www.barganhando.com/indexb251.html]
[www.barganhando.com/files/imgs/grande_69e333fc4510a21526166dbd84a28087.jpg]
[www.barganhando.com/files/imgs/empresa_530bcff6230101a8963b42fb87f211af.jpg]
[www.barganhando.com/indexb251.html]
[www.barganhando.com/indexa807.html]
[www.barganhando.com/files/imgs/grande_4d8e6430d3767253347ca73e29664e60.jpg]
[www.barganhando.com/files/imgs/empresa_453de977f7dc120fbf988f05b02d4760.jpg]
[www.barganhando.com/files/imgs/grande_galeria_41d295b6e820e180bc86266b1466fb87.jpg]
[www.barganhando.com/files/imgs/galeria_41d295b6e820e180bc86266b1466fb87.jpg]
[www.barganhando.com/files/imgs/grande_galeria_dfe92ee99fb244e19e511ff0d04a0e03.jpg]
[www.barganhando.com/files/imgs/galeria_dfe92ee99fb244e19e511ff0d04a0e03.jpg]
[www.barganhando.com/files/imgs/grande_galeria_72cef1e1516cee287176828aecdd6045.jpg]
[www.barganhando.com/files/imgs/galeria_72cef1e1516cee287176828aecdd6045.jpg]
[www.barganhando.com/files/imgs/grande_galeria_e1ed30955169d8ddddf713ecb8c713cc.jpg]
[www.barganhando.com/files/imgs/galeria_e1ed30955169d8ddddf713ecb8c713cc.jpg]
[www.barganhando.com/files/imgs/grande_galeria_a264654cc47a0507d61633c8576c159e.JPG]
[www.barganhando.com/files/imgs/galeria_a264654cc47a0507d61633c8576c159e.JPG]
[www.barganhando.com/indexa807.html]
[www.barganhando.com/index124f.html]
[www.barganhando.com/files/imgs/grande_8306e8ac767976a01a54965fa85c7df4.jpg]
[www.barganhando.com/files/imgs/empresa_2a62457f663b35433f3c0a197f1746d4.gif]
[www.barganhando.com/index124f.html]
[www.barganhando.com/index0fa4.html]
[www.barganhando.com/files/imgs/grande_3fad523e83dc569d1d2be0cdeb5bc399.jpg]
[www.barganhando.com/files/imgs/empresa_63343b2572c9a85e39e3b328acdac544.jpg]
[www.barganhando.com/files/imgs/grande_galeria_cbfe4ccda948495fd570885edf64926d.JPG]
[www.barganhando.com/files/imgs/galeria_cbfe4ccda948495fd570885edf64926d.JPG]
[www.barganhando.com/files/imgs/grande_galeria_6909324fbea653d57466d6c4eecfd4f4.JPG]
[www.barganhando.com/files/imgs/galeria_6909324fbea653d57466d6c4eecfd4f4.JPG]
[www.barganhando.com/files/imgs/grande_galeria_4e62b9fab7c6b4fcbc3119d9617f6d6b.JPG]
[www.barganhando.com/files/imgs/galeria_4e62b9fab7c6b4fcbc3119d9617f6d6b.JPG]
[www.barganhando.com/files/imgs/grande_galeria_a387c0f832fc960fa6e322e9d4f5fe02.JPG]
[www.barganhando.com/files/imgs/galeria_a387c0f832fc960fa6e322e9d4f5fe02.JPG]
[www.barganhando.com/files/imgs/grande_galeria_0ce3e929d475400d9ae6b077436daf23.JPG]
[www.barganhando.com/files/imgs/galeria_0ce3e929d475400d9ae6b077436daf23.JPG]
[www.barganhando.com/files/imgs/grande_galeria_f50dcec20138a85a99529823933fd447.JPG]
[www.barganhando.com/files/imgs/galeria_f50dcec20138a85a99529823933fd447.JPG]
[www.barganhando.com/files/imgs/grande_galeria_f50672981e27dc5da8b2e1260a58d65a.JPG]
[www.barganhando.com/files/imgs/galeria_f50672981e27dc5da8b2e1260a58d65a.JPG]
[www.barganhando.com/files/imgs/grande_galeria_4f7e1a3f1a9302b889347957b43b3928.JPG]
[www.barganhando.com/files/imgs/galeria_4f7e1a3f1a9302b889347957b43b3928.JPG]
[www.barganhando.com/files/imgs/grande_galeria_ee137efcdc90734fc5bfc4037e769106.jpg]
[www.barganhando.com/files/imgs/galeria_ee137efcdc90734fc5bfc4037e769106.jpg]
[www.barganhando.com/files/imgs/grande_galeria_233b5cc8087fdfb8a9797335122f74d6.jpg]
[www.barganhando.com/files/imgs/galeria_233b5cc8087fdfb8a9797335122f74d6.jpg]
[www.barganhando.com/files/imgs/grande_galeria_3e9f5f9599082fcd34961c839f864352.jpg]
[www.barganhando.com/files/imgs/galeria_3e9f5f9599082fcd34961c839f864352.jpg]
[www.barganhando.com/files/imgs/grande_galeria_fe7025a8eeed220312180144e5fc8907.jpg]
[www.barganhando.com/files/imgs/galeria_fe7025a8eeed220312180144e5fc8907.jpg]
[www.barganhando.com/index0fa4.html]
[www.barganhando.com/index87d6.html]
[www.barganhando.com/files/imgs/grande_9d3229e1912336bf0fdb9d7695864d94.jpg]
[www.barganhando.com/files/imgs/empresa_1dca6c5068566a23868cf5703dfbd7f4.jpg]
[www.barganhando.com/index87d6.html]
[www.barganhando.com/index297a.html]
[www.barganhando.com/files/imgs/grande_b5e1ab44649a6a2897d21d631f325210.jpg]
[www.barganhando.com/files/imgs/empresa_8f2cfa28c7648b2229056d23cef508c1.png]
[www.barganhando.com/files/imgs/grande_galeria_681025f31f2edfc3b58965c9d7286960.JPG]
[www.barganhando.com/files/imgs/galeria_681025f31f2edfc3b58965c9d7286960.JPG]
[www.barganhando.com/files/imgs/grande_galeria_b1541475751e898500cb95afe76dc76a.JPG]
[www.barganhando.com/files/imgs/galeria_b1541475751e898500cb95afe76dc76a.JPG]
[www.barganhando.com/index297a.html]
[www.barganhando.com/indexfd2b.html]
[www.barganhando.com/files/imgs/grande_fe1f0c0d8245956c24d86ac3050aa5e9.jpg]
[www.barganhando.com/files/imgs/empresa_7e4ba02e9e4e887ba42a0bae433e6170.jpg]
[www.barganhando.com/files/imgs/grande_galeria_842c3cad55dfaad17af31751deb3e090.jpg]
[www.barganhando.com/files/imgs/galeria_842c3cad55dfaad17af31751deb3e090.jpg]
[www.barganhando.com/files/imgs/grande_galeria_9298e384546c09556552962f4a34c9fe.jpg]
[www.barganhando.com/files/imgs/galeria_9298e384546c09556552962f4a34c9fe.jpg]
[www.barganhando.com/files/imgs/grande_galeria_28b5b671b9d9e87d0523e62fd5013ee3.jpg]
[www.barganhando.com/files/imgs/galeria_28b5b671b9d9e87d0523e62fd5013ee3.jpg]
[www.barganhando.com/indexfd2b.html]
[www.barganhando.com/index4d50.html]
[www.barganhando.com/files/imgs/grande_a8f516a1c025155e9ae8473529ef9e9a.jpg]
[www.barganhando.com/files/imgs/empresa_0bed037c721d87fbca66050618cb1970.jpg]
[www.barganhando.com/files/imgs/grande_galeria_1e665349c15268d1f74562d93fc8334b.jpg]
[www.barganhando.com/files/imgs/galeria_1e665349c15268d1f74562d93fc8334b.jpg]
[www.barganhando.com/files/imgs/grande_galeria_11607e3d96922d9e457c07e839cd1d46.jpg]
[www.barganhando.com/files/imgs/galeria_11607e3d96922d9e457c07e839cd1d46.jpg]
[www.barganhando.com/files/imgs/grande_galeria_46f80944691f9f79e89e5994ad6838c2.JPG]
[www.barganhando.com/files/imgs/galeria_46f80944691f9f79e89e5994ad6838c2.JPG]
[www.barganhando.com/index4d50.html]
[www.barganhando.com/index09cd.html]
[www.barganhando.com/files/imgs/grande_a9932afa8f3d37b52d4384f3d125da96.jpg]
[www.barganhando.com/files/imgs/empresa_2f23b9be8ff69bd930273576894fd050.jpg]
[www.barganhando.com/files/imgs/grande_galeria_e59846318802743a23a0ee084dfeaf4a.gif]
[www.barganhando.com/files/imgs/galeria_e59846318802743a23a0ee084dfeaf4a.gif]
[www.barganhando.com/files/imgs/grande_galeria_34963c5a2c01fe827b5addc31e27d3e3.gif]
[www.barganhando.com/files/imgs/galeria_34963c5a2c01fe827b5addc31e27d3e3.gif]
[www.barganhando.com/files/imgs/grande_galeria_dcb95bed6ff7412e28739b5a3f1fa184.gif]
[www.barganhando.com/files/imgs/galeria_dcb95bed6ff7412e28739b5a3f1fa184.gif]
[www.barganhando.com/files/imgs/grande_galeria_564ec367500928b9063175669f71b89c.gif]
[www.barganhando.com/files/imgs/galeria_564ec367500928b9063175669f71b89c.gif]
[www.barganhando.com/files/imgs/grande_galeria_1dd38f27571ae1d79a469bcea695ce8b.gif]
[www.barganhando.com/files/imgs/galeria_1dd38f27571ae1d79a469bcea695ce8b.gif]
[www.barganhando.com/files/imgs/grande_galeria_eaa1d89aeff96fa8b45e7e0d268e56ef.gif]
[www.barganhando.com/files/imgs/galeria_eaa1d89aeff96fa8b45e7e0d268e56ef.gif]
[www.barganhando.com/files/imgs/grande_galeria_308732e024639ee3b76baffd7be731e0.gif]
[www.barganhando.com/files/imgs/galeria_308732e024639ee3b76baffd7be731e0.gif]
[www.barganhando.com/index09cd.html]
[www.barganhando.com/indexb579.html]
[www.barganhando.com/files/imgs/grande_eb1b31efc03dbb85e8a1af5d55d2aa02.jpg]
[www.barganhando.com/files/imgs/empresa_7cae312e790caaf11a52146558f0064a.jpg]
[www.barganhando.com/files/imgs/grande_galeria_c8b7950a7768c8c6a685613b5dd0b02f.jpg]
[www.barganhando.com/files/imgs/galeria_c8b7950a7768c8c6a685613b5dd0b02f.jpg]
[www.barganhando.com/files/imgs/grande_galeria_b0562214fa386eefbb659e28218f25cc.jpg]
[www.barganhando.com/files/imgs/galeria_b0562214fa386eefbb659e28218f25cc.jpg]
[www.barganhando.com/files/imgs/grande_galeria_5dd7980bb5a79ff3c35a3d5bb5a576b0.jpg]
[www.barganhando.com/files/imgs/galeria_5dd7980bb5a79ff3c35a3d5bb5a576b0.jpg]
[www.barganhando.com/files/imgs/grande_galeria_744215fe938d022a1092786e380dc99f.jpg]
[www.barganhando.com/files/imgs/galeria_744215fe938d022a1092786e380dc99f.jpg]
[www.barganhando.com/files/imgs/grande_galeria_889699b2a35185d712e373ee7528a7d4.jpg]
[www.barganhando.com/files/imgs/galeria_889699b2a35185d712e373ee7528a7d4.jpg]
[www.barganhando.com/files/imgs/grande_galeria_c858efe0e704915f6e9c8b97f5b8baf7.jpg]
[www.barganhando.com/files/imgs/galeria_c858efe0e704915f6e9c8b97f5b8baf7.jpg]
[www.barganhando.com/indexb579.html]
[www.barganhando.com/index7409.html]
[www.barganhando.com/files/imgs/grande_984c110a53fc09931e1060023e0445ae.jpg]
[www.barganhando.com/files/imgs/empresa_0af8593a35897b555546b0441420d8e1.jpg]
[www.barganhando.com/index7409.html]
[www.barganhando.com/index8b10.html]
[www.barganhando.com/files/imgs/grande_2e90668156f07f9c0b45015a077c5a22.jpg]
[www.barganhando.com/files/imgs/empresa_7062185e7436584a937eb4eb8f53d3da.jpg]
[www.barganhando.com/index8b10.html]
[www.barganhando.com/seguranca/index-2.html]
[www.barganhando.com/como-funciona/index-2.html]
[www.barganhando.com/faq/index-2.html]
[www.barganhando.com/cadastrar/index-2.html]
[www.barganhando.com/login/index-2.html]
[www.barganhando.com/seja-nosso-parceiro/index-2.html]
[www.barganhando.com/conheca/index-2.html]
[www.barganhando.com/termos-de-uso/index-2.html]
[www.barganhando.com/contato/index-2.html]
[www.barganhando.com/sugira/index-2.html]
[www.barganhando.com/sugira-oferta/index-2.html]
[www.barganhando.com/global/images/bgTopo.png]
[www.barganhando.com/global/images/bgContTopo.png]
[www.barganhando.com/global/images/logo.png]
[www.barganhando.com/global/images/brasilia.png]
[www.barganhando.com/global/images/icoAssineOferta.png]
[www.barganhando.com/global/images/btnCadastre.png]
[www.barganhando.com/global/images/icoBrowser.png]
[www.barganhando.com/global/images/bgLogin.png]
[www.barganhando.com/global/images/icoLogin.png]
[www.barganhando.com/global/images/bgLoginonline.png]
[www.barganhando.com/global/images/bgLogar.png]
[www.barganhando.com/global/images/btnLogar.png]
[www.barganhando.com/global/images/icoEmailLogar.png]
[www.barganhando.com/global/images/lknCadastrar.png]
[www.barganhando.com/global/images/lknFechar.png]
[www.barganhando.com/global/images/bg_wrap.jpg]
[www.barganhando.com/global/images/bgDetalhePreco.png]
[www.barganhando.com/global/images/bgPrecos.png]
[www.barganhando.com/global/images/bgRiscaDesconto.png]
[www.barganhando.com/global/images/lknComprar.png]
[www.barganhando.com/global/images/lknEncerrado.png]
[www.barganhando.com/global/images/bgTempoOferta.png]
[www.barganhando.com/global/images/bgQuantOferta.png]
[www.barganhando.com/global/images/bgScroll.png]
[www.barganhando.com/global/images/imgPc.png]
[www.barganhando.com/global/images/seloDesconto.png]
[www.barganhando.com/global/images/bgCompartilhe.png]
[www.barganhando.com/global/images/iconSocial.png]
[www.barganhando.com/global/images/icoOrkut.png]
[www.barganhando.com/global/images/bgParceiros.png]
[www.barganhando.com/global/images/bgTituloParceiros.png]
[www.barganhando.com/global/images/bgRecomendeAmigo.png]
[www.barganhando.com/global/images/icoAjuda.png]
[www.barganhando.com/global/images/btnRecomendar.png]
[www.barganhando.com/global/images/logoBarganhandoP.png]
[www.barganhando.com/global/images/tituloTwitter.png]
[www.barganhando.com/global/images/icoListTwitter.png]
[www.barganhando.com/global/images/icoSiga.png]
[www.barganhando.com/global/images/bgDadosdaconta.jpg]
[www.barganhando.com/global/images/icoListaRodape.gif]
[www.barganhando.com/global/images/icoLknRodape.png]
[www.barganhando.com/global/images/bgListaPagt.png]
[www.barganhando.com/global/images/icoPagt.png]
[www.barganhando.com/global/images/logoRodape.png]
[www.barganhando.com/global/images/logo_agencia.gif]
[www.barganhando.com/global/css/style.css]
[www.barganhando.com/global/css/validacao.css]
[www.barganhando.com/global/images/title.gif]
[www.barganhando.com/global/images/info.gif]
[www.barganhando.com/global/images/important.gif]
[www.barganhando.com/global/images/help.gif]
[www.barganhando.com/global/css/jalert.css]
[www.barganhando.com/global/js/jqtransform/img/select_left.png]
[www.barganhando.com/global/js/jqtransform/img/select_right.png]
[www.barganhando.com/global/js/jqtransform/img/radio.gif]
[www.barganhando.com/global/js/jqtransform/img/checkbox.gif]
[www.barganhando.com/global/js/jqtransform/select_cidade.css]
[www.barganhando.com/global/js/tooltip/vtip.css]
[www.barganhando.com/global/css/countdown.css]
[www.barganhando.com/global/js/lightbox/lightbox.css]
[www.barganhando.com/global/incs/timer.html]
[www.barganhando.com/global/incs/timer.html]
[www.barganhando.com/global/images/btnFechar.png]
[www.barganhando.com/global/images/bgTopInicio.png]
[www.barganhando.com/global/images/bgMeioInicio.jpg]
[www.barganhando.com/global/images/spriteInicio.png]
[www.barganhando.com/global/images/bgBottomInicio.png]
[www.barganhando.com/global/css/inicio.css]
[platform.twitter.com/widgets.js]
[www.barganhando.com/seja-nosso-parceiro/index.html]
[www.barganhando.com/stylesheets/widgets/widget.136.delayed]
[widgets.twimg.com/j/2/widget.js]
[www.barganhando.com/global/images/seloProduto.png]
[www.barganhando.com/global/images/img_encerrado.png]
[www.barganhando.com/global/images/bgDescricao.png]
[www.barganhando.com/global/css/ofertas-antigas.css]
[www.barganhando.com/indexebc1.html]
[www.barganhando.com/indexcbc5.html]
[www.barganhando.com/indexb251.html]
[www.barganhando.com/indexa807.html]
[www.barganhando.com/index124f.html]
[www.barganhando.com/index0fa4.html]
[www.barganhando.com/index87d6.html]
[www.barganhando.com/index297a.html]
[www.barganhando.com/indexfd2b.html]
[www.barganhando.com/index4d50.html]
[www.barganhando.com/index09cd.html]
[www.barganhando.com/indexb579.html]
[www.barganhando.com/index7409.html]
[www.barganhando.com/index8b10.html]
[www.barganhando.com/seguranca/index-2.html]
[www.barganhando.com/global/images/bgComoFunciona.png]
[www.barganhando.com/global/css/como-funciona.css]
[www.barganhando.com/global/images/borda_perg_faq.jpg]
[www.barganhando.com/global/images/bg_num_faq.jpg]
[www.barganhando.com/global/images/bg_perg_faq.jpg]
[www.barganhando.com/global/css/faq.css]
[www.barganhando.com/faq/index-2.html]
[www.barganhando.com/global/images/icoBarganhando.png]
[www.barganhando.com/global/images/btnCadastrarP.png]
[www.barganhando.com/global/images/btnAlterarSenha.png]
[www.barganhando.com/global/css/cadastrar.css]
[www.barganhando.com/cadastrar/index-2.html]
[www.barganhando.com/global/images/bgLog.png]
[www.barganhando.com/global/images/btnEnviar.png]
[www.barganhando.com/global/images/btnAcessar.png]
[www.barganhando.com/global/images/btnCadastrar.png]
[www.barganhando.com/global/css/logar.css]
[www.barganhando.com/login/index-2.html]
[www.barganhando.com/global/css/parceiros.css]
[www.barganhando.com/seja-nosso-parceiro/index-2.html]
[www.barganhando.com/global/css/contato.css]
[www.barganhando.com/contato/index-2.html]
[www.barganhando.com/global/css/sugira.css]
[www.barganhando.com/sugira/index-2.html]
[www.barganhando.com/global/js/JAlert/ValidaSugiraOferta.html]
[twitter-widgets.s3.amazonaws.com/j/2/widget.css]
[www.barganhando.com/stylesheets/widgets/widget.html]
[widgets.twimg.com/j/2/widget.css]
