[www.godaddy.com/index.html]
[backblue.gif]
[fade.gif]
[index.html]
[img2.wsimg.com/fos/css/1/sales_http_20110128ak.css]
[img2.wsimg.com/pc_css/1/gd_20110115_http.min.css]
[www.godaddy.com/Default.html]
[img1.wsimg.com/fos/hp/1/img_commercials_hp_43156.gif]
[img1.wsimg.com/fos/hp/1/47143_ourcommercials.gif]
[img1.wsimg.com/fos/bkg/1/50067_sprite_comm_thumbs_01.png]
[img1.wsimg.com/fos/bkg/1/50067_sprite_comm_thumbs_02.png]
[img1.wsimg.com/fos/hp/1/img_celebframe_3.gif]
[img1.wsimg.com/fos/hp/1/44025_img_celebspod.jpg]
[img1.wsimg.com/fos/hp/1/Celebrities/img_danicamiddle_47407.jpg]
[img1.wsimg.com/fos/hp/1/Celebrities/img_candicemiddle_47407.jpg]
[img1.wsimg.com/fos/hp/1/Celebrities/img_bobmiddle_47407.jpg]
[img1.wsimg.com/fos/hp/1/Celebrities/img_dalemiddle_47407.jpg]
[img1.wsimg.com/fos/hp/1/Celebrities/img_vanessamiddle_47407.jpg]
[img1.wsimg.com/fos/hp/1/Celebrities/img_markmiddle_47407.jpg]
[img1.wsimg.com/fos/hp/1/45858_img_rsb.gif]
[img1.wsimg.com/fos/bdr/shadow_nw.png]
[img1.wsimg.com/fos/bdr/shadow_top.png]
[img1.wsimg.com/fos/bdr/shadow_ne.png]
[img1.wsimg.com/fos/bdr/shadow_left.png]
[img1.wsimg.com/fos/bdr/shadow_right.png]
[img1.wsimg.com/fos/bdr/shadow_sw.png]
[img1.wsimg.com/fos/bdr/shadow_bottom.png]
[img1.wsimg.com/fos/bdr/shadow_se.png]
[img1.wsimg.com/fos/bkg/1/bkgr_trans.png]
[img1.wsimg.com/fos/hp/1/hp_base_4.png]
[img1.wsimg.com/fos/btn/1/btn_29234_buynow_d2.gif]
[img1.wsimg.com/fos/hp/1/hp_img_ringingbells.gif]
[img1.wsimg.com/fos/hp/1/hp_img_vip.gif]
[img1.wsimg.com/fos/btn/1/btn_29234_expressbuyv3.gif]
[img1.wsimg.com/fos/btn/1/buttons_arrows_tabs_sprite2.png]
[img1.wsimg.com/fos/ani/spinner.gif]
[img1.wsimg.com/fos/ani/spinner_large.gif]
[img1.wsimg.com/fos/btn/1/46884 _comm_thumbnail_sprite.png]
[img1.wsimg.com/assets/spc_trans.gif]
[img1.wsimg.com/fos/btn/1/hppods_sprite5.png]
[img1.wsimg.com/fos/btn/1/44025_img_blogpod.jpg]
[img1.wsimg.com/gdtv/btn/connection_high_active_grn.png]
[img1.wsimg.com/gdtv/btn/connection_low_active_grn.png]
[img1.wsimg.com/gdtv/btn/connection_over_high_grn.png]
[img1.wsimg.com/gdtv/btn/connection_over_low_grn.png]
[img1.wsimg.com/fos/icn/1/img_freetag_45682.gif]
[img1.wsimg.com/fos/btn/1/btn_buynow2.gif]
[img1.wsimg.com/fos/icn/1/46709_icons.png]
[img1.wsimg.com/assets/godaddy.ico]
[img3.wsimg.com/AtlantisScripts/jquery/jquery-1.3.2.min.js]
[img.godaddy.com/imagee279.gif]
[img3.wsimg.com/pc/js/1/gd_js_20110203.min.js]
[www.godaddy.com/domains/searchc16e.html]
[www.godaddy.com/gdshop/site_searchd38f.html]
[img1.wsimg.com/fos/spc/spc_tran.gif]
[www.godaddy.com/offers/hot-deals1ceb.html]
[www.godaddy.com/domains/search.html]
[www.godaddy.com/domains/search7f52.html]
[www.godaddy.com/hosting/web-hosting.html]
[www.godaddy.com/hosting/web-hosting0c2a.html]
[www.godaddy.com/ssl/ssl-certificates.html]
[www.godaddy.com/ssl/ssl-certificatese8c3.html]
[www.godaddy.com/reseller/domain-reseller.html]
[www.godaddy.com/reseller/domain-reseller4bce.html]
[www.godaddy.com/affiliates/affiliate-program.html]
[www.godaddy.com/affiliates/affiliate-program2483.html]
[www.godaddy.com/domains/searchc15f.html]
[www.godaddy.com/domains/domain-transfer6d20.html]
[www.godaddy.com/domains/domain-transfer.html]
[www.godaddy.com/domains/searchbulk98b4.html]
[www.godaddy.com/domains/searchbulk.html]
[www.godaddy.com/domains/bulk-domain-transfercd2c.html]
[www.godaddy.com/domains/bulk-domain-transfer.html]
[www.godaddy.com/domains/searchidnacd1.html]
[www.godaddy.com/domains/searchidn.html]
[www.godaddy.com/Domains/discount-domains62e0.html]
[www.godaddy.com/Domains/discount-domains.html]
[www.godaddy.com/domains/domain-broker1b24.html]
[www.godaddy.com/domains/domain-broker.html]
[www.godaddy.com/parking/domain-name-parkingd6fb.html]
[www.godaddy.com/parking/domain-name-parking.html]
[www.godaddy.com/parking/custom-parkbc58.html]
[www.godaddy.com/parking/custom-park.html]
[www.godaddy.com/auctions/domain-auctions2928.html]
[www.godaddy.com/auctions/domain-auctions.html]
[www.godaddy.com/domainaddon/private-registration844d.html]
[www.godaddy.com/domainaddon/private-registration.html]
[www.godaddy.com/domainaddon/business-registration65a5.html]
[www.godaddy.com/domainaddon/business-registration.html]
[www.godaddy.com/domainaddon/deluxe-registration8a3d.html]
[www.godaddy.com/domainaddon/deluxe-registration.html]
[www.godaddy.com/domainaddon/protected-registration9c12.html]
[www.godaddy.com/domainaddon/protected-registration.html]
[www.godaddy.com/domains/certified-domains8b60.html]
[www.godaddy.com/domains/certified-domains.html]
[www.godaddy.com/domainaddon/premium-listing020a.html]
[www.godaddy.com/domainaddon/premium-listing.html]
[www.godaddy.com/domainaddon/domain-alertb771.html]
[www.godaddy.com/domainaddon/domain-alert.html]
[www.godaddy.com/domainaddon/domain-alertc2a2.html]
[www.godaddy.com/domains/dns-hosting9f65.html]
[www.godaddy.com/domains/dns-hosting.html]
[www.godaddy.com/hosting/web-hosting3e29.html]
[www.godaddy.com/hosting/wordpress-hosting0d09.html]
[www.godaddy.com/hosting/wordpress-hosting.html]
[www.godaddy.com/blog/blog-software6320.html]
[www.godaddy.com/blog/blog-software.html]
[www.godaddy.com/hosting/virtual-dedicated-servers84dd.html]
[www.godaddy.com/hosting/virtual-dedicated-servers.html]
[www.godaddy.com/hosting/dedicated-servers7097.html]
[www.godaddy.com/hosting/dedicated-servers.html]
[www.godaddy.com/hosting/mac-hostingb45e.html]
[www.godaddy.com/hosting/mac-hosting.html]
[www.godaddy.com/ssl/static-ip90f2.html]
[www.godaddy.com/ssl/static-ip.html]
[www.godaddy.com/hosting/metropolis7772.html]
[www.godaddy.com/hosting/metropolis.html]
[www.godaddy.com/hosting/website-analytics4efa.html]
[www.godaddy.com/hosting/website-analytics.html]
[www.godaddy.com/security/website-securityc0b4.html]
[www.godaddy.com/security/website-security.html]
[www.godaddy.com/email/hosted-exchangef24a.html]
[www.godaddy.com/email/hosted-exchange.html]
[www.godaddy.com/calendar/online-calendarf342.html]
[www.godaddy.com/calendar/online-calendar.html]
[www.godaddy.com/email/internet-faxbf98.html]
[www.godaddy.com/email/internet-fax.html]
[www.godaddy.com/email/online-file-storage903e.html]
[www.godaddy.com/email/online-file-storage.html]
[www.godaddy.com/business/email-marketing3e4a.html]
[www.godaddy.com/business/email-marketing.html]
[www.godaddy.com/ecommerce/shopping-cartbad7.html]
[www.godaddy.com/ecommerce/shopping-cart.html]
[www.godaddy.com/websites/create-a-website0585.html]
[www.godaddy.com/websites/create-a-website.html]
[www.godaddy.com/blog/blog-software5bf3.html]
[www.godaddy.com/business/video-me63ad.html]
[www.godaddy.com/business/video-me.html]
[www.godaddy.com/design/web-designad6c.html]
[www.godaddy.com/design/web-design.html]
[www.godaddy.com/design/web-store-design54eb.html]
[www.godaddy.com/design/web-store-design.html]
[www.godaddy.com/ecommerce/merchant-accounts2119.html]
[www.godaddy.com/ecommerce/merchant-accounts.html]
[www.godaddy.com/hosting/website-analytics10d2.html]
[www.godaddy.com/security/website-security1331.html]
[www.godaddy.com/Business/online-businessec73.html]
[www.godaddy.com/Business/online-business.html]
[www.godaddy.com/Business/business-hostingb2de.html]
[www.godaddy.com/Business/business-hosting.html]
[www.godaddy.com/ecommerce/shopping-cart1d4a.html]
[www.godaddy.com/ecommerce/merchant-accounts3a5c.html]
[www.godaddy.com/design/brand-identity9f3c.html]
[www.godaddy.com/design/brand-identity.html]
[www.godaddy.com/design/logo-designd374.html]
[www.godaddy.com/design/logo-design.html]
[www.godaddy.com/business/email-marketing87e1.html]
[www.godaddy.com/business/social-networking9dee.html]
[www.godaddy.com/business/social-networking.html]
[www.godaddy.com/design/custom-bannerfdfe.html]
[www.godaddy.com/design/custom-banner.html]
[www.godaddy.com/ssl/ssl-certificatesa458.html]
[www.godaddy.com/ssl/code-signing-certificate276e.html]
[www.godaddy.com/ssl/code-signing-certificate.html]
[www.godaddy.com/security/website-security71b9.html]
[www.godaddy.com/domains/dns-hosting070d.html]
[www.godaddy.com/domainaddon/premium-listing8bf8.html]
[www.godaddy.com/appraisal/domain-appraisalf360.html]
[www.godaddy.com/appraisal/domain-appraisal.html]
[www.godaddy.com/reseller/domain-reselleree1e.html]
[www.godaddy.com/reseller/domain-reseller-api3932.html]
[www.godaddy.com/reseller/domain-reseller-api.html]
[www.godaddy.com/affiliates/affiliate-programe10c.html]
[img1.wsimg.com/fos/hp/1/57405_bkg_dp1.jpg]
[img1.wsimg.com/fos/hp/1/57405_sprite_new_hp.png]
[img1.wsimg.com/fos/btn/1/47597_img_search_dropdn.png]
[img1.wsimg.com/fos/hp/1/58546__img_everyoneneeds_video.png]
[img1.wsimg.com/fos/hp/1/58546_img_howusedomain.png]
[img1.wsimg.com/fos/hp/1/58546_img_whychoose_video.png]
[img1.wsimg.com/fos/hp/1/58546_img_navigatinggd_video.png]
[img1.wsimg.com/fos/bkg/1/sprite_tables-bkgrs3.gif]
[img1.wsimg.com/fos/base/1/base_hf.png]
[img1.wsimg.com/fos/btn/1/51538_btn_submit.png]
[img1.wsimg.com/fos/btn/1/51538_btn_go.png]
[img1.wsimg.com/fos/hp/1/51538_img_hearus_snipe_vertical.png]
[img1.wsimg.com/fos/hp/1/57405_img_orange_burst.png]
[img1.wsimg.com_/fos/hp/1/58009_dotCO_fastballview_trnsp2.png]
[img1.wsimg.com/fos/hp/1/ProductDeals/57409_img_cosaletitle.png]
[img1.wsimg.com/fos/icn/1/57405_icn_co.png]
[img3.wsimg.com/fos/script/QuickBuyInsert8.min.js]
[img3.wsimg.com/fos/script/ProductAdvisor5.min.js]
[img3.wsimg.com/fos/script/atlantis_jquery8.min.js]
[img1.wsimg.com/fos/bkg/1/51044_bkg_pods.png]
[img1.wsimg.com/fos/hp/1/ProductDeals/58903_sprite_pod_content.png]
[img1.wsimg.com/fos/icn/1/img_arrow_right_47597.gif]
[img1.wsimg.com/fos/icn/1/img_arrow_right_white_57409.png]
[img1.wsimg.com/fos/hp/1/ProductDeals/56547_img_tldpod.png]
[img1.wsimg.com/fos/hp/1/ProductDeals/55253_img_saletag.gif]
[img1.wsimg.com/fos/icn/1/57765_icn_4gh.png]
[img3.wsimg.com/fos/script/ViewExtensionsInsert7.min.js]
[img3.wsimg.com/fos/script/jquery.tablesorter.min.js]
[www.godaddy.com/tlds/orgf4a2.html]
[www.godaddy.com/tlds/net66c0.html]
[img1.wsimg.com/fos/hp/1/ProductDeals/55253_img_co.png]
[www.godaddy.com/tlds/info2eb6.html]
[www.godaddy.com/legal/disclaimers1fae.html]
[www.godaddy.com/domains/search338f.html]
[www.godaddy.com/catalogf695.html]
[www.godaddy.com/productadvisor/pastartdcd5.html]
[www.godaddy.com/gift/gift-cards570f.html]
[www.godaddy.com/business/mobile-app10a8.html]
[www.godaddy.com/icann/domain_search9aeb.html]
[www.godaddy.com/affiliates/affiliate-program508c.html]
[www.godaddy.com/SocialMedia/social-media1d82.html]
[www.godaddy.com/about/customer-linkb394.html]
[www.godaddy.com/site-map391b.html]
[www.godaddy.com/community/contactusbea4.html]
[www.godaddy.com/jobs/defaultf25b.html]
[www.godaddy.com/about/about-godaddy5f8f.html]
[www.godaddy.com/gdshop/news/default9446.html]
[www.godaddy.com/about/testimonials0a32.html]
[www.godaddy.com/about/advertising-opportunities539c.html]
[www.godaddy.com/about/advertising-opportunities3e71.html]
[www.godaddy.com/scholarship/defaultea17.html]
[www.godaddy.com/Agreements/ShowDoca038.html]
[www.godaddy.com/Agreements/ShowDoc206c.html]
[www.godaddy.com/Legal-Agreementsece1.html]
[www.godaddy.com/Agreements/ShowDoc02e5.html]
[seals.websiteprotection.com/sealws/4bbd11ca-b250-47d0-ab5b-0cb0cbdd56cb.gif]
[img5.wsimg.com/aaa/footer/sitesealDOT_gd3.gif]
[img3.wsimg.com/fastball/js_lib/FastballLibrary0005e42d.js]
[img3.wsimg.com/fos/script/sales13.min.js]
[www.godaddy.com/index.html]
[www.godaddy.com/about/godaddy-chinese.html]
[img1.wsimg.com/fos/hp/1/57405_bkg_dp2.jpg]
[www.godaddy.com/Default.html]
[img1.wsimg.com/fos/bkg/1/sprite_path2.gif]
[img1.wsimg.com/fos/icn/51237_sprite_producticons.gif]
[img1.wsimg.com/fos/icn/sprite_icons_2.gif]
[img1.wsimg.com/fos/icn/icn_buy.gif]
[img1.wsimg.com/fos/icn/ajax-spinner-small.gif]
[img1.wsimg.com/fos/base/1/base_product_table.png]
[img1.wsimg.com/fos/bkg/bkg_hdr_shadow_end.png]
[img1.wsimg.com/fos/base/1/base_product_pannel3.png]
[img1.wsimg.com/fos/base/1/base_product_pannel3_on.png]
[img1.wsimg.com/fos/base/1/base_product_pannel_gray.png]
[img1.wsimg.com/fos/base/1/base_product_pannel_green.png]
[img1.wsimg.com/fos/base/1/base_product_pannel_blue.png]
[img1.wsimg.com/fos/base/1/base_product_pannel_yellow.png]
[img1.wsimg.com/fos/base/base_cbox_blue.png]
[img1.wsimg.com/fos/base/1/base_border_green.gif]
[img1.wsimg.com/fos/icn/1/check_orange.gif]
[img1.wsimg.com/fos/bkg/1/51497_header.jpg]
[img1.wsimg.com/fos/bkg/51497_searchsprite2.png]
[img1.wsimg.com/fos/icn/1/54498_celebrate_icon.png]
[img1.wsimg.com/fos/bkg/sprite_tables-bkgrs2.gif]
[img1.wsimg.com_/fos/btn/1/49314_addandproceedtocheckout.gif]
[www.godaddy.com/tlds/info05b1.html]
[www.godaddy.com/tlds/neta61b.html]
[www.godaddy.com/tlds/org6d35.html]
[www.godaddy.com/tlds/co-domainf2ab.html]
[www.godaddy.com/domains/domain-transfer0b65.html]
[img1.wsimg.com/fos/ban/50600_domain_sale.png]
[img1.wsimg.com/fos/ban/50600_private_reg.png]
[img1.wsimg.com/fos/icn/ajax-spinner-med.gif]
[www.godaddy.com/domains/searchidnd192.html]
[img1.wsimg.com_/fos/icn/1/54707_sprite_icons.png]
[img1.wsimg.com/fos/bkg/bluebannerbg_42293.jpg]
[www.godaddy.com/domains/domain_offer39a8.html]
[img1.wsimg.com/fos/icn/1/icons_domainservices_42293.png]
[www.godaddy.com/domainaddon/domain-alertac8c.html]
[www.godaddy.com/domains/searchbulk8545.html]
[www.godaddy.com/domains/bulk-domain-transfera939.html]
[www.googleadservices.com/pagead/conversion.js]
[img3.wsimg.com/fos/script/atlantis_jquery8.js]
[www.godaddy.com/domains/searchc16e.html]
[imagesak.securepaynet.net/assets/godaddy.ico]
[imagesak.securepaynet.net/css/20090113_1.css]
[imagesak.securepaynet.net/aaa/common/bul_bul.gif]
[imagesak.securepaynet.net/aaa/common/1/bul_li_sized.gif]
[imagesak.securepaynet.net/aaa/sb/2dots.gif]
[www.godaddy.com/gdshop/jump_pages/abandon_domainf7f6.html]
[imagesak.securepaynet.net/aaa/sb/bul_open.gif]
[imagesak.securepaynet.net/aaa/sb/bul_close.gif]
[imagesak.securepaynet.net/AtlantisScripts/jquery/jquery-1.3.1.min.js]
[imagesak.securepaynet.net/assets/spc_trans.gif]
[www.godaddy.com/Payment/payment-optionseeb1.html]
[img5.wsimg.com/fos/ban/sb/ban_bobblog_ltgry.png]
[www.godaddy.com/default2f80.html]
[imagesak.securepaynet.net/aaa/help/1/icn_quickhelp.gif]
[imagesak.securepaynet.net/aaa/home/btn_go.gif]
[www.godaddy.com/gdshop/site_searchd38f.html]
[www.godaddy.com/index9b1b.html]
[www.godaddy.com/index9b1b.html]
[img1.wsimg.com/fos/icn/1/img_holidayicons_sprite.png]
[img1.wsimg.com/fos/icn/1/icn_gift.png]
[img3.wsimg.com/AtlantisScripts/jquery/jquery-1.3.1.min.js]
[img1.wsimg.com/aaa/hotdeals/hdr_todaysoffers2.gif]
[www.godaddy.com/ScriptResourcec188.js]
[img1.wsimg.com/aaa/commercials/tl/bkg_green.gif]
[img1.wsimg.com/aaa/commercials/tl/bkg_greencorner.gif]
[img1.wsimg.com/assets/spc_000000.gif]
[img1.wsimg.com/aaa/hotdeals/icn_hottag.gif]
[www.godaddy.com/tlds/info9521.html]
[www.godaddy.com/tlds/netf692.html]
[img1.wsimg.com/aaa/hotdeals/icn_saletag_wht.gif]
[img1.wsimg.com/aaa/hotdeals/icn_saletag_grey.gif]
[www.godaddy.com/tlds/org4e30.html]
[www.godaddy.com/tlds/me27dc.html]
[www.godaddy.com/tlds/mobib448.html]
[www.godaddy.com/tlds/us7aee.html]
[www.godaddy.com/tlds/bizfc46.html]
[img1.wsimg.com/aaa/hotdeals/bkg_ltgrycorner.gif]
[www.godaddy.com/offers/hot-deals1ceb.html]
[www.godaddy.com/tlds/asia8c80.html]
[www.godaddy.com/domains/search.html]
[www.godaddy.com/domains/search7f52.html]
[img1.wsimg.com/fos/bkg/1/49304_logos.png]
[img1.wsimg.com/fos/hdr/1/hdr_4gh_us.jpg]
[img1.wsimg.com/fos/btn/1/img_proveitbutton.png]
[img1.wsimg.com/fos/bkg/1/38994_img_gridbanner.jpg]
[img1.wsimg.com/fos/btn/1/img_4gh_button.png]
[img1.wsimg.com/fos/bkg/1/img_proveitnumbers_sprite.png]
[img1.wsimg.com/fos/ani/img_4x_anim.gif]
[img1.wsimg.com/fos/bkg/1/img_2gh_vs_4gh.jpg]
[img1.wsimg.com/fos/ban/49533_ban_bestvalue.png]
[img1.wsimg.com/fos/ban/1/img_ultimatesnipe.png]
[img1.wsimg.com/fos/icn/img_linux_windows.png]
[img1.wsimg.com/fos/ban/38994_ban_affiliatead.jpg]
[img1.wsimg.com/fos/btn/1/38994_btn_getstarted.png]
[img1.wsimg.com/fos/img/1/img_2gh_diagram.png]
[img1.wsimg.com/fos/img/1/img_4gh_diagram.png]
[img1.wsimg.com/fos/img/59169_img_bluetag.png]
[img1.wsimg.com/fos/icn/img_4gh_small.png]
[www.godaddy.com/Hosting/virtual-dedicated-servers-2.html]
[www.godaddy.com/hosting/hosting33d2.html]
[img1.wsimg.com/aaa/sb/bul_open.gif]
[www.godaddy.com/Hosting/dedicated-servers-2.html]
[img1.wsimg.com/aaa/sb/bul_close.gif]
[img1.wsimg.com/aaa/hosting/55477_ban_hc_960x100.png]
[www.godaddy.com/hosting/web-hosting.html]
[www.godaddy.com/hosting/web-hosting0c2a.html]
[img1.wsimg.com/fos/ban/1/45004_ban_outlook.png]
[img1.wsimg.com/fos/base/1/48067_8_base_product_pannel_on.png]
[img1.wsimg.com/fos/bkg/1/45004_email_bkg.jpg]
[img1.wsimg.com/fos/btn/1/btn_quick_tour_shadow.jpg]
[www.godaddy.com/email/email-hosting.html]
[www.godaddy.com/email/email-hosting1f6a.html]
[img1.wsimg.com/fos/ban/1/39648_ban_upsell.jpg]
[img1.wsimg.com/fos/bkg/1/43024_wst_bkg.jpg]
[img1.wsimg.com/fos/btn/1/btn_quick_tour.jpg]
[img1.wsimg.com/fos/btn/1/btn_see_it_in_action.jpg]
[www.godaddy.com/hosting/website-builder.html]
[www.godaddy.com/hosting/website-builder303d.html]
[img1.wsimg.com/fos/ban/1/57448_img_contactflag.png]
[img1.wsimg.com/fos/bkg/1/57448_hdr_sev.jpg]
[img3.wsimg.com/AtlantisScripts/jquery/jquery-1.5.min.js]
[img1.wsimg.com/fos/log/57448_img_logos.png]
[img1.wsimg.com_/fos/pdf/IDC-ProductReview-AdSpace.pdf]
[www.godaddy.com/search-engine/seo-services.html]
[www.godaddy.com/search-engine/seo-servicesf414.html]
[img1.wsimg.com/fos/ban/ban_ssl_no1.png]
[img1.wsimg.com/fos/img/oursvtheirs_grey_tab.gif]
[img1.wsimg.com/fos/txt/oursvtheirs_symantec2.gif]
[img1.wsimg.com/fos/txt/oursvtheirs_geotrust.gif]
[img1.wsimg.com/fos/txt/oursvtheirs_netsol2.gif]
[img1.wsimg.com/fos/txt/oursvtheirs_thawte2.gif]
[img1.wsimg.com/fos/txt/1/headline_no_difference.gif]
[img1.wsimg.com/fos/btn/1/btn_compare.gif]
[img1.wsimg.com/fos/hdr/1/hdr_logos.gif]
[img1.wsimg.com/fos/img/43245_boxleft.gif]
[img1.wsimg.com/fos/img/43245_boxmid.gif]
[img1.wsimg.com/fos/img/43245_boxright.gif]
[img1.wsimg.com/fos/txt/43245_needhelp.png]
[img1.wsimg.com/fos/hdr/1/43245_GD_reg_and_nonUS.jpg]
[img1.wsimg.com/fos/ban/43245_save_banner.png]
[img1.wsimg.com/fos/img/43245_50per_burst.gif]
[www.godaddy.com/gdshop/ssl/ssl_opensourcef458.html]
[www.godaddy.com/ssl/JsonContent/GetMultiDomainsPlanList.json]
[img1.wsimg.com/fos/pdf/Why-you-need-SSL_GD_v21070.pdf]
[img1.wsimg.com/fos/pdf/SSL_WhybuyGDSSL824c.pdf]
[img1.wsimg.com/fos/pdf/SGC_WhyDontNeedSGC8c3d.pdf]
[img3.wsimg.com/fos/script/atlantis_jquery7.min.js]
[www.godaddy.com/ssl/ssl-extended-validation.html]
[www.godaddy.com/ssl/ssl-certificates.html]
[www.godaddy.com/ssl/ssl-certificatese8c3.html]
[img1.wsimg.com/fos/bkg/1/43407_hdr.jpg]
[www.godaddy.com/reseller/domain-reseller-api3eb9.html]
[www.godaddy.com/reseller/domain-reseller.html]
[www.godaddy.com/reseller/domain-reseller4bce.html]
[www.godaddy.com/Affiliates/affiliate-program-2.html]
[img1.wsimg.com/fos/base/1/52403_base_product_pannel3_on.png]
[img1.wsimg.com/fos/hdr/1/52403_hdr.jpg]
[img1.wsimg.com/fos/bkg/1/52403_grey_rounded_border_top.gif]
[img1.wsimg.com/fos/bkg/1/52403_bkg_subcontent_mid.gif]
[img1.wsimg.com/fos/bkg/1/52403_grey_rounded_border_bot.gif]
[img1.wsimg.com/fos/btn/1/39500_gdlogin.jpg]
[img1.wsimg.com/fos/btn/1/39500_gdwatch.jpg]
[img1.wsimg.com/fos/btn/1/btn_join_cj.png]
[img1.wsimg.com/fos/btn/1/btn_join_google.png]
[img1.wsimg.com/fos/btn/1/btn_join_linkshare.png]
[img1.wsimg.com/fos/icn/1/img_checkmark_21x18.gif]
[www.godaddy.com/affiliates/affiliate-program.html]
[www.godaddy.com/affiliates/affiliate-program2483.html]
[www.godaddy.com/domains/searchc15f.html]
[img1.wsimg.com/aaa/transfers/1/hdr_dyprice3.gif]
[www.godaddy.com/WebResourcea6ea.css]
[img1.wsimg.com/aaa/common/1/img_seal.gif]
[img1.wsimg.com/aaa/common/1/bul_li.gif]
[www.godaddy.com/about/godaddy-valuef783.html]
[products.secureserver.net/products/domain_transfers/transfer_domain_register_com.pdf]
[img1.wsimg.com/aaa/common/1/bkg_greengrad.gif]
[img1.wsimg.com/aaa/common/1/bkg_1_ltgreengrad.gif]
[img1.wsimg.com/aaa/common/1/bkg_dkgraygrad.gif]
[img1.wsimg.com/aaa/common/1/bkg_ltgraygrad.gif]
[img1.wsimg.com/aaa/common/1/bkg_2_ltgraygrad.gif]
[img1.wsimg.com/aaa/common/1/bkg_3_ltgraygrad.gif]
[products.secureserver.net/products/domain_transfers/transferinsider.pdf]
[img1.wsimg.com/aaa/common/1/bkg_4_ltgraygrad.gif]
[img1.wsimg.com/aaa/help/1/icn_quickhelp.gif]
[img1.wsimg.com/fos/btn/1/49314_go.gif]
[www.godaddy.com/domains/bulk-domain-transfer9e31.html]
[img1.wsimg.com/aaa/common/1/icn_icann.gif]
[www.godaddy.com/Domains/TransfersConciergee0de.html]
[www.godaddy.com/gdshop/jump_pages/chartdca0.html]
[img1.wsimg.com/assets/txt_save.gif]
[www.godaddy.com/gdshop/jump_pages/chart91a8.html]
[www.godaddy.com/domainaddon/private-registration2f87.html]
[www.godaddy.com/domains/domain-transferbc52.js]
[www.godaddy.com/ScriptResource4904.axd]
[www.godaddy.com/domains/domain-transfer317f.js]
[www.godaddy.com/ScriptResourcea6f3.axd]
[www.godaddy.com/domains/domain-transfer6d20.html]
[www.godaddy.com/domains/domain-transfer.html]
[www.godaddy.com/WebResource30d5.css]
[www.godaddy.com/WebResource66fd.axd]
[img1.wsimg.com/aaa/registrar/bulk/25653_bkg_bulkreg.gif]
[www.godaddy.com/gdshop/jump_pages/chart359b.html]
[img1.wsimg.com/aaa/registrar/search/1/bul_arrow_sm.gif]
[img1.wsimg.com/fos/btn/1/49314_search.gif]
[img1.wsimg.com/aaa/registrar/bulk/22468_icn_ddc.gif]
[www.godaddy.com/gdshop/jump_pages/chart5ce0.html]
[www.godaddy.com/domains/searchaf45.html]
[www.godaddy.com/about/cheap-domain-names47b3.html]
[www.godaddy.com/domainaddon/private-registration0efe.html]
[www.godaddy.com/domains/domain_offer9fbb.html]
[img1.wsimg.com/aaa/common/1/txt_extras.png]
[www.godaddy.com/domains/domain_offer274c.html]
[www.godaddy.com/domains/domain-transfer98d1.html]
[www.godaddy.com/domainaddon/domain-alert231a.html]
[www.godaddy.com/domainaddon/domain-alert4c6e.html]
[www.godaddy.com/domains/bulkprices8caf.html]
[www.godaddy.com/domains/searchbulk317c.html]
[www.godaddy.com/domains/bulk-domain-transfereee7.html]
[www.godaddy.com/auctions/domain-auctions66a0.html]
[www.godaddy.com/auctions/domain-auctionse067.html]
[www.godaddy.com/domains/searchidne48b.html]
[img1.wsimg.com/assets/bul/bul_minus.gif]
[img1.wsimg.com/fos/ban/1/32250_ban_dotus.jpg]
[img1.wsimg.com/fos/ban/1/32250_ban_dotinfo.jpg]
[img1.wsimg.com/fos/ban/1/36578_ban_bulkreg_geo.gif]
[www.godaddy.com/domains/searchbulkbc52.js]
[www.godaddy.com/domains/searchbulk317f.js]
[www.godaddy.com/domains/searchbulk98b4.html]
[www.godaddy.com/domains/searchbulk984d.js]
[www.godaddy.com/domains/searchbulk.html]
[img1.wsimg.com/aaa/transfers/1/img_step1.gif]
[img1.wsimg.com/aaa/transfers/1/log_icann_sm.gif]
[img1.wsimg.com/aaa/header/icn_freeprivacy_hdr1.gif]
[www.godaddy.com/Domains/discount-domainseade.html]
[www.godaddy.com/domains/search61e0.html]
[www.godaddy.com/domains/bulk-domain-transferbc52.js]
[www.godaddy.com/domains/bulk-domain-transfer317f.js]
[www.godaddy.com/domains/bulk-domain-transfercd2c.html]
[www.godaddy.com/domains/bulk-domain-transfer.html]
[img1.wsimg.com/aaa/registrar/hdr_idn.gif]
[www.godaddy.com/domains/searchidnbulk7874.html]
[img1.wsimg.com/aaa/registrar/1/bkgr_deal.gif]
[img1.wsimg.com/aaa/registrar/1/bkgr_save.gif]
[img1.wsimg.com/assets/txt_ws.gif]
[www.godaddy.com/gdshop/jump_pages/chart8621.html]
[www.godaddy.com/domains/searchidnbc52.js]
[www.godaddy.com/domains/searchidn317f.js]
[www.godaddy.com/domains/searchidnacd1.html]
[www.godaddy.com/domains/searchidn.html]
[img1.wsimg.com/aaa/club/1/img_priceburst.gif]
[img1.wsimg.com/aaa/common/1/img_number_1.gif]
[img1.wsimg.com/aaa/common/1/img_number_2.gif]
[img1.wsimg.com/aaa/common/1/img_number_3.gif]
[img1.wsimg.com/aaa/common/1/img_number_4.gif]
[img1.wsimg.com/aaa/club/1/ddc_header_classic.jpg]
[www.godaddy.com/parking/domain-name-parkingf51e.html]
[www.godaddy.com/auctions/domain-auctions1391.html]
[www.godaddy.com/domains/domain-brokerc30b.html]
[img1.wsimg.com/aaa/common/1/btn_addtocart.png]
[img1.wsimg.com/aaa/sb/tab_left.gif]
[img1.wsimg.com/aaa/sb/tab_left_grey.gif]
[img1.wsimg.com/aaa/sb/tab_right.gif]
[img1.wsimg.com/aaa/sb/tab_right_grey.gif]
[img1.wsimg.com/aaa/club/1/img_goldburst.gif]
[www.godaddy.com/Payment/payment-options0bfb.html]
[www.godaddy.com/gdshop/prepayment/wiring3562.html]
[www.godaddy.com/Agreements/ShowDoc0f25.html]
[www.godaddy.com/Domains/discount-domains62e0.html]
[www.godaddy.com/Domains/discount-domains.html]
[img1.wsimg.com/aaa/broker/1/hdr_dombuy3.png]
[img1.wsimg.com/aaa/transfers/1/but_go.gif]
[www.godaddy.com/domains/domain-broker1b24.html]
[www.godaddy.com/domains/domain-broker.html]
[img1.wsimg.com/aaa/registrar/free/img_lrgylwbrst_grey.gif]
[img1.wsimg.com/aaa/park/1/hdr_cashparking3.gif]
[img1.wsimg.com/aaa/park/icn_domainerschoice_lp.png]
[www.godaddy.com/parking/parking-details86d4.html]
[img1.wsimg.com/aaa/common/1/img_number_5.gif]
[www.godaddy.com/parking/parking-details97d7.html]
[www.godaddy.com/agreements/showdoc80b0.html]
[img1.wsimg.com/aaa/park/46290_rsb_quickcontent.gif]
[www.godaddy.com/parking/domain-name-parkingd6fb.html]
[www.godaddy.com/parking/domain-name-parking.html]
[img1.wsimg.com/aaa/park/img_sample_bkgd.jpg]
[img1.wsimg.com/fos/ban/ban_talktoexpert.gif]
[img1.wsimg.com/aaa/park/1/hdr_cstmpghdr_lp_dreamteam3_55100.gif]
[www.godaddy.com/parking/custom-parkbc58.html]
[www.godaddy.com/parking/custom-park.html]
[img1.wsimg.com/aaa/dna/hdr_auctionslp.gif]
[img1.wsimg.com/aaa/dna/icn_grnarrow_hdr.gif]
[img1.wsimg.com/aaa/dna/img_escrowcom.gif]
[www.godaddy.com/auctions/domain-auctions2928.html]
[www.godaddy.com/auctions/domain-auctions.html]
[www.godaddy.com/domainaddon/domain-alertd1b1.html]
[img1.wsimg.com/aaa/dbp/1/bnr_privatereg.gif]
[img1.wsimg.com/aaa/dbp/1/img_logo_icann.gif]
[img1.wsimg.com/aaa/common/1/but_search_go.gif]
[img1.wsimg.com/aaa/dbp/icn_save_ylw.gif]
[www.godaddy.com/domainaddon/private-registration844d.html]
[www.godaddy.com/domainaddon/private-registration.html]
[img1.wsimg.com/aaa/deluxe_whois/1/hdr_busreg3.gif]
[img1.wsimg.com/aaa/deluxe_whois/1/busreg_thumb.gif]
[img1.wsimg.com/aaa/deluxe_whois/1/icn_arrow1.gif]
[www.godaddy.com/auctions/domain-auctions0c05.html]
[www.godaddy.com/appraisal/domain-appraisal8793.html]
[www.godaddy.com/domainaddon/business-registration65a5.html]
[www.godaddy.com/domainaddon/business-registration.html]
[img1.wsimg.com/aaa/deluxe_whois/hdr_globe.gif]
[img1.wsimg.com/aaa/deluxe_whois/1/hdr_txt.gif]
[img1.wsimg.com/aaa/common/1/bul_square_FE9900.gif]
[www.godaddy.com/auctions/domain-auctions6eb7.html]
[www.godaddy.com/appraisal/domain-appraisal9315.html]
[www.godaddy.com/domainaddon/private-registrationae3f.html]
[www.godaddy.com/domainaddon/private-registration46de.html]
[www.godaddy.com/domainaddon/deluxe-registration8a3d.html]
[www.godaddy.com/domainaddon/deluxe-registration.html]
[img1.wsimg.com/aaa/protect/1/hdr_protectedreg.gif]
[www.godaddy.com/domainaddon/business-registration5fd7.html]
[www.godaddy.com/domainaddon/private-registrationd53f.html]
[www.godaddy.com/domainaddon/protected-registration9c12.html]
[www.godaddy.com/domainaddon/protected-registration.html]
[img1.wsimg.com/aaa/validation/1/btn_addnow.gif]
[www.godaddy.com/Domains/certified-domains-2.html]
[img1.wsimg.com_/aaa/validation/24600_img_bnr_cert_blank.gif]
[img1.wsimg.com_/aaa/validation/1/siteseal_update.gif]
[img1.wsimg.com/aaa/validation/1/img_arrow.gif]
[img1.wsimg.com/aaa/validation/1/btn_search.gif]
[img1.wsimg.com/aaa/validation/img_or.gif]
[www.godaddy.com/domains/certified-domains8b60.html]
[www.godaddy.com/domains/certified-domains.html]
[img1.wsimg.com/aaa/premium/is_avail_grn.gif]
[img1.wsimg.com/aaa/premium/not_avail_red.gif]
[img1.wsimg.com/aaa/common/1/spinner.gif]
[img1.wsimg.com/aaa/premium/hdr_premlisting_updated.jpg]
[img1.wsimg.com/aaa/premium/img_premdmn_thmbnl_updated.jpg]
[img1.wsimg.com/aaa/super/1/but_addnow.png]
[www.godaddy.com/domainaddon/premium-listing020a.html]
[www.godaddy.com/domainaddon/premium-listing.html]
[img1.wsimg.com/fos/hdr/1/hdr_domainalert2.png]
[www.godaddy.com/auctions/domain-auctionsa102.html]
[www.godaddy.com/domainaddon/domain-alertb771.html]
[www.godaddy.com/domains/domain_offer46ce.html]
[www.godaddy.com/domainaddon/domain-alert.html]
[www.godaddy.com/domainaddon/domain-alertc2a2.html]
[img1.wsimg.com/fos/bkg/1/41112_bkg_maincontent_top.gif]
[img1.wsimg.com/fos/bkg/1/41112_bkg_tabtop_active.gif]
[img1.wsimg.com/fos/bkg/1/41112_bkg_tabtop_inactive.gif]
[img1.wsimg.com/fos/hdr/1/55467_hdr.jpg]
[img1.wsimg.com/fos/bkg/1/41112_bkg_plangrn_topl.gif]
[img1.wsimg.com/fos/bkg/1/41112_bkg_plangrn_topm.gif]
[www.godaddy.com/domains/dns-hosting9f65.html]
[www.godaddy.com/domains/dns-hosting.html]
[www.godaddy.com/hosting/web-hosting3e29.html]
[www.godaddy.com/hosting/wordpress-hosting0d09.html]
[www.godaddy.com/hosting/wordpress-hosting.html]
[www.godaddy.com/blog/blog-software6320.html]
[www.godaddy.com/blog/blog-software.html]
[www.godaddy.com/hosting/virtual-dedicated-servers84dd.html]
[www.godaddy.com/hosting/virtual-dedicated-servers.html]
[www.godaddy.com/hosting/dedicated-servers7097.html]
[www.godaddy.com/hosting/dedicated-servers.html]
[www.godaddy.com/hosting/mac-hostingb45e.html]
[www.godaddy.com/hosting/mac-hosting.html]
[www.godaddy.com/ssl/static-ip90f2.html]
[www.godaddy.com/ssl/static-ip.html]
[www.godaddy.com/hosting/metropolis7772.html]
[www.godaddy.com/hosting/metropolis.html]
[www.godaddy.com/hosting/website-analytics4efa.html]
[www.godaddy.com/hosting/website-analytics.html]
[www.godaddy.com/search-engine/seo-servicese52b.html]
[www.godaddy.com/security/website-securityc0b4.html]
[www.godaddy.com/security/website-security.html]
[www.godaddy.com/email/email-hosting4bf7.html]
[www.godaddy.com/email/hosted-exchangef24a.html]
[www.godaddy.com/email/hosted-exchange.html]
[www.godaddy.com/calendar/online-calendarf342.html]
[www.godaddy.com/calendar/online-calendar.html]
[www.godaddy.com/email/internet-faxbf98.html]
[www.godaddy.com/email/internet-fax.html]
[www.godaddy.com/email/online-file-storage903e.html]
[www.godaddy.com/email/online-file-storage.html]
[www.godaddy.com/business/email-marketing3e4a.html]
[www.godaddy.com/business/email-marketing.html]
[www.godaddy.com/hosting/website-builder0ed2.html]
[www.godaddy.com/ecommerce/shopping-cartbad7.html]
[www.godaddy.com/ecommerce/shopping-cart.html]
[www.godaddy.com/websites/create-a-website0585.html]
[www.godaddy.com/websites/create-a-website.html]
[www.godaddy.com/blog/blog-software5bf3.html]
[www.godaddy.com/business/video-me63ad.html]
[www.godaddy.com/business/video-me.html]
[www.godaddy.com/design/web-designad6c.html]
[www.godaddy.com/design/web-design.html]
[www.godaddy.com/design/web-store-design54eb.html]
[www.godaddy.com/design/web-store-design.html]
[www.godaddy.com/ecommerce/merchant-accounts2119.html]
[www.godaddy.com/ecommerce/merchant-accounts.html]
[www.godaddy.com/hosting/website-analytics10d2.html]
[www.godaddy.com/search-engine/seo-servicesaa59.html]
[www.godaddy.com/security/website-security1331.html]
[www.godaddy.com/Business/online-businessec73.html]
[www.godaddy.com/Business/online-business.html]
[www.godaddy.com/Business/business-hostingb2de.html]
[www.godaddy.com/Business/business-hosting.html]
[www.godaddy.com/ecommerce/shopping-cart1d4a.html]
[www.godaddy.com/ecommerce/merchant-accounts3a5c.html]
[www.godaddy.com/design/brand-identity9f3c.html]
[www.godaddy.com/design/brand-identity.html]
[www.godaddy.com/design/logo-designd374.html]
[www.godaddy.com/design/logo-design.html]
[www.godaddy.com/search-engine/seo-services3b34.html]
[www.godaddy.com/business/email-marketing87e1.html]
[www.godaddy.com/business/social-networking9dee.html]
[www.godaddy.com/business/social-networking.html]
[www.godaddy.com/design/custom-bannerfdfe.html]
[www.godaddy.com/design/custom-banner.html]
[www.godaddy.com/ssl/ssl-certificatesa458.html]
[www.godaddy.com/ssl/code-signing-certificate276e.html]
[www.godaddy.com/ssl/code-signing-certificate.html]
[www.godaddy.com/security/website-security71b9.html]
[www.godaddy.com/domains/dns-hosting070d.html]
[www.godaddy.com/domainaddon/premium-listing8bf8.html]
[www.godaddy.com/appraisal/domain-appraisalf360.html]
[www.godaddy.com/appraisal/domain-appraisal.html]
[www.godaddy.com/reseller/domain-reselleree1e.html]
[www.godaddy.com/reseller/domain-reseller-api3932.html]
[www.godaddy.com/reseller/domain-reseller-api.html]
[www.godaddy.com/affiliates/affiliate-programe10c.html]
[www.godaddy.com/tlds/orgf4a2.html]
[www.godaddy.com/tlds/net66c0.html]
[www.godaddy.com/tlds/info2eb6.html]
[www.godaddy.com/legal/disclaimers1fae.html]
[www.godaddy.com/domains/search338f.html]
[www.godaddy.com/catalogf695.html]
[www.godaddy.com/productadvisor/pastartdcd5.html]
[www.godaddy.com/gift/gift-cards570f.html]
[www.godaddy.com/business/mobile-app10a8.html]
[www.godaddy.com/icann/domain_search9aeb.html]
[www.godaddy.com/affiliates/affiliate-program508c.html]
[www.godaddy.com/SocialMedia/social-media1d82.html]
[www.godaddy.com/about/customer-linkb394.html]
[www.godaddy.com/site-map391b.html]
[www.godaddy.com/community/contactusbea4.html]
[www.godaddy.com/jobs/defaultf25b.html]
[www.godaddy.com/about/about-godaddy5f8f.html]
[www.godaddy.com/gdshop/news/default9446.html]
[www.godaddy.com/about/testimonials0a32.html]
[www.godaddy.com/about/advertising-opportunities539c.html]
[www.godaddy.com/about/advertising-opportunities3e71.html]
[www.godaddy.com/scholarship/defaultea17.html]
[www.godaddy.com/Agreements/ShowDoca038.html]
[www.godaddy.com/Agreements/ShowDoc206c.html]
[www.godaddy.com/Legal-Agreementsece1.html]
[www.godaddy.com/Agreements/ShowDoc02e5.html]
[www.godaddy.com/about/godaddy-chinese.html]
[www.godaddy.com/tlds/info05b1.html]
[www.godaddy.com/tlds/neta61b.html]
[www.godaddy.com/tlds/org6d35.html]
[www.godaddy.com/tlds/co-domainf2ab.html]
[www.godaddy.com/domains/domain-transfer0b65.html]
[www.godaddy.com/domains/searchidnd192.html]
[www.godaddy.com/domains/domain_offer39a8.html]
[www.godaddy.com/domainaddon/domain-alertac8c.html]
[www.godaddy.com/domains/searchbulk8545.html]
[www.godaddy.com/domains/bulk-domain-transfera939.html]
[www.godaddy.com/gdshop/jump_pages/abandon_domainf7f6.html]
[www.godaddy.com/Payment/payment-optionseeb1.html]
[www.godaddy.com/default2f80.html]
[www.godaddy.com/sso/keepaliveb63d.html]
[www.godaddy.com/ScriptResourcec188.js]
[www.godaddy.com/tlds/info9521.html]
[www.godaddy.com/tlds/netf692.html]
[www.godaddy.com/tlds/org4e30.html]
[www.godaddy.com/tlds/me27dc.html]
[www.godaddy.com/tlds/mobib448.html]
[www.godaddy.com/tlds/us7aee.html]
[www.godaddy.com/tlds/bizfc46.html]
[www.godaddy.com/tlds/asia8c80.html]
[www.godaddy.com/hosting/hosting33d2.html]
[www.godaddy.com/Hosting/virtual-dedicated-servers-2.html]
[www.godaddy.com/Hosting/dedicated-servers-2.html]
[www.godaddy.com/gdshop/ssl/ssl_opensourcef458.html]
[www.godaddy.com/ssl/ssl-extended-validation.html]
[www.godaddy.com/reseller/domain-reseller-api3eb9.html]
[www.godaddy.com/Affiliates/affiliate-program-2.html]
[www.godaddy.com/WebResourcea6ea.css]
[www.godaddy.com/about/godaddy-valuef783.html]
[www.godaddy.com/domains/bulk-domain-transfer9e31.html]
[www.godaddy.com/Domains/TransfersConciergee0de.html]
[www.godaddy.com/gdshop/jump_pages/chartdca0.html]
[www.godaddy.com/gdshop/jump_pages/chart91a8.html]
[www.godaddy.com/domainaddon/private-registration2f87.html]
[www.godaddy.com/domains/domain-transferbc52.js]
[www.godaddy.com/domains/domain-transfer317f.js]
[www.godaddy.com/WebResource30d5.css]
[www.godaddy.com/gdshop/jump_pages/chart359b.html]
[www.godaddy.com/gdshop/jump_pages/chart5ce0.html]
[www.godaddy.com/domains/searchaf45.html]
[www.godaddy.com/about/cheap-domain-names47b3.html]
[www.godaddy.com/domainaddon/private-registration0efe.html]
[www.godaddy.com/domains/domain_offer9fbb.html]
[www.godaddy.com/domains/domain_offer274c.html]
[www.godaddy.com/domains/domain-transfer98d1.html]
[www.godaddy.com/domainaddon/domain-alert231a.html]
[www.godaddy.com/domainaddon/domain-alert4c6e.html]
[www.godaddy.com/domains/bulkprices8caf.html]
[www.godaddy.com/domains/searchbulk317c.html]
[www.godaddy.com/domains/bulk-domain-transfereee7.html]
[www.godaddy.com/auctions/domain-auctions66a0.html]
[www.godaddy.com/auctions/domain-auctionse067.html]
[www.godaddy.com/domains/searchidne48b.html]
[www.godaddy.com/domains/searchbulkbc52.js]
[www.godaddy.com/domains/searchbulk317f.js]
[www.godaddy.com/domains/searchbulk984d.js]
[www.godaddy.com/Domains/discount-domainseade.html]
[www.godaddy.com/domains/search61e0.html]
[www.godaddy.com/domains/bulk-domain-transferbc52.js]
[www.godaddy.com/domains/bulk-domain-transfer317f.js]
[www.godaddy.com/domains/searchidnbulk7874.html]
[www.godaddy.com/gdshop/jump_pages/chart8621.html]
[www.godaddy.com/domains/searchidnbc52.js]
[www.godaddy.com/domains/searchidn317f.js]
[www.godaddy.com/parking/domain-name-parkingf51e.html]
[www.godaddy.com/auctions/domain-auctions1391.html]
[www.godaddy.com/domains/domain-brokerc30b.html]
[www.godaddy.com/Payment/payment-options0bfb.html]
[www.godaddy.com/gdshop/prepayment/wiring3562.html]
[www.godaddy.com/Agreements/ShowDoc0f25.html]
[www.godaddy.com/parking/parking-details86d4.html]
[www.godaddy.com/parking/parking-details97d7.html]
[www.godaddy.com/agreements/showdoc80b0.html]
[www.godaddy.com/domainaddon/domain-alertd1b1.html]
[www.godaddy.com/auctions/domain-auctions0c05.html]
[www.godaddy.com/appraisal/domain-appraisal8793.html]
[www.godaddy.com/auctions/domain-auctions6eb7.html]
[www.godaddy.com/appraisal/domain-appraisal9315.html]
[www.godaddy.com/domainaddon/private-registrationae3f.html]
[www.godaddy.com/domainaddon/private-registration46de.html]
[www.godaddy.com/domainaddon/business-registration5fd7.html]
[www.godaddy.com/domainaddon/private-registrationd53f.html]
[www.godaddy.com/Domains/certified-domains-2.html]
[www.godaddy.com/auctions/domain-auctionsa102.html]
[www.godaddy.com/email/email-hosting9f51.html]
[www.godaddy.com/domains/domain_offer46ce.html]
[img2.wsimg.com/fos/css/1/sales_http_20110128ak.css]
[img2.wsimg.com/pc_css/1/gd_20110115_http.min.css]
[img1.wsimg.com/fos/btn/1/btn_tabs_sprite.html]
[img3.wsimg.com/AtlantisScripts/jquery/jquery-1.3.2.min.js]
[img3.wsimg.com/pc/js/1/gd_js_20110203.min.js]
[img3.wsimg.com/fos/script/QuickBuyInsert8.min.js]
[img3.wsimg.com/fos/script/atlantis_jquery8.min.js]
[img3.wsimg.com/fos/script/ProductAdvisor5.min.js]
[img3.wsimg.com/fos/script/ViewExtensionsInsert7.min.js]
[img3.wsimg.com/fos/script/jquery.tablesorter.min.js]
[img3.wsimg.com/fastball/js_lib/FastballLibrary0005e42d.js]
[img3.wsimg.com/fos/script/sales13.min.js]
[img3.wsimg.com/fos/script/atlantis_jquery8.js]
[imagesak.securepaynet.net/css/20090113_1.css]
[imagesak.securepaynet.net/AtlantisScripts/jquery/jquery-1.3.1.min.js]
[img.godaddy.com/JS_Lib/traffic.js]
[img3.wsimg.com/AtlantisScripts/jquery/jquery-1.3.1.min.js]
[img3.wsimg.com/AtlantisScripts/jquery/jquery-1.5.min.js]
[img3.wsimg.com/fos/script/atlantis_jquery7.min.js]
